../Core/Inc/lfs_util.h:126:24:lfs_max	16	static
../Core/Inc/lfs_util.h:130:24:lfs_min	16	static
../Core/Inc/lfs_util.h:135:24:lfs_aligndown	16	static
../Core/Inc/lfs_util.h:139:24:lfs_alignup	16	static
../Core/Inc/lfs_util.h:144:24:lfs_npw2	16	static
../Core/Inc/lfs_util.h:161:24:lfs_ctz	16	static
../Core/Inc/lfs_util.h:170:24:lfs_popc	16	static
../Core/Inc/lfs_util.h:182:19:lfs_scmp	16	static
../Core/Inc/lfs_util.h:187:24:lfs_fromle32	16	static
../Core/Inc/lfs_util.h:205:24:lfs_tole32	16	static
../Core/Inc/lfs_util.h:210:24:lfs_frombe32	16	static
../Core/Inc/lfs_util.h:228:24:lfs_tobe32	16	static
../Core/Inc/lfs_util.h:245:21:lfs_malloc	16	static
../Core/Inc/lfs_util.h:257:20:lfs_free	16	static
../Core/Src/lfs.c:31:20:lfs_cache_drop	16	static
../Core/Src/lfs.c:38:20:lfs_cache_zero	16	static
../Core/Src/lfs.c:44:12:lfs_bd_read	56	static
../Core/Src/lfs.c:128:12:lfs_bd_cmp	72	static
../Core/Src/lfs.c:155:12:lfs_bd_crc	64	static
../Core/Src/lfs.c:177:12:lfs_bd_flush	64	static
../Core/Src/lfs.c:212:12:lfs_bd_sync	32	static
../Core/Src/lfs.c:228:12:lfs_bd_prog	40	static
../Core/Src/lfs.c:276:12:lfs_bd_erase	24	static
../Core/Src/lfs.c:288:26:lfs_path_namelen	16	static
../Core/Src/lfs.c:292:20:lfs_path_islast	24	static
../Core/Src/lfs.c:297:20:lfs_path_isdir	16	static
../Core/Src/lfs.c:302:20:lfs_pair_swap	24	static
../Core/Src/lfs.c:308:20:lfs_pair_isnull	16	static
../Core/Src/lfs.c:312:19:lfs_pair_cmp	16	static
../Core/Src/lfs.c:319:20:lfs_pair_issync	16	static
../Core/Src/lfs.c:326:20:lfs_pair_fromle32	24	static
../Core/Src/lfs.c:332:20:lfs_pair_tole32	24	static
../Core/Src/lfs.c:351:20:lfs_tag_isvalid	16	static
../Core/Src/lfs.c:355:20:lfs_tag_isdelete	16	static
../Core/Src/lfs.c:359:24:lfs_tag_type1	16	static
../Core/Src/lfs.c:363:24:lfs_tag_type2	16	static
../Core/Src/lfs.c:367:24:lfs_tag_type3	16	static
../Core/Src/lfs.c:371:23:lfs_tag_chunk	16	static
../Core/Src/lfs.c:375:22:lfs_tag_splice	16	static
../Core/Src/lfs.c:379:24:lfs_tag_id	16	static
../Core/Src/lfs.c:383:26:lfs_tag_size	16	static
../Core/Src/lfs.c:387:26:lfs_tag_dsize	16	static
../Core/Src/lfs.c:407:20:lfs_gstate_xor	16	static
../Core/Src/lfs.c:413:20:lfs_gstate_iszero	16	static
../Core/Src/lfs.c:420:20:lfs_gstate_hasorphans	16	static
../Core/Src/lfs.c:424:23:lfs_gstate_getorphans	16	static
../Core/Src/lfs.c:428:20:lfs_gstate_hasmove	16	static
../Core/Src/lfs.c:433:20:lfs_gstate_needssuperblock	16	static
../Core/Src/lfs.c:437:20:lfs_gstate_hasmovehere	16	static
../Core/Src/lfs.c:442:20:lfs_gstate_fromle32	16	static
../Core/Src/lfs.c:449:20:lfs_gstate_tole32	16	static
../Core/Src/lfs.c:462:13:lfs_fcrc_fromle32	16	static
../Core/Src/lfs.c:468:13:lfs_fcrc_tole32	16	static
../Core/Src/lfs.c:475:13:lfs_ctz_fromle32	16	static
../Core/Src/lfs.c:481:13:lfs_ctz_tole32	16	static
../Core/Src/lfs.c:487:20:lfs_superblock_fromle32	16	static
../Core/Src/lfs.c:497:20:lfs_superblock_tole32	16	static
../Core/Src/lfs.c:508:13:lfs_mlist_isopen	24	static
../Core/Src/lfs.c:520:13:lfs_mlist_remove	24	static
../Core/Src/lfs.c:529:13:lfs_mlist_append	16	static
../Core/Src/lfs.c:535:17:lfs_fs_disk_version	16	static
../Core/Src/lfs.c:547:17:lfs_fs_disk_version_major	16	static
../Core/Src/lfs.c:552:17:lfs_fs_disk_version_minor	16	static
../Core/Src/lfs.c:614:13:lfs_alloc_ckpoint	16	static
../Core/Src/lfs.c:620:13:lfs_alloc_drop	16	static
../Core/Src/lfs.c:627:12:lfs_alloc_lookahead	24	static
../Core/Src/lfs.c:641:12:lfs_alloc_scan	24	static
../Core/Src/lfs.c:666:12:lfs_alloc	32	static
../Core/Src/lfs.c:719:19:lfs_dir_getslice	72	static
../Core/Src/lfs.c:786:19:lfs_dir_get	40	static
../Core/Src/lfs.c:793:12:lfs_dir_getread	56	static
../Core/Src/lfs.c:852:12:lfs_dir_traverse_filter	40	static
../Core/Src/lfs.c:912:12:lfs_dir_traverse	272	static
../Core/Src/lfs.c:1107:19:lfs_dir_fetchmatch	168	static
../Core/Src/lfs.c:1387:12:lfs_dir_fetch	40	static
../Core/Src/lfs.c:1395:12:lfs_dir_getgstate	48	static
../Core/Src/lfs.c:1413:12:lfs_dir_getinfo	48	static
../Core/Src/lfs.c:1453:12:lfs_dir_find_match	72	static
../Core/Src/lfs.c:1483:19:lfs_dir_find	80	static
../Core/Src/lfs.c:1604:12:lfs_dir_commitprog	56	static
../Core/Src/lfs.c:1621:12:lfs_dir_commitattr	72	static
../Core/Src/lfs.c:1669:12:lfs_dir_commitcrc	104	static
../Core/Src/lfs.c:1815:12:lfs_dir_alloc	48	static
../Core/Src/lfs.c:1859:12:lfs_dir_drop	48	static
../Core/Src/lfs.c:1880:12:lfs_dir_split	80	static
../Core/Src/lfs.c:1915:12:lfs_dir_commit_size	32	static
../Core/Src/lfs.c:1932:12:lfs_dir_commit_commit	32	static
../Core/Src/lfs.c:1939:13:lfs_dir_needsrelocation	16	static
../Core/Src/lfs.c:1952:12:lfs_dir_compact	152	static
../Core/Src/lfs.c:2125:12:lfs_dir_splittingcompact	112	static
../Core/Src/lfs.c:2234:12:lfs_dir_relocatingcommit	168	static
../Core/Src/lfs.c:2408:12:lfs_dir_orphaningcommit	256	static
../Core/Src/lfs.c:2601:12:lfs_dir_commit	32	static
../Core/Src/lfs.c:2625:12:lfs_mkdir_	240	static
../Core/Src/lfs.c:2721:12:lfs_dir_open_	64	static
../Core/Src/lfs.c:2765:12:lfs_dir_close_	16	static
../Core/Src/lfs.c:2772:12:lfs_dir_read_	32	static
../Core/Src/lfs.c:2817:12:lfs_dir_seek_	32	static
../Core/Src/lfs.c:2854:19:lfs_dir_tell_	16	static
../Core/Src/lfs.c:2859:12:lfs_dir_rewind_	24	static
../Core/Src/lfs.c:2873:12:lfs_ctz_index	40	static
../Core/Src/lfs.c:2886:12:lfs_ctz_find	72	static
../Core/Src/lfs.c:2921:12:lfs_ctz_extend	80	static
../Core/Src/lfs.c:3020:12:lfs_ctz_traverse	72	static
../Core/Src/lfs.c:3065:12:lfs_file_opencfg_	120	static
../Core/Src/lfs.c:3238:12:lfs_file_open_	40	static
../Core/Src/lfs.c:3246:12:lfs_file_close_	24	static
../Core/Src/lfs.c:3266:12:lfs_file_relocate	64	static
../Core/Src/lfs.c:3337:12:lfs_file_outline	24	static
../Core/Src/lfs.c:3350:12:lfs_file_flush	136	static
../Core/Src/lfs.c:3431:12:lfs_file_sync_	72	static
../Core/Src/lfs.c:3492:20:lfs_file_flushedread	80	static
../Core/Src/lfs.c:3553:20:lfs_file_read_	32	static
../Core/Src/lfs.c:3572:20:lfs_file_flushedwrite	80	static
../Core/Src/lfs.c:3656:20:lfs_file_write_	48	static
../Core/Src/lfs.c:3700:19:lfs_file_seek_	48	static
../Core/Src/lfs.c:3753:12:lfs_file_truncate_	80	static
../Core/Src/lfs.c:3835:19:lfs_file_tell_	16	static
../Core/Src/lfs.c:3840:12:lfs_file_rewind_	24	static
../Core/Src/lfs.c:3849:19:lfs_file_size_	16	static
../Core/Src/lfs.c:3863:12:lfs_stat_	64	static
../Core/Src/lfs.c:3880:12:lfs_remove_	136	static
../Core/Src/lfs.c:3961:12:lfs_rename_	280	static
../Core/Src/lfs.c:4107:20:lfs_getattr_	88	static
../Core/Src/lfs.c:4141:12:lfs_commitattr	88	static
../Core/Src/lfs.c:4165:12:lfs_setattr_	32	static
../Core/Src/lfs.c:4176:12:lfs_removeattr_	32	static
../Core/Src/lfs.c:4198:12:lfs_init	64	static
../Core/Src/lfs.c:4371:12:lfs_deinit	16	static
../Core/Src/lfs.c:4391:12:lfs_format_	136	static
../Core/Src/lfs.c:4464:12:lfs_tortoise_detectcycles	16	static
../Core/Src/lfs.c:4482:12:lfs_mount_	152	static
../Core/Src/lfs.c:4647:12:lfs_unmount_	16	static
../Core/Src/lfs.c:4653:12:lfs_fs_stat_	88	static
../Core/Src/lfs.c:4693:5:lfs_fs_traverse_	144	static
../Core/Src/lfs.c:4796:12:lfs_fs_pred	56	static
../Core/Src/lfs.c:4835:12:lfs_fs_parent_match	72	static
../Core/Src/lfs.c:4856:19:lfs_fs_parent	88	static
../Core/Src/lfs.c:4888:13:lfs_fs_prepsuperblock	16	static
../Core/Src/lfs.c:4894:12:lfs_fs_preporphans	24	static
../Core/Src/lfs.c:4906:13:lfs_fs_prepmove	24	static
../Core/Src/lfs.c:4916:12:lfs_fs_desuperblock	104	static
../Core/Src/lfs.c:4955:12:lfs_fs_demove	96	static
../Core/Src/lfs.c:4991:12:lfs_fs_deorphan	216	static
../Core/Src/lfs.c:5122:12:lfs_fs_forceconsistency	24	static
../Core/Src/lfs.c:5143:12:lfs_fs_mkconsistent_	64	static
../Core/Src/lfs.c:5172:12:lfs_fs_size_count	24	static
../Core/Src/lfs.c:5179:20:lfs_fs_size_	24	static
../Core/Src/lfs.c:5191:12:lfs_fs_gc_	64	static
../Core/Src/lfs.c:5253:12:lfs_fs_grow_	104	static
../Core/Src/lfs.c:5971:5:lfs_format	24	static
../Core/Src/lfs.c:6001:5:lfs_mount	24	static
../Core/Src/lfs.c:6030:5:lfs_unmount	24	static
../Core/Src/lfs.c:6045:5:lfs_remove	24	static
../Core/Src/lfs.c:6061:5:lfs_rename	32	static
../Core/Src/lfs.c:6076:5:lfs_stat	32	static
../Core/Src/lfs.c:6090:13:lfs_getattr	40	static
../Core/Src/lfs.c:6107:5:lfs_setattr	40	static
../Core/Src/lfs.c:6125:5:lfs_removeattr	32	static
../Core/Src/lfs.c:6141:5:lfs_file_open	32	static
../Core/Src/lfs.c:6158:5:lfs_file_opencfg	40	static
../Core/Src/lfs.c:6178:5:lfs_file_close	24	static
../Core/Src/lfs.c:6194:5:lfs_file_sync	24	static
../Core/Src/lfs.c:6210:13:lfs_file_read	32	static
../Core/Src/lfs.c:6228:13:lfs_file_write	32	static
../Core/Src/lfs.c:6246:12:lfs_file_seek	32	static
../Core/Src/lfs.c:6264:5:lfs_file_truncate	32	static
../Core/Src/lfs.c:6281:12:lfs_file_tell	24	static
../Core/Src/lfs.c:6296:5:lfs_file_rewind	24	static
../Core/Src/lfs.c:6310:12:lfs_file_size	24	static
../Core/Src/lfs.c:6326:5:lfs_mkdir	24	static
../Core/Src/lfs.c:6341:5:lfs_dir_open	32	static
../Core/Src/lfs.c:6356:5:lfs_dir_close	24	static
../Core/Src/lfs.c:6370:5:lfs_dir_read	32	static
../Core/Src/lfs.c:6385:5:lfs_dir_seek	32	static
../Core/Src/lfs.c:6400:12:lfs_dir_tell	24	static
../Core/Src/lfs.c:6414:5:lfs_dir_rewind	24	static
../Core/Src/lfs.c:6428:5:lfs_fs_stat	24	static
../Core/Src/lfs.c:6442:13:lfs_fs_size	24	static
../Core/Src/lfs.c:6456:5:lfs_fs_traverse	32	static
../Core/Src/lfs.c:6472:5:lfs_fs_mkconsistent	24	static
../Core/Src/lfs.c:6488:5:lfs_fs_gc	24	static
../Core/Src/lfs.c:6504:5:lfs_fs_grow	24	static
