../Core/Src/main.c:90:5:lfs_read	40	static
../Core/Src/main.c:103:5:lfs_prog	48	static
../Core/Src/main.c:129:5:lfs_erase	24	static
../Core/Src/main.c:138:5:lfs_sync	16	static
../Core/Src/main.c:149:6:HAL_UARTEx_RxEventCallback	24	static
../Core/Src/main.c:174:6:writeFileNOR	8	static
../Core/Src/main.c:215:6:sendFileToPC	8	static
../Core/Src/main.c:256:5:main	320	static
../Core/Src/main.c:344:6:SystemClock_Config	88	static
../Core/Src/main.c:390:13:MX_SPI2_Init	8	static
../Core/Src/main.c:428:13:MX_USART1_UART_Init	8	static
../Core/Src/main.c:461:13:MX_USART3_UART_Init	8	static
../Core/Src/main.c:492:13:MX_DMA_Init	16	static
../Core/Src/main.c:513:13:MX_GPIO_Init	48	static
../Core/Src/main.c:549:6:Error_Handler	4	static,ignoring_inline_asm
