21:20:26 **** Incremental Build of configuration Debug for project DWINLCDTest ****
make -j16 all 
arm-none-eabi-gcc "../Core/Src/dwinlcd.c" -mcpu=cortex-m4 -std=gnu11 -g3 -DDEBUG -DUSE_HAL_DRIVER -DSTM32F407xx -c -I../Core/Inc -I../Drivers/STM32F4xx_HAL_Driver/Inc -I../Drivers/STM32F4xx_HAL_Driver/Inc/Legacy -I../Drivers/CMSIS/Device/ST/STM32F4xx/Include -I../Drivers/CMSIS/Include -O0 -ffunction-sections -fdata-sections -Wall -fstack-usage -fcyclomatic-complexity -MMD -MP -MF"Core/Src/dwinlcd.d" -MT"Core/Src/dwinlcd.o" --specs=nano.specs -mfpu=fpv4-sp-d16 -mfloat-abi=hard -mthumb -o "Core/Src/dwinlcd.o"
arm-none-eabi-gcc "../Core/Src/main.c" -mcpu=cortex-m4 -std=gnu11 -g3 -DDEBUG -DUSE_HAL_DRIVER -DSTM32F407xx -c -I../Core/Inc -I../Drivers/STM32F4xx_HAL_Driver/Inc -I../Drivers/STM32F4xx_HAL_Driver/Inc/Legacy -I../Drivers/CMSIS/Device/ST/STM32F4xx/Include -I../Drivers/CMSIS/Include -O0 -ffunction-sections -fdata-sections -Wall -fstack-usage -fcyclomatic-complexity -MMD -MP -MF"Core/Src/main.d" -MT"Core/Src/main.o" --specs=nano.specs -mfpu=fpv4-sp-d16 -mfloat-abi=hard -mthumb -o "Core/Src/main.o"
arm-none-eabi-gcc -o "DWINLCDTest.elf" @"objects.list"   -mcpu=cortex-m4 -T"C:\Users\Mohamad\Documents\GitHub\EmbeddedSystems_Practical\STM32F4\DWINLCDTest\STM32F407ZGTX_FLASH.ld" --specs=nosys.specs -Wl,-Map="DWINLCDTest.map" -Wl,--gc-sections -static --specs=nano.specs -mfpu=fpv4-sp-d16 -mfloat-abi=hard -mthumb -Wl,--start-group -lc -lm -Wl,--end-group
Finished building target: DWINLCDTest.elf
 
arm-none-eabi-size  DWINLCDTest.elf 
arm-none-eabi-objdump -h -S DWINLCDTest.elf  > "DWINLCDTest.list"
   text	   data	    bss	    dec	    hex	filename
  13660	     12	   1836	  15508	   3c94	DWINLCDTest.elf
Finished building: default.size.stdout
 
Finished building: DWINLCDTest.list
 

21:20:27 Build Finished. 0 errors, 0 warnings. (took 603ms)

