Archive member included to satisfy reference by file (symbol)

C:/ST/STM32CubeIDE_1.17.0/STM32CubeIDE/plugins/com.st.stm32cube.ide.mcu.externaltools.gnu-tools-for-stm32.13.3.rel1.win32_1.0.100.202509120712/tools/bin/../lib/gcc/arm-none-eabi/13.3.1/../../../../arm-none-eabi/lib/thumb/v7e-m+fp/hard\libc_nano.a(libc_a-assert.o)
                              ./Core/Src/lfs.o (__assert_func)
C:/ST/STM32CubeIDE_1.17.0/STM32CubeIDE/plugins/com.st.stm32cube.ide.mcu.externaltools.gnu-tools-for-stm32.13.3.rel1.win32_1.0.100.202509120712/tools/bin/../lib/gcc/arm-none-eabi/13.3.1/../../../../arm-none-eabi/lib/thumb/v7e-m+fp/hard\libc_nano.a(libc_a-exit.o)
                              C:/ST/STM32CubeIDE_1.17.0/STM32CubeIDE/plugins/com.st.stm32cube.ide.mcu.externaltools.gnu-tools-for-stm32.13.3.rel1.win32_1.0.100.202509120712/tools/bin/../lib/gcc/arm-none-eabi/13.3.1/../../../../arm-none-eabi/lib/thumb/v7e-m+fp/hard/crt0.o (exit)
C:/ST/STM32CubeIDE_1.17.0/STM32CubeIDE/plugins/com.st.stm32cube.ide.mcu.externaltools.gnu-tools-for-stm32.13.3.rel1.win32_1.0.100.202509120712/tools/bin/../lib/gcc/arm-none-eabi/13.3.1/../../../../arm-none-eabi/lib/thumb/v7e-m+fp/hard\libc_nano.a(libc_a-malloc.o)
                              ./Core/Src/lfs.o (malloc)
C:/ST/STM32CubeIDE_1.17.0/STM32CubeIDE/plugins/com.st.stm32cube.ide.mcu.externaltools.gnu-tools-for-stm32.13.3.rel1.win32_1.0.100.202509120712/tools/bin/../lib/gcc/arm-none-eabi/13.3.1/../../../../arm-none-eabi/lib/thumb/v7e-m+fp/hard\libc_nano.a(libc_a-mallocr.o)
                              C:/ST/STM32CubeIDE_1.17.0/STM32CubeIDE/plugins/com.st.stm32cube.ide.mcu.externaltools.gnu-tools-for-stm32.13.3.rel1.win32_1.0.100.202509120712/tools/bin/../lib/gcc/arm-none-eabi/13.3.1/../../../../arm-none-eabi/lib/thumb/v7e-m+fp/hard\libc_nano.a(libc_a-malloc.o) (_malloc_r)
C:/ST/STM32CubeIDE_1.17.0/STM32CubeIDE/plugins/com.st.stm32cube.ide.mcu.externaltools.gnu-tools-for-stm32.13.3.rel1.win32_1.0.100.202509120712/tools/bin/../lib/gcc/arm-none-eabi/13.3.1/../../../../arm-none-eabi/lib/thumb/v7e-m+fp/hard\libc_nano.a(libc_a-mlock.o)
                              C:/ST/STM32CubeIDE_1.17.0/STM32CubeIDE/plugins/com.st.stm32cube.ide.mcu.externaltools.gnu-tools-for-stm32.13.3.rel1.win32_1.0.100.202509120712/tools/bin/../lib/gcc/arm-none-eabi/13.3.1/../../../../arm-none-eabi/lib/thumb/v7e-m+fp/hard\libc_nano.a(libc_a-mallocr.o) (__malloc_lock)
C:/ST/STM32CubeIDE_1.17.0/STM32CubeIDE/plugins/com.st.stm32cube.ide.mcu.externaltools.gnu-tools-for-stm32.13.3.rel1.win32_1.0.100.202509120712/tools/bin/../lib/gcc/arm-none-eabi/13.3.1/../../../../arm-none-eabi/lib/thumb/v7e-m+fp/hard\libc_nano.a(libc_a-findfp.o)
                              C:/ST/STM32CubeIDE_1.17.0/STM32CubeIDE/plugins/com.st.stm32cube.ide.mcu.externaltools.gnu-tools-for-stm32.13.3.rel1.win32_1.0.100.202509120712/tools/bin/../lib/gcc/arm-none-eabi/13.3.1/../../../../arm-none-eabi/lib/thumb/v7e-m+fp/hard\libc_nano.a(libc_a-exit.o) (__stdio_exit_handler)
C:/ST/STM32CubeIDE_1.17.0/STM32CubeIDE/plugins/com.st.stm32cube.ide.mcu.externaltools.gnu-tools-for-stm32.13.3.rel1.win32_1.0.100.202509120712/tools/bin/../lib/gcc/arm-none-eabi/13.3.1/../../../../arm-none-eabi/lib/thumb/v7e-m+fp/hard\libc_nano.a(libc_a-fprintf.o)
                              C:/ST/STM32CubeIDE_1.17.0/STM32CubeIDE/plugins/com.st.stm32cube.ide.mcu.externaltools.gnu-tools-for-stm32.13.3.rel1.win32_1.0.100.202509120712/tools/bin/../lib/gcc/arm-none-eabi/13.3.1/../../../../arm-none-eabi/lib/thumb/v7e-m+fp/hard\libc_nano.a(libc_a-assert.o) (fiprintf)
C:/ST/STM32CubeIDE_1.17.0/STM32CubeIDE/plugins/com.st.stm32cube.ide.mcu.externaltools.gnu-tools-for-stm32.13.3.rel1.win32_1.0.100.202509120712/tools/bin/../lib/gcc/arm-none-eabi/13.3.1/../../../../arm-none-eabi/lib/thumb/v7e-m+fp/hard\libc_nano.a(libc_a-fwalk.o)
                              C:/ST/STM32CubeIDE_1.17.0/STM32CubeIDE/plugins/com.st.stm32cube.ide.mcu.externaltools.gnu-tools-for-stm32.13.3.rel1.win32_1.0.100.202509120712/tools/bin/../lib/gcc/arm-none-eabi/13.3.1/../../../../arm-none-eabi/lib/thumb/v7e-m+fp/hard\libc_nano.a(libc_a-findfp.o) (_fwalk_sglue)
C:/ST/STM32CubeIDE_1.17.0/STM32CubeIDE/plugins/com.st.stm32cube.ide.mcu.externaltools.gnu-tools-for-stm32.13.3.rel1.win32_1.0.100.202509120712/tools/bin/../lib/gcc/arm-none-eabi/13.3.1/../../../../arm-none-eabi/lib/thumb/v7e-m+fp/hard\libc_nano.a(libc_a-printf.o)
                              ./Core/Src/lfs.o (printf)
C:/ST/STM32CubeIDE_1.17.0/STM32CubeIDE/plugins/com.st.stm32cube.ide.mcu.externaltools.gnu-tools-for-stm32.13.3.rel1.win32_1.0.100.202509120712/tools/bin/../lib/gcc/arm-none-eabi/13.3.1/../../../../arm-none-eabi/lib/thumb/v7e-m+fp/hard\libc_nano.a(libc_a-sprintf.o)
                              ./Core/Src/main.o (sprintf)
[...]
Memory Configuration

Name             Origin             Length             Attributes
CCMRAM           0x10000000         0x00010000         xrw
RAM              0x20000000         0x00020000         xrw
FLASH            0x08000000         0x00100000         xr
*default*        0x00000000         0xffffffff

Linker script and memory map

LOAD C:/ST/STM32CubeIDE_1.17.0/STM32CubeIDE/plugins/com.st.stm32cube.ide.mcu.externaltools.gnu-tools-for-stm32.13.3.rel1.win32_1.0.100.202509120712/tools/bin/../lib/gcc/arm-none-eabi/13.3.1/thumb/v7e-m+fp/hard/crti.o
LOAD C:/ST/STM32CubeIDE_1.17.0/STM32CubeIDE/plugins/com.st.stm32cube.ide.mcu.externaltools.gnu-tools-for-stm32.13.3.rel1.win32_1.0.100.202509120712/tools/bin/../lib/gcc/arm-none-eabi/13.3.1/thumb/v7e-m+fp/hard/crtbegin.o
LOAD C:/ST/STM32CubeIDE_1.17.0/STM32CubeIDE/plugins/com.st.stm32cube.ide.mcu.externaltools.gnu-tools-for-stm32.13.3.rel1.win32_1.0.100.202509120712/tools/bin/../lib/gcc/arm-none-eabi/13.3.1/../../../../arm-none-eabi/lib/thumb/v7e-m+fp/hard/crt0.o
LOAD ./Core/Src/W25Qxx.o
LOAD ./Core/Src/lfs.o
LOAD ./Core/Src/lfs_util.o
LOAD ./Core/Src/main.o
LOAD ./Core/Src/stm32f4xx_hal_msp.o
LOAD ./Core/Src/stm32f4xx_it.o
LOAD ./Core/Src/syscalls.o
LOAD ./Core/Src/sysmem.o
LOAD ./Core/Src/system_stm32f4xx.o
LOAD ./Core/Startup/startup_stm32f407zgtx.o
LOAD ./Drivers/STM32F4xx_HAL_Driver/Src/stm32f4xx_hal.o
LOAD ./Drivers/STM32F4xx_HAL_Driver/Src/stm32f4xx_hal_cortex.o
LOAD ./Drivers/STM32F4xx_HAL_Driver/Src/stm32f4xx_hal_dma.o
LOAD ./Drivers/STM32F4xx_HAL_Driver/Src/stm32f4xx_hal_dma_ex.o
LOAD ./Drivers/STM32F4xx_HAL_Driver/Src/stm32f4xx_hal_exti.o
LOAD ./Drivers/STM32F4xx_HAL_Driver/Src/stm32f4xx_hal_flash.o
LOAD ./Drivers/STM32F4xx_HAL_Driver/Src/stm32f4xx_hal_flash_ex.o
LOAD ./Drivers/STM32F4xx_HAL_Driver/Src/stm32f4xx_hal_flash_ramfunc.o
LOAD ./Drivers/STM32F4xx_HAL_Driver/Src/stm32f4xx_hal_gpio.o
LOAD ./Drivers/STM32F4xx_HAL_Driver/Src/stm32f4xx_hal_pcd.o
LOAD ./Drivers/STM32F4xx_HAL_Driver/Src/stm32f4xx_hal_pcd_ex.o
LOAD ./Drivers/STM32F4xx_HAL_Driver/Src/stm32f4xx_hal_pwr.o
LOAD ./Drivers/STM32F4xx_HAL_Driver/Src/stm32f4xx_hal_pwr_ex.o
LOAD ./Drivers/STM32F4xx_HAL_Driver/Src/stm32f4xx_hal_rcc.o
LOAD ./Drivers/STM32F4xx_HAL_Driver/Src/stm32f4xx_hal_rcc_ex.o
LOAD ./Drivers/STM32F4xx_HAL_Driver/Src/stm32f4xx_hal_spi.o
LOAD ./Drivers/STM32F4xx_HAL_Driver/Src/stm32f4xx_ll_usb.o
LOAD ./Middlewares/ST/STM32_USB_Device_Library/Class/CDC/Src/usbd_cdc.o
LOAD ./Middlewares/ST/STM32_USB_Device_Library/Core/Src/usbd_core.o
LOAD ./Middlewares/ST/STM32_USB_Device_Library/Core/Src/usbd_ctlreq.o
LOAD ./Middlewares/ST/STM32_USB_Device_Library/Core/Src/usbd_ioreq.o
LOAD ./USB_DEVICE/App/usb_device.o
LOAD ./USB_DEVICE/App/usbd_cdc_if.o
LOAD ./USB_DEVICE/App/usbd_desc.o
LOAD ./USB_DEVICE/Target/usbd_conf.o
START GROUP
LOAD C:/ST/STM32CubeIDE_1.17.0/STM32CubeIDE/plugins/com.st.stm32cube.ide.mcu.externaltools.gnu-tools-for-stm32.13.3.rel1.win32_1.0.100.202509120712/tools/bin/../lib/gcc/arm-none-eabi/13.3.1/../../../../arm-none-eabi/lib/thumb/v7e-m+fp/hard\libc_nano.a
LOAD C:/ST/STM32CubeIDE_1.17.0/STM32CubeIDE/plugins/com.st.stm32cube.ide.mcu.externaltools.gnu-tools-for-stm32.13.3.rel1.win32_1.0.100.202509120712/tools/bin/../lib/gcc/arm-none-eabi/13.3.1/../../../../arm-none-eabi/lib/thumb/v7e-m+fp/hard\libm.a
END GROUP
START GROUP
LOAD C:/ST/STM32CubeIDE_1.17.0/STM32CubeIDE/plugins/com.st.stm32cube.ide.mcu.externaltools.gnu-tools-for-stm32.13.3.rel1.win32_1.0.100.202509120712/tools/bin/../lib/gcc/arm-none-eabi/13.3.1/thumb/v7e-m+fp/hard\libgcc.a
LOAD C:/ST/STM32CubeIDE_1.17.0/STM32CubeIDE/plugins/com.st.stm32cube.ide.mcu.externaltools.gnu-tools-for-stm32.13.3.rel1.win32_1.0.100.202509120712/tools/bin/../lib/gcc/arm-none-eabi/13.3.1/../../../../arm-none-eabi/lib/thumb/v7e-m+fp/hard\libc_nano.a
END GROUP
START GROUP
LOAD C:/ST/STM32CubeIDE_1.17.0/STM32CubeIDE/plugins/com.st.stm32cube.ide.mcu.externaltools.gnu-tools-for-stm32.13.3.rel1.win32_1.0.100.202509120712/tools/bin/../lib/gcc/arm-none-eabi/13.3.1/thumb/v7e-m+fp/hard\libgcc.a
LOAD C:/ST/STM32CubeIDE_1.17.0/STM32CubeIDE/plugins/com.st.stm32cube.ide.mcu.externaltools.gnu-tools-for-stm32.13.3.rel1.win32_1.0.100.202509120712/tools/bin/../lib/gcc/arm-none-eabi/13.3.1/../../../../arm-none-eabi/lib/thumb/v7e-m+fp/hard\libc_nano.a
LOAD C:/ST/STM32CubeIDE_1.17.0/STM32CubeIDE/plugins/com.st.stm32cube.ide.mcu.externaltools.gnu-tools-for-stm32.13.3.rel1.win32_1.0.100.202509120712/tools/bin/../lib/gcc/arm-none-eabi/13.3.1/../../../../arm-none-eabi/lib/thumb/v7e-m+fp/hard\libnosys.a
END GROUP
START GROUP
LOAD C:/ST/STM32CubeIDE_1.17.0/STM32CubeIDE/plugins/com.st.stm32cube.ide.mcu.externaltools.gnu-tools-for-stm32.13.3.rel1.win32_1.0.100.202509120712/tools/bin/../lib/gcc/arm-none-eabi/13.3.1/thumb/v7e-m+fp/hard\libgcc.a
LOAD C:/ST/STM32CubeIDE_1.17.0/STM32CubeIDE/plugins/com.st.stm32cube.ide.mcu.externaltools.gnu-tools-for-stm32.13.3.rel1.win32_1.0.100.202509120712/tools/bin/../lib/gcc/arm-none-eabi/13.3.1/../../../../arm-none-eabi/lib/thumb/v7e-m+fp/hard\libc_nano.a
LOAD C:/ST/STM32CubeIDE_1.17.0/STM32CubeIDE/plugins/com.st.stm32cube.ide.mcu.externaltools.gnu-tools-for-stm32.13.3.rel1.win32_1.0.100.202509120712/tools/bin/../lib/gcc/arm-none-eabi/13.3.1/../../../../arm-none-eabi/lib/thumb/v7e-m+fp/hard\libnosys.a
END GROUP
LOAD C:/ST/STM32CubeIDE_1.17.0/STM32CubeIDE/plugins/com.st.stm32cube.ide.mcu.externaltools.gnu-tools-for-stm32.13.3.rel1.win32_1.0.100.202509120712/tools/bin/../lib/gcc/arm-none-eabi/13.3.1/thumb/v7e-m+fp/hard/crtend.o
LOAD C:/ST/STM32CubeIDE_1.17.0/STM32CubeIDE/plugins/com.st.stm32cube.ide.mcu.externaltools.gnu-tools-for-stm32.13.3.rel1.win32_1.0.100.202509120712/tools/bin/../lib/gcc/arm-none-eabi/13.3.1/thumb/v7e-m+fp/hard/crtn.o
                0x20020000                        _estack = (ORIGIN (RAM) + LENGTH (RAM))
                0x00002000                        _Min_Heap_Size = 0x2000
                0x00004000                        _Min_Stack_Size = 0x4000

.isr_vector     0x08000000      0x188
                0x08000000                        . = ALIGN (0x4)
 *(.isr_vector)
 .isr_vector    0x08000000      0x188 ./Core/Startup/startup_stm32f407zgtx.o
                0x08000000                g_pfnVectors
                0x08000188                        . = ALIGN (0x4)

.text           0x08000190    0x10b1c
                0x08000190                        . = ALIGN (0x4)
 *(.text)
 .text          0x08000190       0x40 C:/ST/STM32CubeIDE_1.17.0/STM32CubeIDE/plugins/com.st.stm32cube.ide.mcu.externaltools.gnu-tools-for-stm32.13.3.rel1.win32_1.0.100.202509120712/tools/bin/../lib/gcc/arm-none-eabi/13.3.1/thumb/v7e-m+fp/hard/crtbegin.o
 .text          0x080001d0       0x10 C:/ST/STM32CubeIDE_1.17.0/STM32CubeIDE/plugins/com.st.stm32cube.ide.mcu.externaltools.gnu-tools-for-stm32.13.3.rel1.win32_1.0.100.202509120712/tools/bin/../lib/gcc/arm-none-eabi/13.3.1/../../../../arm-none-eabi/lib/thumb/v7e-m+fp/hard\libc_nano.a(libc_a-strlen.o)
                0x080001d0                strlen
 .text          0x080001e0       0xa0 C:/ST/STM32CubeIDE_1.17.0/STM32CubeIDE/plugins/com.st.stm32cube.ide.mcu.externaltools.gnu-tools-for-stm32.13.3.rel1.win32_1.0.100.202509120712/tools/bin/../lib/gcc/arm-none-eabi/13.3.1/../../../../arm-none-eabi/lib/thumb/v7e-m+fp/hard\libc_nano.a(libc_a-memchr.o)
                0x080001e0                memchr
 .text          0x08000280       0x30 C:/ST/STM32CubeIDE_1.17.0/STM32CubeIDE/plugins/com.st.stm32cube.ide.mcu.externaltools.gnu-tools-for-stm32.13.3.rel1.win32_1.0.100.202509120712/tools/bin/../lib/gcc/arm-none-eabi/13.3.1/thumb/v7e-m+fp/hard\libgcc.a(_aeabi_uldivmod.o)
                0x08000280                __aeabi_uldivmod
 .text          0x080002b0       0x28 C:/ST/STM32CubeIDE_1.17.0/STM32CubeIDE/plugins/com.st.stm32cube.ide.mcu.externaltools.gnu-tools-for-stm32.13.3.rel1.win32_1.0.100.202509120712/tools/bin/../lib/gcc/arm-none-eabi/13.3.1/thumb/v7e-m+fp/hard\libgcc.a(_popcountsi2.o)
                0x080002b0                __popcountsi2
 .text          0x080002d8      0x2f8 C:/ST/STM32CubeIDE_1.17.0/STM32CubeIDE/plugins/com.st.stm32cube.ide.mcu.externaltools.gnu-tools-for-stm32.13.3.rel1.win32_1.0.100.202509120712/tools/bin/../lib/gcc/arm-none-eabi/13.3.1/thumb/v7e-m+fp/hard\libgcc.a(_udivmoddi4.o)
                0x080002d8                __udivmoddi4
 .text          0x080005d0        0x4 C:/ST/STM32CubeIDE_1.17.0/STM32CubeIDE/plugins/com.st.stm32cube.ide.mcu.externaltools.gnu-tools-for-stm32.13.3.rel1.win32_1.0.100.202509120712/tools/bin/../lib/gcc/arm-none-eabi/13.3.1/thumb/v7e-m+fp/hard\libgcc.a(_dvmd_tls.o)
                0x080005d0                __aeabi_idiv0
                0x080005d0                __aeabi_ldiv0
 *(.text*)
 .text.W25Q_Delay
                0x080005d4       0x16 ./Core/Src/W25Qxx.o
                0x080005d4                W25Q_Delay
 *fill*         0x080005ea        0x2 
 .text.csLOW    0x080005ec       0x18 ./Core/Src/W25Qxx.o
                0x080005ec                csLOW
 .text.csHIGH   0x08000604       0x18 ./Core/Src/W25Qxx.o
                0x08000604                csHIGH
 .text.SPI_Write
                0x0800061c       0x28 ./Core/Src/W25Qxx.o
                0x0800061c                SPI_Write
 .text.SPI_Read
                0x08000644       0x28 ./Core/Src/W25Qxx.o
                0x08000644                SPI_Read
 .text.W25Q_Reset
                0x0800066c       0x2e ./Core/Src/W25Qxx.o
                0x0800066c                W25Q_Reset
 .text.W25Q_ReadID
                0x0800069a       0x3c ./Core/Src/W25Qxx.o
                0x0800069a                W25Q_ReadID
 .text.W25Q_Read
                0x080006d6       0x58 ./Core/Src/W25Qxx.o
                0x080006d6                W25Q_Read
 .text.W25Q_FastRead
                0x0800072e       0x5c ./Core/Src/W25Qxx.o
                0x0800072e                W25Q_FastRead
 .text.write_enable
                0x0800078a       0x2a ./Core/Src/W25Qxx.o
                0x0800078a                write_enable
 .text.write_disable
                0x080007b4       0x2a ./Core/Src/W25Qxx.o
                0x080007b4                write_disable
 .text.bytestowrite
                0x080007de       0x2c ./Core/Src/W25Qxx.o
                0x080007de                bytestowrite
 .text.bytestomodify
                0x0800080a       0x2e ./Core/Src/W25Qxx.o
                0x0800080a                bytestomodify
 .text.W25Q_Erase_Sector
                0x08000838       0x56 ./Core/Src/W25Qxx.o
                0x08000838                W25Q_Erase_Sector
 .text.W25Q_Write_Clean
                0x0800088e      0x272 ./Core/Src/W25Qxx.o
                0x0800088e                W25Q_Write_Clean
 .text.W25Q_Write
                0x08000b00      0x242 ./Core/Src/W25Qxx.o
                0x08000b00                W25Q_Write
 .text.W25Q_Read_Byte
                0x08000d42       0x4c ./Core/Src/W25Qxx.o
                0x08000d42                W25Q_Read_Byte
 .text.lfs_max  0x08000d8e       0x20 ./Core/Src/lfs.o
 .text.lfs_min  0x08000dae       0x20 ./Core/Src/lfs.o
 .text.lfs_aligndown
                0x08000dce       0x2a ./Core/Src/lfs.o
 .text.lfs_alignup
                0x08000df8       0x24 ./Core/Src/lfs.o
 .text.lfs_npw2
                0x08000e1c       0x20 ./Core/Src/lfs.o
 .text.lfs_ctz  0x08000e3c       0x1e ./Core/Src/lfs.o
 .text.lfs_popc
                0x08000e5a       0x18 ./Core/Src/lfs.o
 .text.lfs_scmp
                0x08000e72       0x1c ./Core/Src/lfs.o
 .text.lfs_fromle32
                0x08000e8e       0x16 ./Core/Src/lfs.o
 .text.lfs_tole32
                0x08000ea4       0x18 ./Core/Src/lfs.o
 .text.lfs_frombe32
                0x08000ebc       0x18 ./Core/Src/lfs.o
 .text.lfs_tobe32
                0x08000ed4       0x18 ./Core/Src/lfs.o
 .text.lfs_malloc
                0x08000eec       0x18 ./Core/Src/lfs.o
 .text.lfs_free
                0x08000f04       0x16 ./Core/Src/lfs.o
 .text.lfs_cache_drop
                0x08000f1a       0x1e ./Core/Src/lfs.o
 .text.lfs_cache_zero
                0x08000f38       0x2c ./Core/Src/lfs.o
 .text.lfs_bd_read
                0x08000f64      0x2a8 ./Core/Src/lfs.o
 .text.lfs_bd_cmp
                0x0800120c       0xa2 ./Core/Src/lfs.o
 .text.lfs_bd_crc
                0x080012ae       0x8c ./Core/Src/lfs.o
 *fill*         0x0800133a        0x2 
 .text.lfs_bd_flush
                0x0800133c       0xf4 ./Core/Src/lfs.o
 .text.lfs_bd_sync
                0x08001430       0x68 ./Core/Src/lfs.o
 .text.lfs_bd_prog
                0x08001498      0x15c ./Core/Src/lfs.o
 .text.lfs_bd_erase
                0x080015f4       0x64 ./Core/Src/lfs.o
 .text.lfs_path_namelen
                0x08001658       0x20 ./Core/Src/lfs.o
 .text.lfs_path_islast
                0x08001678       0x40 ./Core/Src/lfs.o
 .text.lfs_path_isdir
                0x080016b8       0x28 ./Core/Src/lfs.o
 .text.lfs_pair_swap
                0x080016e0       0x2a ./Core/Src/lfs.o
 .text.lfs_pair_isnull
                0x0800170a       0x36 ./Core/Src/lfs.o
 .text.lfs_pair_cmp
                0x08001740       0x54 ./Core/Src/lfs.o
 .text.lfs_pair_issync
                0x08001794       0x5a ./Core/Src/lfs.o
 .text.lfs_pair_fromle32
                0x080017ee       0x34 ./Core/Src/lfs.o
 .text.lfs_pair_tole32
                0x08001822       0x34 ./Core/Src/lfs.o
 .text.lfs_tag_isvalid
                0x08001856       0x1c ./Core/Src/lfs.o
 .text.lfs_tag_isdelete
                0x08001872       0x26 ./Core/Src/lfs.o
 .text.lfs_tag_type1
                0x08001898       0x20 ./Core/Src/lfs.o
 .text.lfs_tag_type2
                0x080018b8       0x20 ./Core/Src/lfs.o
 .text.lfs_tag_type3
                0x080018d8       0x20 ./Core/Src/lfs.o
 .text.lfs_tag_chunk
                0x080018f8       0x1a ./Core/Src/lfs.o
 .text.lfs_tag_splice
                0x08001912       0x1a ./Core/Src/lfs.o
 .text.lfs_tag_id
                0x0800192c       0x20 ./Core/Src/lfs.o
 .text.lfs_tag_size
                0x0800194c       0x1a ./Core/Src/lfs.o
 .text.lfs_tag_dsize
                0x08001966       0x28 ./Core/Src/lfs.o
 .text.lfs_gstate_xor
                0x0800198e       0x40 ./Core/Src/lfs.o
 .text.lfs_gstate_iszero
                0x080019ce       0x38 ./Core/Src/lfs.o
 .text.lfs_gstate_hasorphans
                0x08001a06       0x26 ./Core/Src/lfs.o
 .text.lfs_gstate_getorphans
                0x08001a2c       0x1e ./Core/Src/lfs.o
 .text.lfs_gstate_hasmove
                0x08001a4a       0x26 ./Core/Src/lfs.o
 .text.lfs_gstate_needssuperblock
                0x08001a70       0x28 ./Core/Src/lfs.o
 .text.lfs_gstate_hasmovehere
                0x08001a98       0x40 ./Core/Src/lfs.o
 .text.lfs_gstate_fromle32
                0x08001ad8       0x40 ./Core/Src/lfs.o
 .text.lfs_gstate_tole32
                0x08001b18       0x40 ./Core/Src/lfs.o
 .text.lfs_fcrc_fromle32
                0x08001b58       0x30 ./Core/Src/lfs.o
 .text.lfs_fcrc_tole32
                0x08001b88       0x30 ./Core/Src/lfs.o
 .text.lfs_ctz_fromle32
                0x08001bb8       0x30 ./Core/Src/lfs.o
 .text.lfs_ctz_tole32
                0x08001be8       0x30 ./Core/Src/lfs.o
 .text.lfs_superblock_fromle32
                0x08001c18       0x70 ./Core/Src/lfs.o
 .text.lfs_superblock_tole32
                0x08001c88       0x70 ./Core/Src/lfs.o
 .text.lfs_mlist_isopen
                0x08001cf8       0x3a ./Core/Src/lfs.o
 .text.lfs_mlist_remove
                0x08001d32       0x44 ./Core/Src/lfs.o
 .text.lfs_mlist_append
                0x08001d76       0x24 ./Core/Src/lfs.o
 *fill*         0x08001d9a        0x2 
 .text.lfs_fs_disk_version
                0x08001d9c       0x1c ./Core/Src/lfs.o
 .text.lfs_fs_disk_version_major
                0x08001db8       0x1c ./Core/Src/lfs.o
 .text.lfs_fs_disk_version_minor
                0x08001dd4       0x1a ./Core/Src/lfs.o
 .text.lfs_alloc_ckpoint
                0x08001dee       0x1c ./Core/Src/lfs.o
 .text.lfs_alloc_drop
                0x08001e0a       0x22 ./Core/Src/lfs.o
 .text.lfs_alloc_lookahead
                0x08001e2c       0x6a ./Core/Src/lfs.o
 *fill*         0x08001e96        0x2 
 .text.lfs_alloc_scan
                0x08001e98       0x84 ./Core/Src/lfs.o
 .text.lfs_alloc
                0x08001f1c      0x110 ./Core/Src/lfs.o
 .text.lfs_dir_getslice
                0x0800202c      0x220 ./Core/Src/lfs.o
 .text.lfs_dir_get
                0x0800224c       0x36 ./Core/Src/lfs.o
 .text.lfs_dir_getread
                0x08002282      0x1a4 ./Core/Src/lfs.o
 *fill*         0x08002426        0x2 
 .text.lfs_dir_traverse_filter
                0x08002428       0xb8 ./Core/Src/lfs.o
 .text.lfs_dir_traverse
                0x080024e0      0x7c8 ./Core/Src/lfs.o
 .text.lfs_dir_fetchmatch
                0x08002ca8      0x7a4 ./Core/Src/lfs.o
 .text.lfs_dir_fetch
                0x0800344c       0x36 ./Core/Src/lfs.o
 *fill*         0x08003482        0x2 
 .text.lfs_dir_getgstate
                0x08003484       0x64 ./Core/Src/lfs.o
 .text.lfs_dir_getinfo
                0x080034e8       0xf4 ./Core/Src/lfs.o
 .text.lfs_dir_find_match
                0x080035dc       0x92 ./Core/Src/lfs.o
 *fill*         0x0800366e        0x2 
 .text.lfs_dir_find
                0x08003670      0x208 ./Core/Src/lfs.o
 .text.lfs_dir_commitprog
                0x08003878       0x6c ./Core/Src/lfs.o
 .text.lfs_dir_commitattr
                0x080038e4      0x100 ./Core/Src/lfs.o
 .text.lfs_dir_commitcrc
                0x080039e4      0x2e0 ./Core/Src/lfs.o
 .text.lfs_dir_alloc
                0x08003cc4       0xf2 ./Core/Src/lfs.o
 .text.lfs_dir_split
                0x08003db6       0xa8 ./Core/Src/lfs.o
 .text.lfs_dir_commit_size
                0x08003e5e       0x2c ./Core/Src/lfs.o
 .text.lfs_dir_commit_commit
                0x08003e8a       0x2a ./Core/Src/lfs.o
 .text.lfs_dir_needsrelocation
                0x08003eb4       0x4c ./Core/Src/lfs.o
 .text.lfs_dir_compact
                0x08003f00      0x3f0 ./Core/Src/lfs.o
 .text.lfs_dir_splittingcompact
                0x080042f0      0x230 ./Core/Src/lfs.o
 .text.lfs_dir_relocatingcommit
                0x08004520      0x594 ./Core/Src/lfs.o
 .text.lfs_dir_orphaningcommit
                0x08004ab4      0x5f4 ./Core/Src/lfs.o
 .text.lfs_dir_commit
                0x080050a8       0x4a ./Core/Src/lfs.o
 *fill*         0x080050f2        0x2 
 .text.lfs_dir_open_
                0x080050f4       0xf4 ./Core/Src/lfs.o
 .text.lfs_dir_close_
                0x080051e8       0x1c ./Core/Src/lfs.o
 .text.lfs_dir_read_
                0x08005204      0x108 ./Core/Src/lfs.o
 .text.lfs_ctz_index
                0x0800530c       0x70 ./Core/Src/lfs.o
 .text.lfs_ctz_find
                0x0800537c       0xd6 ./Core/Src/lfs.o
 *fill*         0x08005452        0x2 
 .text.lfs_ctz_extend
                0x08005454      0x214 ./Core/Src/lfs.o
 .text.lfs_ctz_traverse
                0x08005668       0xf8 ./Core/Src/lfs.o
 .text.lfs_file_opencfg_
                0x08005760      0x3c0 ./Core/Src/lfs.o
 .text.lfs_file_open_
                0x08005b20       0x30 ./Core/Src/lfs.o
 .text.lfs_file_close_
                0x08005b50       0x3a ./Core/Src/lfs.o
 *fill*         0x08005b8a        0x2 
 .text.lfs_file_relocate
                0x08005b8c      0x1b4 ./Core/Src/lfs.o
 .text.lfs_file_outline
                0x08005d40       0x42 ./Core/Src/lfs.o
 *fill*         0x08005d82        0x2 
 .text.lfs_file_flush
                0x08005d84      0x1a8 ./Core/Src/lfs.o
 .text.lfs_file_sync_
                0x08005f2c      0x140 ./Core/Src/lfs.o
 .text.lfs_file_flushedread
                0x0800606c      0x1a4 ./Core/Src/lfs.o
 .text.lfs_file_read_
                0x08006210       0x6c ./Core/Src/lfs.o
 .text.lfs_file_flushedwrite
                0x0800627c      0x21e ./Core/Src/lfs.o
 *fill*         0x0800649a        0x2 
 .text.lfs_file_write_
                0x0800649c      0x108 ./Core/Src/lfs.o
 .text.lfs_init
                0x080065a4      0x5d4 ./Core/Src/lfs.o
 .text.lfs_deinit
                0x08006b78       0x4e ./Core/Src/lfs.o
 *fill*         0x08006bc6        0x2 
 .text.lfs_format_
                0x08006bc8      0x164 ./Core/Src/lfs.o
 .text.lfs_tortoise_detectcycles
                0x08006d2c       0x80 ./Core/Src/lfs.o
 .text.lfs_mount_
                0x08006dac      0x404 ./Core/Src/lfs.o
 .text.lfs_unmount_
                0x080071b0       0x18 ./Core/Src/lfs.o
 .text.lfs_fs_traverse_
                0x080071c8      0x260 ./Core/Src/lfs.o
 .text.lfs_fs_pred
                0x08007428       0x9c ./Core/Src/lfs.o
 .text.lfs_fs_parent_match
                0x080074c4       0x84 ./Core/Src/lfs.o
 .text.lfs_fs_parent
                0x08007548       0xbc ./Core/Src/lfs.o
 .text.lfs_fs_prepsuperblock
                0x08007604       0x2a ./Core/Src/lfs.o
 *fill*         0x0800762e        0x2 
 .text.lfs_fs_preporphans
                0x08007630       0xa0 ./Core/Src/lfs.o
 .text.lfs_fs_prepmove
                0x080076d0       0x74 ./Core/Src/lfs.o
 .text.lfs_fs_desuperblock
                0x08007744       0xd8 ./Core/Src/lfs.o
 .text.lfs_fs_demove
                0x0800781c       0xf8 ./Core/Src/lfs.o
 .text.lfs_fs_deorphan
                0x08007914      0x360 ./Core/Src/lfs.o
 .text.lfs_fs_forceconsistency
                0x08007c74       0x4a ./Core/Src/lfs.o
 .text.lfs_fs_size_count
                0x08007cbe       0x26 ./Core/Src/lfs.o
 .text.lfs_fs_size_
                0x08007ce4       0x34 ./Core/Src/lfs.o
 .text.lfs_format
                0x08007d18       0x2c ./Core/Src/lfs.o
                0x08007d18                lfs_format
 .text.lfs_mount
                0x08007d44       0x2c ./Core/Src/lfs.o
                0x08007d44                lfs_mount
 .text.lfs_file_open
                0x08007d70       0x68 ./Core/Src/lfs.o
                0x08007d70                lfs_file_open
 .text.lfs_file_close
                0x08007dd8       0x58 ./Core/Src/lfs.o
                0x08007dd8                lfs_file_close
 .text.lfs_file_read
                0x08007e30       0x60 ./Core/Src/lfs.o
                0x08007e30                lfs_file_read
 .text.lfs_file_write
                0x08007e90       0x60 ./Core/Src/lfs.o
                0x08007e90                lfs_file_write
 .text.lfs_dir_open
                0x08007ef0       0x64 ./Core/Src/lfs.o
                0x08007ef0                lfs_dir_open
 .text.lfs_dir_close
                0x08007f54       0x2c ./Core/Src/lfs.o
                0x08007f54                lfs_dir_close
 .text.lfs_dir_read
                0x08007f80       0x30 ./Core/Src/lfs.o
                0x08007f80                lfs_dir_read
 .text.lfs_crc  0x08007fb0       0x7c ./Core/Src/lfs_util.o
                0x08007fb0                lfs_crc
 .text.lfs_read
                0x0800802c       0x42 ./Core/Src/main.o
                0x0800802c                lfs_read
 .text.lfs_prog
                0x0800806e       0x7a ./Core/Src/main.o
                0x0800806e                lfs_prog
 .text.lfs_erase
                0x080080e8       0x2e ./Core/Src/main.o
                0x080080e8                lfs_erase
 .text.lfs_sync
                0x08008116       0x16 ./Core/Src/main.o
                0x08008116                lfs_sync
 .text.main     0x0800812c      0x22c ./Core/Src/main.o
                0x0800812c                main
 .text.SystemClock_Config
                0x08008358       0xd4 ./Core/Src/main.o
                0x08008358                SystemClock_Config
 .text.MX_SPI2_Init
                0x0800842c       0x6c ./Core/Src/main.o
 .text.MX_GPIO_Init
                0x08008498      0x104 ./Core/Src/main.o
 .text.Error_Handler
                0x0800859c        0xc ./Core/Src/main.o
                0x0800859c                Error_Handler
 .text.HAL_MspInit
                0x080085a8       0x50 ./Core/Src/stm32f4xx_hal_msp.o
                0x080085a8                HAL_MspInit
 .text.HAL_SPI_MspInit
                0x080085f8       0x90 ./Core/Src/stm32f4xx_hal_msp.o
                0x080085f8                HAL_SPI_MspInit
 .text.NMI_Handler
                0x08008688        0x8 ./Core/Src/stm32f4xx_it.o
                0x08008688                NMI_Handler
 .text.HardFault_Handler
                0x08008690        0x8 ./Core/Src/stm32f4xx_it.o
                0x08008690                HardFault_Handler
 .text.MemManage_Handler
                0x08008698        0x8 ./Core/Src/stm32f4xx_it.o
                0x08008698                MemManage_Handler
 .text.BusFault_Handler
                0x080086a0        0x8 ./Core/Src/stm32f4xx_it.o
                0x080086a0                BusFault_Handler
 .text.UsageFault_Handler
                0x080086a8        0x8 ./Core/Src/stm32f4xx_it.o
                0x080086a8                UsageFault_Handler
 .text.SVC_Handler
                0x080086b0        0xe ./Core/Src/stm32f4xx_it.o
                0x080086b0                SVC_Handler
 .text.DebugMon_Handler
                0x080086be        0xe ./Core/Src/stm32f4xx_it.o
                0x080086be                DebugMon_Handler
 .text.PendSV_Handler
                0x080086cc        0xe ./Core/Src/stm32f4xx_it.o
                0x080086cc                PendSV_Handler
 .text.SysTick_Handler
                0x080086da        0xc ./Core/Src/stm32f4xx_it.o
                0x080086da                SysTick_Handler
 *fill*         0x080086e6        0x2 
 .text.OTG_FS_IRQHandler
                0x080086e8       0x14 ./Core/Src/stm32f4xx_it.o
                0x080086e8                OTG_FS_IRQHandler
 .text._getpid  0x080086fc       0x10 ./Core/Src/syscalls.o
                0x080086fc                _getpid
 .text._kill    0x0800870c       0x20 ./Core/Src/syscalls.o
                0x0800870c                _kill
 .text._exit    0x0800872c       0x16 ./Core/Src/syscalls.o
                0x0800872c                _exit
 .text._read    0x08008742       0x3a ./Core/Src/syscalls.o
                0x08008742                _read
 .text._write   0x0800877c       0x38 ./Core/Src/syscalls.o
                0x0800877c                _write
 .text._close   0x080087b4       0x18 ./Core/Src/syscalls.o
                0x080087b4                _close
 .text._fstat   0x080087cc       0x20 ./Core/Src/syscalls.o
                0x080087cc                _fstat
 .text._isatty  0x080087ec       0x16 ./Core/Src/syscalls.o
                0x080087ec                _isatty
 .text._lseek   0x08008802       0x1a ./Core/Src/syscalls.o
                0x08008802                _lseek
 .text._sbrk    0x0800881c       0x6c ./Core/Src/sysmem.o
                0x0800881c                _sbrk
 .text.SystemInit
                0x08008888       0x24 ./Core/Src/system_stm32f4xx.o
                0x08008888                SystemInit
 .text.Reset_Handler
                0x080088ac       0x50 ./Core/Startup/startup_stm32f407zgtx.o
                0x080088ac                Reset_Handler
 .text.Default_Handler
                0x080088fc        0x2 ./Core/Startup/startup_stm32f407zgtx.o
                0x080088fc                RTC_Alarm_IRQHandler
                0x080088fc                HASH_RNG_IRQHandler
                0x080088fc                EXTI2_IRQHandler
                0x080088fc                TIM8_CC_IRQHandler
                0x080088fc                TIM1_CC_IRQHandler
                0x080088fc                DMA2_Stream5_IRQHandler
                0x080088fc                DMA1_Stream5_IRQHandler
                0x080088fc                PVD_IRQHandler
                0x080088fc                SDIO_IRQHandler
                0x080088fc                TAMP_STAMP_IRQHandler
                0x080088fc                CAN2_RX1_IRQHandler
                0x080088fc                EXTI3_IRQHandler
                0x080088fc                TIM8_TRG_COM_TIM14_IRQHandler
                0x080088fc                TIM1_UP_TIM10_IRQHandler
                0x080088fc                TIM8_UP_TIM13_IRQHandler
                0x080088fc                I2C3_ER_IRQHandler
                0x080088fc                EXTI0_IRQHandler
                0x080088fc                I2C2_EV_IRQHandler
                0x080088fc                DMA1_Stream2_IRQHandler
                0x080088fc                CAN1_RX0_IRQHandler
                0x080088fc                FPU_IRQHandler
                0x080088fc                OTG_HS_WKUP_IRQHandler
                0x080088fc                CAN2_SCE_IRQHandler
                0x080088fc                DMA2_Stream2_IRQHandler
                0x080088fc                SPI1_IRQHandler
                0x080088fc                TIM6_DAC_IRQHandler
                0x080088fc                TIM1_BRK_TIM9_IRQHandler
                0x080088fc                DCMI_IRQHandler
                0x080088fc                CAN2_RX0_IRQHandler
                0x080088fc                DMA2_Stream3_IRQHandler
                0x080088fc                USART6_IRQHandler
                0x080088fc                USART3_IRQHandler
                0x080088fc                CAN1_RX1_IRQHandler
                0x080088fc                UART5_IRQHandler
                0x080088fc                DMA2_Stream0_IRQHandler
                0x080088fc                TIM4_IRQHandler
                0x080088fc                I2C1_EV_IRQHandler
                0x080088fc                DMA1_Stream6_IRQHandler
                0x080088fc                DMA1_Stream1_IRQHandler
                0x080088fc                UART4_IRQHandler
                0x080088fc                TIM3_IRQHandler
                0x080088fc                RCC_IRQHandler
                0x080088fc                TIM8_BRK_TIM12_IRQHandler
                0x080088fc                Default_Handler
                0x080088fc                EXTI15_10_IRQHandler
                0x080088fc                ADC_IRQHandler
                0x080088fc                DMA1_Stream7_IRQHandler
                0x080088fc                TIM7_IRQHandler
                0x080088fc                CAN2_TX_IRQHandler
                0x080088fc                TIM5_IRQHandler
                0x080088fc                DMA2_Stream7_IRQHandler
                0x080088fc                I2C3_EV_IRQHandler
                0x080088fc                EXTI9_5_IRQHandler
                0x080088fc                RTC_WKUP_IRQHandler
                0x080088fc                ETH_WKUP_IRQHandler
                0x080088fc                SPI2_IRQHandler
                0x080088fc                OTG_HS_EP1_IN_IRQHandler
                0x080088fc                DMA1_Stream0_IRQHandler
                0x080088fc                CAN1_TX_IRQHandler
                0x080088fc                EXTI4_IRQHandler
                0x080088fc                FSMC_IRQHandler
                0x080088fc                ETH_IRQHandler
                0x080088fc                OTG_HS_EP1_OUT_IRQHandler
                0x080088fc                WWDG_IRQHandler
                0x080088fc                TIM2_IRQHandler
                0x080088fc                OTG_FS_WKUP_IRQHandler
                0x080088fc                TIM1_TRG_COM_TIM11_IRQHandler
                0x080088fc                OTG_HS_IRQHandler
                0x080088fc                EXTI1_IRQHandler
                0x080088fc                USART2_IRQHandler
                0x080088fc                I2C2_ER_IRQHandler
                0x080088fc                DMA2_Stream1_IRQHandler
                0x080088fc                CAN1_SCE_IRQHandler
                0x080088fc                FLASH_IRQHandler
                0x080088fc                DMA2_Stream4_IRQHandler
                0x080088fc                USART1_IRQHandler
                0x080088fc                SPI3_IRQHandler
                0x080088fc                DMA1_Stream4_IRQHandler
                0x080088fc                I2C1_ER_IRQHandler
                0x080088fc                DMA2_Stream6_IRQHandler
                0x080088fc                DMA1_Stream3_IRQHandler
 *fill*         0x080088fe        0x2 
 .text.HAL_Init
                0x08008900       0x44 ./Drivers/STM32F4xx_HAL_Driver/Src/stm32f4xx_hal.o
                0x08008900                HAL_Init
 .text.HAL_InitTick
                0x08008944       0x60 ./Drivers/STM32F4xx_HAL_Driver/Src/stm32f4xx_hal.o
                0x08008944                HAL_InitTick
 .text.HAL_IncTick
                0x080089a4       0x28 ./Drivers/STM32F4xx_HAL_Driver/Src/stm32f4xx_hal.o
                0x080089a4                HAL_IncTick
 .text.HAL_GetTick
                0x080089cc       0x18 ./Drivers/STM32F4xx_HAL_Driver/Src/stm32f4xx_hal.o
                0x080089cc                HAL_GetTick
 .text.HAL_Delay
                0x080089e4       0x48 ./Drivers/STM32F4xx_HAL_Driver/Src/stm32f4xx_hal.o
                0x080089e4                HAL_Delay
 .text.__NVIC_SetPriorityGrouping
                0x08008a2c       0x48 ./Drivers/STM32F4xx_HAL_Driver/Src/stm32f4xx_hal_cortex.o
 .text.__NVIC_GetPriorityGrouping
                0x08008a74       0x1c ./Drivers/STM32F4xx_HAL_Driver/Src/stm32f4xx_hal_cortex.o
 .text.__NVIC_EnableIRQ
                0x08008a90       0x3c ./Drivers/STM32F4xx_HAL_Driver/Src/stm32f4xx_hal_cortex.o
 .text.__NVIC_SetPriority
                0x08008acc       0x54 ./Drivers/STM32F4xx_HAL_Driver/Src/stm32f4xx_hal_cortex.o
 .text.NVIC_EncodePriority
                0x08008b20       0x66 ./Drivers/STM32F4xx_HAL_Driver/Src/stm32f4xx_hal_cortex.o
 *fill*         0x08008b86        0x2 
 .text.SysTick_Config
                0x08008b88       0x44 ./Drivers/STM32F4xx_HAL_Driver/Src/stm32f4xx_hal_cortex.o
 .text.HAL_NVIC_SetPriorityGrouping
                0x08008bcc       0x16 ./Drivers/STM32F4xx_HAL_Driver/Src/stm32f4xx_hal_cortex.o
                0x08008bcc                HAL_NVIC_SetPriorityGrouping
 .text.HAL_NVIC_SetPriority
                0x08008be2       0x38 ./Drivers/STM32F4xx_HAL_Driver/Src/stm32f4xx_hal_cortex.o
                0x08008be2                HAL_NVIC_SetPriority
 .text.HAL_NVIC_EnableIRQ
                0x08008c1a       0x1c ./Drivers/STM32F4xx_HAL_Driver/Src/stm32f4xx_hal_cortex.o
                0x08008c1a                HAL_NVIC_EnableIRQ
 .text.HAL_SYSTICK_Config
                0x08008c36       0x18 ./Drivers/STM32F4xx_HAL_Driver/Src/stm32f4xx_hal_cortex.o
                0x08008c36                HAL_SYSTICK_Config
 *fill*         0x08008c4e        0x2 
 .text.HAL_GPIO_Init
                0x08008c50      0x338 ./Drivers/STM32F4xx_HAL_Driver/Src/stm32f4xx_hal_gpio.o
                0x08008c50                HAL_GPIO_Init
 .text.HAL_GPIO_WritePin
                0x08008f88       0x32 ./Drivers/STM32F4xx_HAL_Driver/Src/stm32f4xx_hal_gpio.o
                0x08008f88                HAL_GPIO_WritePin
 .text.HAL_PCD_Init
                0x08008fba      0x21e ./Drivers/STM32F4xx_HAL_Driver/Src/stm32f4xx_hal_pcd.o
                0x08008fba                HAL_PCD_Init
 .text.HAL_PCD_Start
                0x080091d8       0x6a ./Drivers/STM32F4xx_HAL_Driver/Src/stm32f4xx_hal_pcd.o
                0x080091d8                HAL_PCD_Start
 .text.HAL_PCD_IRQHandler
                0x08009242      0x942 ./Drivers/STM32F4xx_HAL_Driver/Src/stm32f4xx_hal_pcd.o
                0x08009242                HAL_PCD_IRQHandler
 .text.HAL_PCD_SetAddress
                0x08009b84       0x48 ./Drivers/STM32F4xx_HAL_Driver/Src/stm32f4xx_hal_pcd.o
                0x08009b84                HAL_PCD_SetAddress
 .text.HAL_PCD_EP_Open
                0x08009bcc       0xd4 ./Drivers/STM32F4xx_HAL_Driver/Src/stm32f4xx_hal_pcd.o
                0x08009bcc                HAL_PCD_EP_Open
 .text.HAL_PCD_EP_Close
                0x08009ca0       0x94 ./Drivers/STM32F4xx_HAL_Driver/Src/stm32f4xx_hal_pcd.o
                0x08009ca0                HAL_PCD_EP_Close
 .text.HAL_PCD_EP_Receive
                0x08009d34       0x76 ./Drivers/STM32F4xx_HAL_Driver/Src/stm32f4xx_hal_pcd.o
                0x08009d34                HAL_PCD_EP_Receive
 .text.HAL_PCD_EP_GetRxCount
                0x08009daa       0x30 ./Drivers/STM32F4xx_HAL_Driver/Src/stm32f4xx_hal_pcd.o
                0x08009daa                HAL_PCD_EP_GetRxCount
 .text.HAL_PCD_EP_Transmit
                0x08009dda       0x74 ./Drivers/STM32F4xx_HAL_Driver/Src/stm32f4xx_hal_pcd.o
                0x08009dda                HAL_PCD_EP_Transmit
 .text.HAL_PCD_EP_SetStall
                0x08009e4e       0xc6 ./Drivers/STM32F4xx_HAL_Driver/Src/stm32f4xx_hal_pcd.o
                0x08009e4e                HAL_PCD_EP_SetStall
 .text.HAL_PCD_EP_ClrStall
                0x08009f14       0xac ./Drivers/STM32F4xx_HAL_Driver/Src/stm32f4xx_hal_pcd.o
                0x08009f14                HAL_PCD_EP_ClrStall
 .text.HAL_PCD_EP_Abort
                0x08009fc0       0x62 ./Drivers/STM32F4xx_HAL_Driver/Src/stm32f4xx_hal_pcd.o
                0x08009fc0                HAL_PCD_EP_Abort
 .text.PCD_WriteEmptyTxFifo
                0x0800a022      0x118 ./Drivers/STM32F4xx_HAL_Driver/Src/stm32f4xx_hal_pcd.o
 *fill*         0x0800a13a        0x2 
 .text.PCD_EP_OutXfrComplete_int
                0x0800a13c      0x1d0 ./Drivers/STM32F4xx_HAL_Driver/Src/stm32f4xx_hal_pcd.o
 .text.PCD_EP_OutSetupPacket_int
                0x0800a30c       0x8c ./Drivers/STM32F4xx_HAL_Driver/Src/stm32f4xx_hal_pcd.o
 .text.HAL_PCDEx_SetTxFiFo
                0x0800a398       0x8e ./Drivers/STM32F4xx_HAL_Driver/Src/stm32f4xx_hal_pcd_ex.o
                0x0800a398                HAL_PCDEx_SetTxFiFo
 .text.HAL_PCDEx_SetRxFiFo
                0x0800a426       0x22 ./Drivers/STM32F4xx_HAL_Driver/Src/stm32f4xx_hal_pcd_ex.o
                0x0800a426                HAL_PCDEx_SetRxFiFo
 .text.HAL_PCDEx_LPM_Callback
                0x0800a448       0x18 ./Drivers/STM32F4xx_HAL_Driver/Src/stm32f4xx_hal_pcd_ex.o
                0x0800a448                HAL_PCDEx_LPM_Callback
 .text.HAL_RCC_OscConfig
                0x0800a460      0x4f0 ./Drivers/STM32F4xx_HAL_Driver/Src/stm32f4xx_hal_rcc.o
                0x0800a460                HAL_RCC_OscConfig
 .text.HAL_RCC_ClockConfig
                0x0800a950      0x1cc ./Drivers/STM32F4xx_HAL_Driver/Src/stm32f4xx_hal_rcc.o
                0x0800a950                HAL_RCC_ClockConfig
 .text.HAL_RCC_GetSysClockFreq
                0x0800ab1c      0x18c ./Drivers/STM32F4xx_HAL_Driver/Src/stm32f4xx_hal_rcc.o
                0x0800ab1c                HAL_RCC_GetSysClockFreq
 .text.HAL_RCC_GetHCLKFreq
                0x0800aca8       0x18 ./Drivers/STM32F4xx_HAL_Driver/Src/stm32f4xx_hal_rcc.o
                0x0800aca8                HAL_RCC_GetHCLKFreq
 .text.HAL_SPI_Init
                0x0800acc0      0x112 ./Drivers/STM32F4xx_HAL_Driver/Src/stm32f4xx_hal_spi.o
                0x0800acc0                HAL_SPI_Init
 .text.HAL_SPI_Transmit
                0x0800add2      0x288 ./Drivers/STM32F4xx_HAL_Driver/Src/stm32f4xx_hal_spi.o
                0x0800add2                HAL_SPI_Transmit
 .text.HAL_SPI_Receive
                0x0800b05a      0x232 ./Drivers/STM32F4xx_HAL_Driver/Src/stm32f4xx_hal_spi.o
                0x0800b05a                HAL_SPI_Receive
 .text.HAL_SPI_TransmitReceive
                0x0800b28c      0x352 ./Drivers/STM32F4xx_HAL_Driver/Src/stm32f4xx_hal_spi.o
                0x0800b28c                HAL_SPI_TransmitReceive
 *fill*         0x0800b5de        0x2 
 .text.SPI_WaitFlagStateUntilTimeout
                0x0800b5e0      0x110 ./Drivers/STM32F4xx_HAL_Driver/Src/stm32f4xx_hal_spi.o
 .text.SPI_EndRxTransaction
                0x0800b6f0       0xca ./Drivers/STM32F4xx_HAL_Driver/Src/stm32f4xx_hal_spi.o
 *fill*         0x0800b7ba        0x2 
 .text.SPI_EndRxTxTransaction
                0x0800b7bc       0xa8 ./Drivers/STM32F4xx_HAL_Driver/Src/stm32f4xx_hal_spi.o
 .text.USB_CoreInit
                0x0800b864       0xc8 ./Drivers/STM32F4xx_HAL_Driver/Src/stm32f4xx_ll_usb.o
                0x0800b864                USB_CoreInit
 .text.USB_SetTurnaroundTime
                0x0800b92c      0x144 ./Drivers/STM32F4xx_HAL_Driver/Src/stm32f4xx_ll_usb.o
                0x0800b92c                USB_SetTurnaroundTime
 .text.USB_EnableGlobalInt
                0x0800ba70       0x22 ./Drivers/STM32F4xx_HAL_Driver/Src/stm32f4xx_ll_usb.o
                0x0800ba70                USB_EnableGlobalInt
 .text.USB_DisableGlobalInt
                0x0800ba92       0x22 ./Drivers/STM32F4xx_HAL_Driver/Src/stm32f4xx_ll_usb.o
                0x0800ba92                USB_DisableGlobalInt
 .text.USB_SetCurrentMode
                0x0800bab4       0x98 ./Drivers/STM32F4xx_HAL_Driver/Src/stm32f4xx_ll_usb.o
                0x0800bab4                USB_SetCurrentMode
 .text.USB_DevInit
                0x0800bb4c      0x2c8 ./Drivers/STM32F4xx_HAL_Driver/Src/stm32f4xx_ll_usb.o
                0x0800bb4c                USB_DevInit
 .text.USB_FlushTxFifo
                0x0800be14       0x64 ./Drivers/STM32F4xx_HAL_Driver/Src/stm32f4xx_ll_usb.o
                0x0800be14                USB_FlushTxFifo
 .text.USB_FlushRxFifo
                0x0800be78       0x5c ./Drivers/STM32F4xx_HAL_Driver/Src/stm32f4xx_ll_usb.o
                0x0800be78                USB_FlushRxFifo
 .text.USB_SetDevSpeed
                0x0800bed4       0x32 ./Drivers/STM32F4xx_HAL_Driver/Src/stm32f4xx_ll_usb.o
                0x0800bed4                USB_SetDevSpeed
 .text.USB_GetDevSpeed
                0x0800bf06       0x4a ./Drivers/STM32F4xx_HAL_Driver/Src/stm32f4xx_ll_usb.o
                0x0800bf06                USB_GetDevSpeed
 .text.USB_ActivateEndpoint
                0x0800bf50      0x10e ./Drivers/STM32F4xx_HAL_Driver/Src/stm32f4xx_ll_usb.o
                0x0800bf50                USB_ActivateEndpoint
 *fill*         0x0800c05e        0x2 
 .text.USB_DeactivateEndpoint
                0x0800c060      0x1b8 ./Drivers/STM32F4xx_HAL_Driver/Src/stm32f4xx_ll_usb.o
                0x0800c060                USB_DeactivateEndpoint
 .text.USB_EPStartXfer
                0x0800c218      0x53c ./Drivers/STM32F4xx_HAL_Driver/Src/stm32f4xx_ll_usb.o
                0x0800c218                USB_EPStartXfer
 .text.USB_EPStopXfer
                0x0800c754      0x154 ./Drivers/STM32F4xx_HAL_Driver/Src/stm32f4xx_ll_usb.o
                0x0800c754                USB_EPStopXfer
 .text.USB_WritePacket
                0x0800c8a8       0x7c ./Drivers/STM32F4xx_HAL_Driver/Src/stm32f4xx_ll_usb.o
                0x0800c8a8                USB_WritePacket
 .text.USB_ReadPacket
                0x0800c924       0xb0 ./Drivers/STM32F4xx_HAL_Driver/Src/stm32f4xx_ll_usb.o
                0x0800c924                USB_ReadPacket
 .text.USB_EPSetStall
                0x0800c9d4       0xdc ./Drivers/STM32F4xx_HAL_Driver/Src/stm32f4xx_ll_usb.o
                0x0800c9d4                USB_EPSetStall
 .text.USB_EPClearStall
                0x0800cab0       0xcc ./Drivers/STM32F4xx_HAL_Driver/Src/stm32f4xx_ll_usb.o
                0x0800cab0                USB_EPClearStall
 .text.USB_SetDevAddress
                0x0800cb7c       0x4c ./Drivers/STM32F4xx_HAL_Driver/Src/stm32f4xx_ll_usb.o
                0x0800cb7c                USB_SetDevAddress
 .text.USB_DevConnect
                0x0800cbc8       0x42 ./Drivers/STM32F4xx_HAL_Driver/Src/stm32f4xx_ll_usb.o
                0x0800cbc8                USB_DevConnect
 .text.USB_DevDisconnect
                0x0800cc0a       0x42 ./Drivers/STM32F4xx_HAL_Driver/Src/stm32f4xx_ll_usb.o
                0x0800cc0a                USB_DevDisconnect
 .text.USB_ReadInterrupts
                0x0800cc4c       0x26 ./Drivers/STM32F4xx_HAL_Driver/Src/stm32f4xx_ll_usb.o
                0x0800cc4c                USB_ReadInterrupts
 .text.USB_ReadDevAllOutEpInterrupt
                0x0800cc72       0x34 ./Drivers/STM32F4xx_HAL_Driver/Src/stm32f4xx_ll_usb.o
                0x0800cc72                USB_ReadDevAllOutEpInterrupt
 .text.USB_ReadDevAllInEpInterrupt
                0x0800cca6       0x34 ./Drivers/STM32F4xx_HAL_Driver/Src/stm32f4xx_ll_usb.o
                0x0800cca6                USB_ReadDevAllInEpInterrupt
 .text.USB_ReadDevOutEPInterrupt
                0x0800ccda       0x3c ./Drivers/STM32F4xx_HAL_Driver/Src/stm32f4xx_ll_usb.o
                0x0800ccda                USB_ReadDevOutEPInterrupt
 .text.USB_ReadDevInEPInterrupt
                0x0800cd16       0x5c ./Drivers/STM32F4xx_HAL_Driver/Src/stm32f4xx_ll_usb.o
                0x0800cd16                USB_ReadDevInEPInterrupt
 .text.USB_GetMode
                0x0800cd72       0x1c ./Drivers/STM32F4xx_HAL_Driver/Src/stm32f4xx_ll_usb.o
                0x0800cd72                USB_GetMode
 .text.USB_ActivateSetup
                0x0800cd8e       0x46 ./Drivers/STM32F4xx_HAL_Driver/Src/stm32f4xx_ll_usb.o
                0x0800cd8e                USB_ActivateSetup
 .text.USB_EP0_OutStart
                0x0800cdd4       0xbc ./Drivers/STM32F4xx_HAL_Driver/Src/stm32f4xx_ll_usb.o
                0x0800cdd4                USB_EP0_OutStart
 .text.USB_CoreReset
                0x0800ce90       0x70 ./Drivers/STM32F4xx_HAL_Driver/Src/stm32f4xx_ll_usb.o
 .text.USBD_CDC_Init
                0x0800cf00      0x1f0 ./Middlewares/ST/STM32_USB_Device_Library/Class/CDC/Src/usbd_cdc.o
 .text.USBD_CDC_DeInit
                0x0800d0f0      0x104 ./Middlewares/ST/STM32_USB_Device_Library/Class/CDC/Src/usbd_cdc.o
 .text.USBD_CDC_Setup
                0x0800d1f4      0x1b8 ./Middlewares/ST/STM32_USB_Device_Library/Class/CDC/Src/usbd_cdc.o
 .text.USBD_CDC_DataIn
                0x0800d3ac       0xfe ./Middlewares/ST/STM32_USB_Device_Library/Class/CDC/Src/usbd_cdc.o
 .text.USBD_CDC_DataOut
                0x0800d4aa       0x70 ./Middlewares/ST/STM32_USB_Device_Library/Class/CDC/Src/usbd_cdc.o
 .text.USBD_CDC_EP0_RxReady
                0x0800d51a       0x74 ./Middlewares/ST/STM32_USB_Device_Library/Class/CDC/Src/usbd_cdc.o
 *fill*         0x0800d58e        0x2 
 .text.USBD_CDC_GetFSCfgDesc
                0x0800d590       0x70 ./Middlewares/ST/STM32_USB_Device_Library/Class/CDC/Src/usbd_cdc.o
 .text.USBD_CDC_GetHSCfgDesc
                0x0800d600       0x70 ./Middlewares/ST/STM32_USB_Device_Library/Class/CDC/Src/usbd_cdc.o
 .text.USBD_CDC_GetOtherSpeedCfgDesc
                0x0800d670       0x70 ./Middlewares/ST/STM32_USB_Device_Library/Class/CDC/Src/usbd_cdc.o
 .text.USBD_CDC_GetDeviceQualifierDescriptor
                0x0800d6e0       0x20 ./Middlewares/ST/STM32_USB_Device_Library/Class/CDC/Src/usbd_cdc.o
                0x0800d6e0                USBD_CDC_GetDeviceQualifierDescriptor
 .text.USBD_CDC_RegisterInterface
                0x0800d700       0x34 ./Middlewares/ST/STM32_USB_Device_Library/Class/CDC/Src/usbd_cdc.o
                0x0800d700                USBD_CDC_RegisterInterface
 .text.USBD_CDC_SetTxBuffer
                0x0800d734       0x44 ./Middlewares/ST/STM32_USB_Device_Library/Class/CDC/Src/usbd_cdc.o
                0x0800d734                USBD_CDC_SetTxBuffer
 .text.USBD_CDC_SetRxBuffer
                0x0800d778       0x3a ./Middlewares/ST/STM32_USB_Device_Library/Class/CDC/Src/usbd_cdc.o
                0x0800d778                USBD_CDC_SetRxBuffer
 *fill*         0x0800d7b2        0x2 
 .text.USBD_CDC_TransmitPacket
                0x0800d7b4       0x80 ./Middlewares/ST/STM32_USB_Device_Library/Class/CDC/Src/usbd_cdc.o
                0x0800d7b4                USBD_CDC_TransmitPacket
 .text.USBD_CDC_ReceivePacket
                0x0800d834       0x6c ./Middlewares/ST/STM32_USB_Device_Library/Class/CDC/Src/usbd_cdc.o
                0x0800d834                USBD_CDC_ReceivePacket
 .text.USBD_Init
                0x0800d8a0       0x60 ./Middlewares/ST/STM32_USB_Device_Library/Core/Src/usbd_core.o
                0x0800d8a0                USBD_Init
 .text.USBD_RegisterClass
                0x0800d900       0x6c ./Middlewares/ST/STM32_USB_Device_Library/Core/Src/usbd_core.o
                0x0800d900                USBD_RegisterClass
 .text.USBD_Start
                0x0800d96c       0x18 ./Middlewares/ST/STM32_USB_Device_Library/Core/Src/usbd_core.o
                0x0800d96c                USBD_Start
 .text.USBD_RunTestMode
                0x0800d984       0x16 ./Middlewares/ST/STM32_USB_Device_Library/Core/Src/usbd_core.o
                0x0800d984                USBD_RunTestMode
 .text.USBD_SetClassConfig
                0x0800d99a       0x38 ./Middlewares/ST/STM32_USB_Device_Library/Core/Src/usbd_core.o
                0x0800d99a                USBD_SetClassConfig
 .text.USBD_ClrClassConfig
                0x0800d9d2       0x34 ./Middlewares/ST/STM32_USB_Device_Library/Core/Src/usbd_core.o
                0x0800d9d2                USBD_ClrClassConfig
 .text.USBD_LL_SetupStage
                0x0800da06       0xaa ./Middlewares/ST/STM32_USB_Device_Library/Core/Src/usbd_core.o
                0x0800da06                USBD_LL_SetupStage
 .text.USBD_LL_DataOutStage
                0x0800dab0      0x178 ./Middlewares/ST/STM32_USB_Device_Library/Core/Src/usbd_core.o
                0x0800dab0                USBD_LL_DataOutStage
 .text.USBD_LL_DataInStage
                0x0800dc28      0x176 ./Middlewares/ST/STM32_USB_Device_Library/Core/Src/usbd_core.o
                0x0800dc28                USBD_LL_DataInStage
 .text.USBD_LL_Reset
                0x0800dd9e       0xa6 ./Middlewares/ST/STM32_USB_Device_Library/Core/Src/usbd_core.o
                0x0800dd9e                USBD_LL_Reset
 .text.USBD_LL_SetSpeed
                0x0800de44       0x20 ./Middlewares/ST/STM32_USB_Device_Library/Core/Src/usbd_core.o
                0x0800de44                USBD_LL_SetSpeed
 .text.USBD_LL_Suspend
                0x0800de64       0x38 ./Middlewares/ST/STM32_USB_Device_Library/Core/Src/usbd_core.o
                0x0800de64                USBD_LL_Suspend
 .text.USBD_LL_Resume
                0x0800de9c       0x30 ./Middlewares/ST/STM32_USB_Device_Library/Core/Src/usbd_core.o
                0x0800de9c                USBD_LL_Resume
 .text.USBD_LL_SOF
                0x0800decc       0x40 ./Middlewares/ST/STM32_USB_Device_Library/Core/Src/usbd_core.o
                0x0800decc                USBD_LL_SOF
 .text.USBD_LL_IsoINIncomplete
                0x0800df0c       0x64 ./Middlewares/ST/STM32_USB_Device_Library/Core/Src/usbd_core.o
                0x0800df0c                USBD_LL_IsoINIncomplete
 .text.USBD_LL_IsoOUTIncomplete
                0x0800df70       0x64 ./Middlewares/ST/STM32_USB_Device_Library/Core/Src/usbd_core.o
                0x0800df70                USBD_LL_IsoOUTIncomplete
 .text.USBD_LL_DevConnected
                0x0800dfd4       0x16 ./Middlewares/ST/STM32_USB_Device_Library/Core/Src/usbd_core.o
                0x0800dfd4                USBD_LL_DevConnected
 .text.USBD_LL_DevDisconnected
                0x0800dfea       0x46 ./Middlewares/ST/STM32_USB_Device_Library/Core/Src/usbd_core.o
                0x0800dfea                USBD_LL_DevDisconnected
 .text.USBD_CoreFindIF
                0x0800e030       0x1a ./Middlewares/ST/STM32_USB_Device_Library/Core/Src/usbd_core.o
                0x0800e030                USBD_CoreFindIF
 .text.USBD_CoreFindEP
                0x0800e04a       0x1a ./Middlewares/ST/STM32_USB_Device_Library/Core/Src/usbd_core.o
                0x0800e04a                USBD_CoreFindEP
 .text.USBD_GetEpDesc
                0x0800e064       0x70 ./Middlewares/ST/STM32_USB_Device_Library/Core/Src/usbd_core.o
                0x0800e064                USBD_GetEpDesc
 .text.USBD_GetNextDesc
                0x0800e0d4       0x38 ./Middlewares/ST/STM32_USB_Device_Library/Core/Src/usbd_core.o
                0x0800e0d4                USBD_GetNextDesc
 .text.SWAPBYTE
                0x0800e10c       0x3e ./Middlewares/ST/STM32_USB_Device_Library/Core/Src/usbd_ctlreq.o
 *fill*         0x0800e14a        0x2 
 .text.USBD_StdDevReq
                0x0800e14c       0xe4 ./Middlewares/ST/STM32_USB_Device_Library/Core/Src/usbd_ctlreq.o
                0x0800e14c                USBD_StdDevReq
 .text.USBD_StdItfReq
                0x0800e230       0xd8 ./Middlewares/ST/STM32_USB_Device_Library/Core/Src/usbd_ctlreq.o
                0x0800e230                USBD_StdItfReq
 .text.USBD_StdEPReq
                0x0800e308      0x33e ./Middlewares/ST/STM32_USB_Device_Library/Core/Src/usbd_ctlreq.o
                0x0800e308                USBD_StdEPReq
 *fill*         0x0800e646        0x2 
 .text.USBD_GetDescriptor
                0x0800e648      0x2d4 ./Middlewares/ST/STM32_USB_Device_Library/Core/Src/usbd_ctlreq.o
 .text.USBD_SetAddress
                0x0800e91c       0x88 ./Middlewares/ST/STM32_USB_Device_Library/Core/Src/usbd_ctlreq.o
 .text.USBD_SetConfig
                0x0800e9a4      0x154 ./Middlewares/ST/STM32_USB_Device_Library/Core/Src/usbd_ctlreq.o
 .text.USBD_GetConfig
                0x0800eaf8       0x6c ./Middlewares/ST/STM32_USB_Device_Library/Core/Src/usbd_ctlreq.o
 .text.USBD_GetStatus
                0x0800eb64       0x68 ./Middlewares/ST/STM32_USB_Device_Library/Core/Src/usbd_ctlreq.o
 .text.USBD_SetFeature
                0x0800ebcc       0x52 ./Middlewares/ST/STM32_USB_Device_Library/Core/Src/usbd_ctlreq.o
 .text.USBD_ClrFeature
                0x0800ec1e       0x44 ./Middlewares/ST/STM32_USB_Device_Library/Core/Src/usbd_ctlreq.o
 .text.USBD_ParseSetupRequest
                0x0800ec62       0x74 ./Middlewares/ST/STM32_USB_Device_Library/Core/Src/usbd_ctlreq.o
                0x0800ec62                USBD_ParseSetupRequest
 .text.USBD_CtlError
                0x0800ecd6       0x22 ./Middlewares/ST/STM32_USB_Device_Library/Core/Src/usbd_ctlreq.o
                0x0800ecd6                USBD_CtlError
 .text.USBD_GetString
                0x0800ecf8       0xa4 ./Middlewares/ST/STM32_USB_Device_Library/Core/Src/usbd_ctlreq.o
                0x0800ecf8                USBD_GetString
 .text.USBD_GetLen
                0x0800ed9c       0x34 ./Middlewares/ST/STM32_USB_Device_Library/Core/Src/usbd_ctlreq.o
 .text.USBD_CtlSendData
                0x0800edd0       0x3c ./Middlewares/ST/STM32_USB_Device_Library/Core/Src/usbd_ioreq.o
                0x0800edd0                USBD_CtlSendData
 .text.USBD_CtlContinueSendData
                0x0800ee0c       0x22 ./Middlewares/ST/STM32_USB_Device_Library/Core/Src/usbd_ioreq.o
                0x0800ee0c                USBD_CtlContinueSendData
 .text.USBD_CtlPrepareRx
                0x0800ee2e       0x42 ./Middlewares/ST/STM32_USB_Device_Library/Core/Src/usbd_ioreq.o
                0x0800ee2e                USBD_CtlPrepareRx
 .text.USBD_CtlContinueRx
                0x0800ee70       0x22 ./Middlewares/ST/STM32_USB_Device_Library/Core/Src/usbd_ioreq.o
                0x0800ee70                USBD_CtlContinueRx
 .text.USBD_CtlSendStatus
                0x0800ee92       0x26 ./Middlewares/ST/STM32_USB_Device_Library/Core/Src/usbd_ioreq.o
                0x0800ee92                USBD_CtlSendStatus
 .text.USBD_CtlReceiveStatus
                0x0800eeb8       0x26 ./Middlewares/ST/STM32_USB_Device_Library/Core/Src/usbd_ioreq.o
                0x0800eeb8                USBD_CtlReceiveStatus
 *fill*         0x0800eede        0x2 
 .text.MX_USB_DEVICE_Init
                0x0800eee0       0x60 ./USB_DEVICE/App/usb_device.o
                0x0800eee0                MX_USB_DEVICE_Init
 .text.CDC_Init_FS
                0x0800ef40       0x28 ./USB_DEVICE/App/usbd_cdc_if.o
 .text.CDC_DeInit_FS
                0x0800ef68       0x10 ./USB_DEVICE/App/usbd_cdc_if.o
 .text.CDC_Control_FS
                0x0800ef78       0xbc ./USB_DEVICE/App/usbd_cdc_if.o
 .text.CDC_Receive_FS
                0x0800f034       0x28 ./USB_DEVICE/App/usbd_cdc_if.o
 .text.CDC_Transmit_FS
                0x0800f05c       0x4c ./USB_DEVICE/App/usbd_cdc_if.o
                0x0800f05c                CDC_Transmit_FS
 .text.CDC_TransmitCplt_FS
                0x0800f0a8       0x22 ./USB_DEVICE/App/usbd_cdc_if.o
 *fill*         0x0800f0ca        0x2 
 .text.USBD_FS_DeviceDescriptor
                0x0800f0cc       0x24 ./USB_DEVICE/App/usbd_desc.o
                0x0800f0cc                USBD_FS_DeviceDescriptor
 .text.USBD_FS_LangIDStrDescriptor
                0x0800f0f0       0x24 ./USB_DEVICE/App/usbd_desc.o
                0x0800f0f0                USBD_FS_LangIDStrDescriptor
 .text.USBD_FS_ProductStrDescriptor
                0x0800f114       0x3c ./USB_DEVICE/App/usbd_desc.o
                0x0800f114                USBD_FS_ProductStrDescriptor
 .text.USBD_FS_ManufacturerStrDescriptor
                0x0800f150       0x28 ./USB_DEVICE/App/usbd_desc.o
                0x0800f150                USBD_FS_ManufacturerStrDescriptor
 .text.USBD_FS_SerialStrDescriptor
                0x0800f178       0x24 ./USB_DEVICE/App/usbd_desc.o
                0x0800f178                USBD_FS_SerialStrDescriptor
 .text.USBD_FS_ConfigStrDescriptor
                0x0800f19c       0x3c ./USB_DEVICE/App/usbd_desc.o
                0x0800f19c                USBD_FS_ConfigStrDescriptor
 .text.USBD_FS_InterfaceStrDescriptor
                0x0800f1d8       0x3c ./USB_DEVICE/App/usbd_desc.o
                0x0800f1d8                USBD_FS_InterfaceStrDescriptor
 .text.Get_SerialNum
                0x0800f214       0x58 ./USB_DEVICE/App/usbd_desc.o
 .text.IntToUnicode
                0x0800f26c       0x7e ./USB_DEVICE/App/usbd_desc.o
 *fill*         0x0800f2ea        0x2 
 .text.HAL_PCD_MspInit
                0x0800f2ec       0xa8 ./USB_DEVICE/Target/usbd_conf.o
                0x0800f2ec                HAL_PCD_MspInit
 .text.HAL_PCD_SetupStageCallback
                0x0800f394       0x24 ./USB_DEVICE/Target/usbd_conf.o
                0x0800f394                HAL_PCD_SetupStageCallback
 .text.HAL_PCD_DataOutStageCallback
                0x0800f3b8       0x36 ./USB_DEVICE/Target/usbd_conf.o
                0x0800f3b8                HAL_PCD_DataOutStageCallback
 .text.HAL_PCD_DataInStageCallback
                0x0800f3ee       0x34 ./USB_DEVICE/Target/usbd_conf.o
                0x0800f3ee                HAL_PCD_DataInStageCallback
 .text.HAL_PCD_SOFCallback
                0x0800f422       0x1c ./USB_DEVICE/Target/usbd_conf.o
                0x0800f422                HAL_PCD_SOFCallback
 .text.HAL_PCD_ResetCallback
                0x0800f43e       0x50 ./USB_DEVICE/Target/usbd_conf.o
                0x0800f43e                HAL_PCD_ResetCallback
 *fill*         0x0800f48e        0x2 
 .text.HAL_PCD_SuspendCallback
                0x0800f490       0x4c ./USB_DEVICE/Target/usbd_conf.o
                0x0800f490                HAL_PCD_SuspendCallback
 .text.HAL_PCD_ResumeCallback
                0x0800f4dc       0x1c ./USB_DEVICE/Target/usbd_conf.o
                0x0800f4dc                HAL_PCD_ResumeCallback
 .text.HAL_PCD_ISOOUTIncompleteCallback
                0x0800f4f8       0x24 ./USB_DEVICE/Target/usbd_conf.o
                0x0800f4f8                HAL_PCD_ISOOUTIncompleteCallback
 .text.HAL_PCD_ISOINIncompleteCallback
                0x0800f51c       0x24 ./USB_DEVICE/Target/usbd_conf.o
                0x0800f51c                HAL_PCD_ISOINIncompleteCallback
 .text.HAL_PCD_ConnectCallback
                0x0800f540       0x1c ./USB_DEVICE/Target/usbd_conf.o
                0x0800f540                HAL_PCD_ConnectCallback
 .text.HAL_PCD_DisconnectCallback
                0x0800f55c       0x1c ./USB_DEVICE/Target/usbd_conf.o
                0x0800f55c                HAL_PCD_DisconnectCallback
 .text.USBD_LL_Init
                0x0800f578       0x98 ./USB_DEVICE/Target/usbd_conf.o
                0x0800f578                USBD_LL_Init
 .text.USBD_LL_Start
                0x0800f610       0x36 ./USB_DEVICE/Target/usbd_conf.o
                0x0800f610                USBD_LL_Start
 .text.USBD_LL_OpenEP
                0x0800f646       0x4c ./USB_DEVICE/Target/usbd_conf.o
                0x0800f646                USBD_LL_OpenEP
 .text.USBD_LL_CloseEP
                0x0800f692       0x3e ./USB_DEVICE/Target/usbd_conf.o
                0x0800f692                USBD_LL_CloseEP
 .text.USBD_LL_StallEP
                0x0800f6d0       0x3e ./USB_DEVICE/Target/usbd_conf.o
                0x0800f6d0                USBD_LL_StallEP
 .text.USBD_LL_ClearStallEP
                0x0800f70e       0x3e ./USB_DEVICE/Target/usbd_conf.o
                0x0800f70e                USBD_LL_ClearStallEP
 .text.USBD_LL_IsStallEP
                0x0800f74c       0x58 ./USB_DEVICE/Target/usbd_conf.o
                0x0800f74c                USBD_LL_IsStallEP
 .text.USBD_LL_SetUSBAddress
                0x0800f7a4       0x3e ./USB_DEVICE/Target/usbd_conf.o
                0x0800f7a4                USBD_LL_SetUSBAddress
 .text.USBD_LL_Transmit
                0x0800f7e2       0x42 ./USB_DEVICE/Target/usbd_conf.o
                0x0800f7e2                USBD_LL_Transmit
 .text.USBD_LL_PrepareReceive
                0x0800f824       0x42 ./USB_DEVICE/Target/usbd_conf.o
                0x0800f824                USBD_LL_PrepareReceive
 .text.USBD_LL_GetRxDataSize
                0x0800f866       0x26 ./USB_DEVICE/Target/usbd_conf.o
                0x0800f866                USBD_LL_GetRxDataSize
 .text.USBD_static_malloc
                0x0800f88c       0x1c ./USB_DEVICE/Target/usbd_conf.o
                0x0800f88c                USBD_static_malloc
 .text.USBD_static_free
                0x0800f8a8       0x14 ./USB_DEVICE/Target/usbd_conf.o
                0x0800f8a8                USBD_static_free
 .text.USBD_Get_USB_Status
                0x0800f8bc       0x58 ./USB_DEVICE/Target/usbd_conf.o
                0x0800f8bc                USBD_Get_USB_Status
 .text.__assert_func
                0x0800f914       0x3c C:/ST/STM32CubeIDE_1.17.0/STM32CubeIDE/plugins/com.st.stm32cube.ide.mcu.externaltools.gnu-tools-for-stm32.13.3.rel1.win32_1.0.100.202509120712/tools/bin/../lib/gcc/arm-none-eabi/13.3.1/../../../../arm-none-eabi/lib/thumb/v7e-m+fp/hard\libc_nano.a(libc_a-assert.o)
                0x0800f914                __assert_func
 .text.malloc   0x0800f950       0x10 C:/ST/STM32CubeIDE_1.17.0/STM32CubeIDE/plugins/com.st.stm32cube.ide.mcu.externaltools.gnu-tools-for-stm32.13.3.rel1.win32_1.0.100.202509120712/tools/bin/../lib/gcc/arm-none-eabi/13.3.1/../../../../arm-none-eabi/lib/thumb/v7e-m+fp/hard\libc_nano.a(libc_a-malloc.o)
                0x0800f950                malloc
 .text.free     0x0800f960       0x10 C:/ST/STM32CubeIDE_1.17.0/STM32CubeIDE/plugins/com.st.stm32cube.ide.mcu.externaltools.gnu-tools-for-stm32.13.3.rel1.win32_1.0.100.202509120712/tools/bin/../lib/gcc/arm-none-eabi/13.3.1/../../../../arm-none-eabi/lib/thumb/v7e-m+fp/hard\libc_nano.a(libc_a-malloc.o)
                0x0800f960                free
 .text.sbrk_aligned
                0x0800f970       0x44 C:/ST/STM32CubeIDE_1.17.0/STM32CubeIDE/plugins/com.st.stm32cube.ide.mcu.externaltools.gnu-tools-for-stm32.13.3.rel1.win32_1.0.100.202509120712/tools/bin/../lib/gcc/arm-none-eabi/13.3.1/../../../../arm-none-eabi/lib/thumb/v7e-m+fp/hard\libc_nano.a(libc_a-mallocr.o)
 .text._malloc_r
                0x0800f9b4      0x100 C:/ST/STM32CubeIDE_1.17.0/STM32CubeIDE/plugins/com.st.stm32cube.ide.mcu.externaltools.gnu-tools-for-stm32.13.3.rel1.win32_1.0.100.202509120712/tools/bin/../lib/gcc/arm-none-eabi/13.3.1/../../../../arm-none-eabi/lib/thumb/v7e-m+fp/hard\libc_nano.a(libc_a-mallocr.o)
                0x0800f9b4                _malloc_r
 .text.__malloc_lock
                0x0800fab4        0xc C:/ST/STM32CubeIDE_1.17.0/STM32CubeIDE/plugins/com.st.stm32cube.ide.mcu.externaltools.gnu-tools-for-stm32.13.3.rel1.win32_1.0.100.202509120712/tools/bin/../lib/gcc/arm-none-eabi/13.3.1/../../../../arm-none-eabi/lib/thumb/v7e-m+fp/hard\libc_nano.a(libc_a-mlock.o)
                0x0800fab4                __malloc_lock
 .text.__malloc_unlock
                0x0800fac0        0xc C:/ST/STM32CubeIDE_1.17.0/STM32CubeIDE/plugins/com.st.stm32cube.ide.mcu.externaltools.gnu-tools-for-stm32.13.3.rel1.win32_1.0.100.202509120712/tools/bin/../lib/gcc/arm-none-eabi/13.3.1/../../../../arm-none-eabi/lib/thumb/v7e-m+fp/hard\libc_nano.a(libc_a-mlock.o)
                0x0800fac0                __malloc_unlock
 .text.std      0x0800facc       0x6c C:/ST/STM32CubeIDE_1.17.0/STM32CubeIDE/plugins/com.st.stm32cube.ide.mcu.externaltools.gnu-tools-for-stm32.13.3.rel1.win32_1.0.100.202509120712/tools/bin/../lib/gcc/arm-none-eabi/13.3.1/../../../../arm-none-eabi/lib/thumb/v7e-m+fp/hard\libc_nano.a(libc_a-findfp.o)
 .text.stdio_exit_handler
                0x0800fb38       0x18 C:/ST/STM32CubeIDE_1.17.0/STM32CubeIDE/plugins/com.st.stm32cube.ide.mcu.externaltools.gnu-tools-for-stm32.13.3.rel1.win32_1.0.100.202509120712/tools/bin/../lib/gcc/arm-none-eabi/13.3.1/../../../../arm-none-eabi/lib/thumb/v7e-m+fp/hard\libc_nano.a(libc_a-findfp.o)
 .text.cleanup_stdio
                0x0800fb50       0x40 C:/ST/STM32CubeIDE_1.17.0/STM32CubeIDE/plugins/com.st.stm32cube.ide.mcu.externaltools.gnu-tools-for-stm32.13.3.rel1.win32_1.0.100.202509120712/tools/bin/../lib/gcc/arm-none-eabi/13.3.1/../../../../arm-none-eabi/lib/thumb/v7e-m+fp/hard\libc_nano.a(libc_a-findfp.o)
 .text.global_stdio_init.part.0
                0x0800fb90       0x3c C:/ST/STM32CubeIDE_1.17.0/STM32CubeIDE/plugins/com.st.stm32cube.ide.mcu.externaltools.gnu-tools-for-stm32.13.3.rel1.win32_1.0.100.202509120712/tools/bin/../lib/gcc/arm-none-eabi/13.3.1/../../../../arm-none-eabi/lib/thumb/v7e-m+fp/hard\libc_nano.a(libc_a-findfp.o)
 .text.__sfp_lock_acquire
                0x0800fbcc        0xc C:/ST/STM32CubeIDE_1.17.0/STM32CubeIDE/plugins/com.st.stm32cube.ide.mcu.externaltools.gnu-tools-for-stm32.13.3.rel1.win32_1.0.100.202509120712/tools/bin/../lib/gcc/arm-none-eabi/13.3.1/../../../../arm-none-eabi/lib/thumb/v7e-m+fp/hard\libc_nano.a(libc_a-findfp.o)
                0x0800fbcc                __sfp_lock_acquire
 .text.__sfp_lock_release
                0x0800fbd8        0xc C:/ST/STM32CubeIDE_1.17.0/STM32CubeIDE/plugins/com.st.stm32cube.ide.mcu.externaltools.gnu-tools-for-stm32.13.3.rel1.win32_1.0.100.202509120712/tools/bin/../lib/gcc/arm-none-eabi/13.3.1/../../../../arm-none-eabi/lib/thumb/v7e-m+fp/hard\libc_nano.a(libc_a-findfp.o)
                0x0800fbd8                __sfp_lock_release
 .text.__sinit  0x0800fbe4       0x30 C:/ST/STM32CubeIDE_1.17.0/STM32CubeIDE/plugins/com.st.stm32cube.ide.mcu.externaltools.gnu-tools-for-stm32.13.3.rel1.win32_1.0.100.202509120712/tools/bin/../lib/gcc/arm-none-eabi/13.3.1/../../../../arm-none-eabi/lib/thumb/v7e-m+fp/hard\libc_nano.a(libc_a-findfp.o)
                0x0800fbe4                __sinit
 .text.fprintf  0x0800fc14       0x24 C:/ST/STM32CubeIDE_1.17.0/STM32CubeIDE/plugins/com.st.stm32cube.ide.mcu.externaltools.gnu-tools-for-stm32.13.3.rel1.win32_1.0.100.202509120712/tools/bin/../lib/gcc/arm-none-eabi/13.3.1/../../../../arm-none-eabi/lib/thumb/v7e-m+fp/hard\libc_nano.a(libc_a-fprintf.o)
                0x0800fc14                fiprintf
                0x0800fc14                fprintf
 .text._fwalk_sglue
                0x0800fc38       0x3c C:/ST/STM32CubeIDE_1.17.0/STM32CubeIDE/plugins/com.st.stm32cube.ide.mcu.externaltools.gnu-tools-for-stm32.13.3.rel1.win32_1.0.100.202509120712/tools/bin/../lib/gcc/arm-none-eabi/13.3.1/../../../../arm-none-eabi/lib/thumb/v7e-m+fp/hard\libc_nano.a(libc_a-fwalk.o)
                0x0800fc38                _fwalk_sglue
 .text.printf   0x0800fc74       0x24 C:/ST/STM32CubeIDE_1.17.0/STM32CubeIDE/plugins/com.st.stm32cube.ide.mcu.externaltools.gnu-tools-for-stm32.13.3.rel1.win32_1.0.100.202509120712/tools/bin/../lib/gcc/arm-none-eabi/13.3.1/../../../../arm-none-eabi/lib/thumb/v7e-m+fp/hard\libc_nano.a(libc_a-printf.o)
                0x0800fc74                iprintf
                0x0800fc74                printf
 .text.sprintf  0x0800fc98       0x44 C:/ST/STM32CubeIDE_1.17.0/STM32CubeIDE/plugins/com.st.stm32cube.ide.mcu.externaltools.gnu-tools-for-stm32.13.3.rel1.win32_1.0.100.202509120712/tools/bin/../lib/gcc/arm-none-eabi/13.3.1/../../../../arm-none-eabi/lib/thumb/v7e-m+fp/hard\libc_nano.a(libc_a-sprintf.o)
                0x0800fc98                siprintf
                0x0800fc98                sprintf
 .text.__sread  0x0800fcdc       0x22 C:/ST/STM32CubeIDE_1.17.0/STM32CubeIDE/plugins/com.st.stm32cube.ide.mcu.externaltools.gnu-tools-for-stm32.13.3.rel1.win32_1.0.100.202509120712/tools/bin/../lib/gcc/arm-none-eabi/13.3.1/../../../../arm-none-eabi/lib/thumb/v7e-m+fp/hard\libc_nano.a(libc_a-stdio.o)
                0x0800fcdc                __sread
 .text.__swrite
                0x0800fcfe       0x38 C:/ST/STM32CubeIDE_1.17.0/STM32CubeIDE/plugins/com.st.stm32cube.ide.mcu.externaltools.gnu-tools-for-stm32.13.3.rel1.win32_1.0.100.202509120712/tools/bin/../lib/gcc/arm-none-eabi/13.3.1/../../../../arm-none-eabi/lib/thumb/v7e-m+fp/hard\libc_nano.a(libc_a-stdio.o)
                0x0800fcfe                __swrite
 .text.__sseek  0x0800fd36       0x24 C:/ST/STM32CubeIDE_1.17.0/STM32CubeIDE/plugins/com.st.stm32cube.ide.mcu.externaltools.gnu-tools-for-stm32.13.3.rel1.win32_1.0.100.202509120712/tools/bin/../lib/gcc/arm-none-eabi/13.3.1/../../../../arm-none-eabi/lib/thumb/v7e-m+fp/hard\libc_nano.a(libc_a-stdio.o)
                0x0800fd36                __sseek
 .text.__sclose
                0x0800fd5a        0x8 C:/ST/STM32CubeIDE_1.17.0/STM32CubeIDE/plugins/com.st.stm32cube.ide.mcu.externaltools.gnu-tools-for-stm32.13.3.rel1.win32_1.0.100.202509120712/tools/bin/../lib/gcc/arm-none-eabi/13.3.1/../../../../arm-none-eabi/lib/thumb/v7e-m+fp/hard\libc_nano.a(libc_a-stdio.o)
                0x0800fd5a                __sclose
 .text.memcmp   0x0800fd62       0x20 C:/ST/STM32CubeIDE_1.17.0/STM32CubeIDE/plugins/com.st.stm32cube.ide.mcu.externaltools.gnu-tools-for-stm32.13.3.rel1.win32_1.0.100.202509120712/tools/bin/../lib/gcc/arm-none-eabi/13.3.1/../../../../arm-none-eabi/lib/thumb/v7e-m+fp/hard\libc_nano.a(libc_a-memcmp.o)
                0x0800fd62                memcmp
 .text.memset   0x0800fd82       0x10 C:/ST/STM32CubeIDE_1.17.0/STM32CubeIDE/plugins/com.st.stm32cube.ide.mcu.externaltools.gnu-tools-for-stm32.13.3.rel1.win32_1.0.100.202509120712/tools/bin/../lib/gcc/arm-none-eabi/13.3.1/../../../../arm-none-eabi/lib/thumb/v7e-m+fp/hard\libc_nano.a(libc_a-memset.o)
                0x0800fd82                memset
 .text.strcspn  0x0800fd92       0x22 C:/ST/STM32CubeIDE_1.17.0/STM32CubeIDE/plugins/com.st.stm32cube.ide.mcu.externaltools.gnu-tools-for-stm32.13.3.rel1.win32_1.0.100.202509120712/tools/bin/../lib/gcc/arm-none-eabi/13.3.1/../../../../arm-none-eabi/lib/thumb/v7e-m+fp/hard\libc_nano.a(libc_a-strcspn.o)
                0x0800fd92                strcspn
 .text.strspn   0x0800fdb4       0x20 C:/ST/STM32CubeIDE_1.17.0/STM32CubeIDE/plugins/com.st.stm32cube.ide.mcu.externaltools.gnu-tools-for-stm32.13.3.rel1.win32_1.0.100.202509120712/tools/bin/../lib/gcc/arm-none-eabi/13.3.1/../../../../arm-none-eabi/lib/thumb/v7e-m+fp/hard\libc_nano.a(libc_a-strspn.o)
                0x0800fdb4                strspn
 .text._close_r
                0x0800fdd4       0x20 C:/ST/STM32CubeIDE_1.17.0/STM32CubeIDE/plugins/com.st.stm32cube.ide.mcu.externaltools.gnu-tools-for-stm32.13.3.rel1.win32_1.0.100.202509120712/tools/bin/../lib/gcc/arm-none-eabi/13.3.1/../../../../arm-none-eabi/lib/thumb/v7e-m+fp/hard\libc_nano.a(libc_a-closer.o)
                0x0800fdd4                _close_r
 .text._lseek_r
                0x0800fdf4       0x24 C:/ST/STM32CubeIDE_1.17.0/STM32CubeIDE/plugins/com.st.stm32cube.ide.mcu.externaltools.gnu-tools-for-stm32.13.3.rel1.win32_1.0.100.202509120712/tools/bin/../lib/gcc/arm-none-eabi/13.3.1/../../../../arm-none-eabi/lib/thumb/v7e-m+fp/hard\libc_nano.a(libc_a-lseekr.o)
                0x0800fdf4                _lseek_r
 .text._read_r  0x0800fe18       0x24 C:/ST/STM32CubeIDE_1.17.0/STM32CubeIDE/plugins/com.st.stm32cube.ide.mcu.externaltools.gnu-tools-for-stm32.13.3.rel1.win32_1.0.100.202509120712/tools/bin/../lib/gcc/arm-none-eabi/13.3.1/../../../../arm-none-eabi/lib/thumb/v7e-m+fp/hard\libc_nano.a(libc_a-readr.o)
                0x0800fe18                _read_r
 .text._sbrk_r  0x0800fe3c       0x20 C:/ST/STM32CubeIDE_1.17.0/STM32CubeIDE/plugins/com.st.stm32cube.ide.mcu.externaltools.gnu-tools-for-stm32.13.3.rel1.win32_1.0.100.202509120712/tools/bin/../lib/gcc/arm-none-eabi/13.3.1/../../../../arm-none-eabi/lib/thumb/v7e-m+fp/hard\libc_nano.a(libc_a-sbrkr.o)
                0x0800fe3c                _sbrk_r
 .text._write_r
                0x0800fe5c       0x24 C:/ST/STM32CubeIDE_1.17.0/STM32CubeIDE/plugins/com.st.stm32cube.ide.mcu.externaltools.gnu-tools-for-stm32.13.3.rel1.win32_1.0.100.202509120712/tools/bin/../lib/gcc/arm-none-eabi/13.3.1/../../../../arm-none-eabi/lib/thumb/v7e-m+fp/hard\libc_nano.a(libc_a-writer.o)
                0x0800fe5c                _write_r
 .text.__errno  0x0800fe80        0xc C:/ST/STM32CubeIDE_1.17.0/STM32CubeIDE/plugins/com.st.stm32cube.ide.mcu.externaltools.gnu-tools-for-stm32.13.3.rel1.win32_1.0.100.202509120712/tools/bin/../lib/gcc/arm-none-eabi/13.3.1/../../../../arm-none-eabi/lib/thumb/v7e-m+fp/hard\libc_nano.a(libc_a-errno.o)
                0x0800fe80                __errno
 .text.__libc_init_array
                0x0800fe8c       0x48 C:/ST/STM32CubeIDE_1.17.0/STM32CubeIDE/plugins/com.st.stm32cube.ide.mcu.externaltools.gnu-tools-for-stm32.13.3.rel1.win32_1.0.100.202509120712/tools/bin/../lib/gcc/arm-none-eabi/13.3.1/../../../../arm-none-eabi/lib/thumb/v7e-m+fp/hard\libc_nano.a(libc_a-init.o)
                0x0800fe8c                __libc_init_array
 .text.__retarget_lock_init_recursive
                0x0800fed4        0x2 C:/ST/STM32CubeIDE_1.17.0/STM32CubeIDE/plugins/com.st.stm32cube.ide.mcu.externaltools.gnu-tools-for-stm32.13.3.rel1.win32_1.0.100.202509120712/tools/bin/../lib/gcc/arm-none-eabi/13.3.1/../../../../arm-none-eabi/lib/thumb/v7e-m+fp/hard\libc_nano.a(libc_a-lock.o)
                0x0800fed4                __retarget_lock_init_recursive
 .text.__retarget_lock_acquire_recursive
                0x0800fed6        0x2 C:/ST/STM32CubeIDE_1.17.0/STM32CubeIDE/plugins/com.st.stm32cube.ide.mcu.externaltools.gnu-tools-for-stm32.13.3.rel1.win32_1.0.100.202509120712/tools/bin/../lib/gcc/arm-none-eabi/13.3.1/../../../../arm-none-eabi/lib/thumb/v7e-m+fp/hard\libc_nano.a(libc_a-lock.o)
                0x0800fed6                __retarget_lock_acquire_recursive
 .text.__retarget_lock_release_recursive
                0x0800fed8        0x2 C:/ST/STM32CubeIDE_1.17.0/STM32CubeIDE/plugins/com.st.stm32cube.ide.mcu.externaltools.gnu-tools-for-stm32.13.3.rel1.win32_1.0.100.202509120712/tools/bin/../lib/gcc/arm-none-eabi/13.3.1/../../../../arm-none-eabi/lib/thumb/v7e-m+fp/hard\libc_nano.a(libc_a-lock.o)
                0x0800fed8                __retarget_lock_release_recursive
 .text.memcpy   0x0800feda       0x1c C:/ST/STM32CubeIDE_1.17.0/STM32CubeIDE/plugins/com.st.stm32cube.ide.mcu.externaltools.gnu-tools-for-stm32.13.3.rel1.win32_1.0.100.202509120712/tools/bin/../lib/gcc/arm-none-eabi/13.3.1/../../../../arm-none-eabi/lib/thumb/v7e-m+fp/hard\libc_nano.a(libc_a-memcpy-stub.o)
                0x0800feda                memcpy
 .text.abort    0x0800fef6        0xe C:/ST/STM32CubeIDE_1.17.0/STM32CubeIDE/plugins/com.st.stm32cube.ide.mcu.externaltools.gnu-tools-for-stm32.13.3.rel1.win32_1.0.100.202509120712/tools/bin/../lib/gcc/arm-none-eabi/13.3.1/../../../../arm-none-eabi/lib/thumb/v7e-m+fp/hard\libc_nano.a(libc_a-abort.o)
                0x0800fef6                abort
 .text._free_r  0x0800ff04       0x94 C:/ST/STM32CubeIDE_1.17.0/STM32CubeIDE/plugins/com.st.stm32cube.ide.mcu.externaltools.gnu-tools-for-stm32.13.3.rel1.win32_1.0.100.202509120712/tools/bin/../lib/gcc/arm-none-eabi/13.3.1/../../../../arm-none-eabi/lib/thumb/v7e-m+fp/hard\libc_nano.a(libc_a-freer.o)
                0x0800ff04                _free_r
 .text.__ssputs_r
                0x0800ff98       0xb6 C:/ST/STM32CubeIDE_1.17.0/STM32CubeIDE/plugins/com.st.stm32cube.ide.mcu.externaltools.gnu-tools-for-stm32.13.3.rel1.win32_1.0.100.202509120712/tools/bin/../lib/gcc/arm-none-eabi/13.3.1/../../../../arm-none-eabi/lib/thumb/v7e-m+fp/hard\libc_nano.a(libc_a-nano-svfprintf.o)
                0x0800ff98                __ssputs_r
 *fill*         0x0801004e        0x2 
 .text._svfprintf_r
                0x08010050      0x1f8 C:/ST/STM32CubeIDE_1.17.0/STM32CubeIDE/plugins/com.st.stm32cube.ide.mcu.externaltools.gnu-tools-for-stm32.13.3.rel1.win32_1.0.100.202509120712/tools/bin/../lib/gcc/arm-none-eabi/13.3.1/../../../../arm-none-eabi/lib/thumb/v7e-m+fp/hard\libc_nano.a(libc_a-nano-svfprintf.o)
                0x08010050                _svfiprintf_r
                0x08010050                _svfprintf_r
 .text.__sfputc_r
                0x08010248       0x2e C:/ST/STM32CubeIDE_1.17.0/STM32CubeIDE/plugins/com.st.stm32cube.ide.mcu.externaltools.gnu-tools-for-stm32.13.3.rel1.win32_1.0.100.202509120712/tools/bin/../lib/gcc/arm-none-eabi/13.3.1/../../../../arm-none-eabi/lib/thumb/v7e-m+fp/hard\libc_nano.a(libc_a-nano-vfprintf.o)
 .text.__sfputs_r
                0x08010276       0x24 C:/ST/STM32CubeIDE_1.17.0/STM32CubeIDE/plugins/com.st.stm32cube.ide.mcu.externaltools.gnu-tools-for-stm32.13.3.rel1.win32_1.0.100.202509120712/tools/bin/../lib/gcc/arm-none-eabi/13.3.1/../../../../arm-none-eabi/lib/thumb/v7e-m+fp/hard\libc_nano.a(libc_a-nano-vfprintf.o)
                0x08010276                __sfputs_r
 *fill*         0x0801029a        0x2 
 .text._vfprintf_r
                0x0801029c      0x230 C:/ST/STM32CubeIDE_1.17.0/STM32CubeIDE/plugins/com.st.stm32cube.ide.mcu.externaltools.gnu-tools-for-stm32.13.3.rel1.win32_1.0.100.202509120712/tools/bin/../lib/gcc/arm-none-eabi/13.3.1/../../../../arm-none-eabi/lib/thumb/v7e-m+fp/hard\libc_nano.a(libc_a-nano-vfprintf.o)
                0x0801029c                _vfprintf_r
                0x0801029c                _vfiprintf_r
 .text._printf_common
                0x080104cc       0xda C:/ST/STM32CubeIDE_1.17.0/STM32CubeIDE/plugins/com.st.stm32cube.ide.mcu.externaltools.gnu-tools-for-stm32.13.3.rel1.win32_1.0.100.202509120712/tools/bin/../lib/gcc/arm-none-eabi/13.3.1/../../../../arm-none-eabi/lib/thumb/v7e-m+fp/hard\libc_nano.a(libc_a-nano-vfprintf_i.o)
                0x080104cc                _printf_common
 *fill*         0x080105a6        0x2 
 .text._printf_i
                0x080105a8      0x23c C:/ST/STM32CubeIDE_1.17.0/STM32CubeIDE/plugins/com.st.stm32cube.ide.mcu.externaltools.gnu-tools-for-stm32.13.3.rel1.win32_1.0.100.202509120712/tools/bin/../lib/gcc/arm-none-eabi/13.3.1/../../../../arm-none-eabi/lib/thumb/v7e-m+fp/hard\libc_nano.a(libc_a-nano-vfprintf_i.o)
                0x080105a8                _printf_i
 .text.__sflush_r
                0x080107e4      0x108 C:/ST/STM32CubeIDE_1.17.0/STM32CubeIDE/plugins/com.st.stm32cube.ide.mcu.externaltools.gnu-tools-for-stm32.13.3.rel1.win32_1.0.100.202509120712/tools/bin/../lib/gcc/arm-none-eabi/13.3.1/../../../../arm-none-eabi/lib/thumb/v7e-m+fp/hard\libc_nano.a(libc_a-fflush.o)
                0x080107e4                __sflush_r
 .text._fflush_r
                0x080108ec       0x50 C:/ST/STM32CubeIDE_1.17.0/STM32CubeIDE/plugins/com.st.stm32cube.ide.mcu.externaltools.gnu-tools-for-stm32.13.3.rel1.win32_1.0.100.202509120712/tools/bin/../lib/gcc/arm-none-eabi/13.3.1/../../../../arm-none-eabi/lib/thumb/v7e-m+fp/hard\libc_nano.a(libc_a-fflush.o)
                0x080108ec                _fflush_r
 .text.__swbuf_r
                0x0801093c       0x7c C:/ST/STM32CubeIDE_1.17.0/STM32CubeIDE/plugins/com.st.stm32cube.ide.mcu.externaltools.gnu-tools-for-stm32.13.3.rel1.win32_1.0.100.202509120712/tools/bin/../lib/gcc/arm-none-eabi/13.3.1/../../../../arm-none-eabi/lib/thumb/v7e-m+fp/hard\libc_nano.a(libc_a-wbuf.o)
                0x0801093c                __swbuf_r
 .text.__swsetup_r
                0x080109b8       0xac C:/ST/STM32CubeIDE_1.17.0/STM32CubeIDE/plugins/com.st.stm32cube.ide.mcu.externaltools.gnu-tools-for-stm32.13.3.rel1.win32_1.0.100.202509120712/tools/bin/../lib/gcc/arm-none-eabi/13.3.1/../../../../arm-none-eabi/lib/thumb/v7e-m+fp/hard\libc_nano.a(libc_a-wsetup.o)
                0x080109b8                __swsetup_r
 .text.memmove  0x08010a64       0x34 C:/ST/STM32CubeIDE_1.17.0/STM32CubeIDE/plugins/com.st.stm32cube.ide.mcu.externaltools.gnu-tools-for-stm32.13.3.rel1.win32_1.0.100.202509120712/tools/bin/../lib/gcc/arm-none-eabi/13.3.1/../../../../arm-none-eabi/lib/thumb/v7e-m+fp/hard\libc_nano.a(libc_a-memmove.o)
                0x08010a64                memmove
 .text._raise_r
                0x08010a98       0x50 C:/ST/STM32CubeIDE_1.17.0/STM32CubeIDE/plugins/com.st.stm32cube.ide.mcu.externaltools.gnu-tools-for-stm32.13.3.rel1.win32_1.0.100.202509120712/tools/bin/../lib/gcc/arm-none-eabi/13.3.1/../../../../arm-none-eabi/lib/thumb/v7e-m+fp/hard\libc_nano.a(libc_a-signal.o)
                0x08010a98                _raise_r
 .text.raise    0x08010ae8       0x10 C:/ST/STM32CubeIDE_1.17.0/STM32CubeIDE/plugins/com.st.stm32cube.ide.mcu.externaltools.gnu-tools-for-stm32.13.3.rel1.win32_1.0.100.202509120712/tools/bin/../lib/gcc/arm-none-eabi/13.3.1/../../../../arm-none-eabi/lib/thumb/v7e-m+fp/hard\libc_nano.a(libc_a-signal.o)
                0x08010ae8                raise
 .text._kill_r  0x08010af8       0x24 C:/ST/STM32CubeIDE_1.17.0/STM32CubeIDE/plugins/com.st.stm32cube.ide.mcu.externaltools.gnu-tools-for-stm32.13.3.rel1.win32_1.0.100.202509120712/tools/bin/../lib/gcc/arm-none-eabi/13.3.1/../../../../arm-none-eabi/lib/thumb/v7e-m+fp/hard\libc_nano.a(libc_a-signalr.o)
                0x08010af8                _kill_r
 .text._getpid_r
                0x08010b1c        0x4 C:/ST/STM32CubeIDE_1.17.0/STM32CubeIDE/plugins/com.st.stm32cube.ide.mcu.externaltools.gnu-tools-for-stm32.13.3.rel1.win32_1.0.100.202509120712/tools/bin/../lib/gcc/arm-none-eabi/13.3.1/../../../../arm-none-eabi/lib/thumb/v7e-m+fp/hard\libc_nano.a(libc_a-signalr.o)
                0x08010b1c                _getpid_r
 .text._realloc_r
                0x08010b20       0x5c C:/ST/STM32CubeIDE_1.17.0/STM32CubeIDE/plugins/com.st.stm32cube.ide.mcu.externaltools.gnu-tools-for-stm32.13.3.rel1.win32_1.0.100.202509120712/tools/bin/../lib/gcc/arm-none-eabi/13.3.1/../../../../arm-none-eabi/lib/thumb/v7e-m+fp/hard\libc_nano.a(libc_a-reallocr.o)
                0x08010b20                _realloc_r
 .text.__swhatbuf_r
                0x08010b7c       0x4c C:/ST/STM32CubeIDE_1.17.0/STM32CubeIDE/plugins/com.st.stm32cube.ide.mcu.externaltools.gnu-tools-for-stm32.13.3.rel1.win32_1.0.100.202509120712/tools/bin/../lib/gcc/arm-none-eabi/13.3.1/../../../../arm-none-eabi/lib/thumb/v7e-m+fp/hard\libc_nano.a(libc_a-makebuf.o)
                0x08010b7c                __swhatbuf_r
 .text.__smakebuf_r
                0x08010bc8       0x78 C:/ST/STM32CubeIDE_1.17.0/STM32CubeIDE/plugins/com.st.stm32cube.ide.mcu.externaltools.gnu-tools-for-stm32.13.3.rel1.win32_1.0.100.202509120712/tools/bin/../lib/gcc/arm-none-eabi/13.3.1/../../../../arm-none-eabi/lib/thumb/v7e-m+fp/hard\libc_nano.a(libc_a-makebuf.o)
                0x08010bc8                __smakebuf_r
 .text._fstat_r
                0x08010c40       0x24 C:/ST/STM32CubeIDE_1.17.0/STM32CubeIDE/plugins/com.st.stm32cube.ide.mcu.externaltools.gnu-tools-for-stm32.13.3.rel1.win32_1.0.100.202509120712/tools/bin/../lib/gcc/arm-none-eabi/13.3.1/../../../../arm-none-eabi/lib/thumb/v7e-m+fp/hard\libc_nano.a(libc_a-fstatr.o)
                0x08010c40                _fstat_r
 .text._isatty_r
                0x08010c64       0x20 C:/ST/STM32CubeIDE_1.17.0/STM32CubeIDE/plugins/com.st.stm32cube.ide.mcu.externaltools.gnu-tools-for-stm32.13.3.rel1.win32_1.0.100.202509120712/tools/bin/../lib/gcc/arm-none-eabi/13.3.1/../../../../arm-none-eabi/lib/thumb/v7e-m+fp/hard\libc_nano.a(libc_a-isattyr.o)
                0x08010c64                _isatty_r
 .text._malloc_usable_size_r
                0x08010c84       0x10 C:/ST/STM32CubeIDE_1.17.0/STM32CubeIDE/plugins/com.st.stm32cube.ide.mcu.externaltools.gnu-tools-for-stm32.13.3.rel1.win32_1.0.100.202509120712/tools/bin/../lib/gcc/arm-none-eabi/13.3.1/../../../../arm-none-eabi/lib/thumb/v7e-m+fp/hard\libc_nano.a(libc_a-msizer.o)
                0x08010c84                _malloc_usable_size_r
 *(.glue_7)
 .glue_7        0x08010c94        0x0 linker stubs
 *(.glue_7t)
 .glue_7t       0x08010c94        0x0 linker stubs
 *(.eh_frame)
 .eh_frame      0x08010c94        0x0 C:/ST/STM32CubeIDE_1.17.0/STM32CubeIDE/plugins/com.st.stm32cube.ide.mcu.externaltools.gnu-tools-for-stm32.13.3.rel1.win32_1.0.100.202509120712/tools/bin/../lib/gcc/arm-none-eabi/13.3.1/thumb/v7e-m+fp/hard/crtbegin.o
 *(.init)
 .init          0x08010c94        0x4 C:/ST/STM32CubeIDE_1.17.0/STM32CubeIDE/plugins/com.st.stm32cube.ide.mcu.externaltools.gnu-tools-for-stm32.13.3.rel1.win32_1.0.100.202509120712/tools/bin/../lib/gcc/arm-none-eabi/13.3.1/thumb/v7e-m+fp/hard/crti.o
                0x08010c94                _init
 .init          0x08010c98        0x8 C:/ST/STM32CubeIDE_1.17.0/STM32CubeIDE/plugins/com.st.stm32cube.ide.mcu.externaltools.gnu-tools-for-stm32.13.3.rel1.win32_1.0.100.202509120712/tools/bin/../lib/gcc/arm-none-eabi/13.3.1/thumb/v7e-m+fp/hard/crtn.o
 *(.fini)
 .fini          0x08010ca0        0x4 C:/ST/STM32CubeIDE_1.17.0/STM32CubeIDE/plugins/com.st.stm32cube.ide.mcu.externaltools.gnu-tools-for-stm32.13.3.rel1.win32_1.0.100.202509120712/tools/bin/../lib/gcc/arm-none-eabi/13.3.1/thumb/v7e-m+fp/hard/crti.o
                0x08010ca0                _fini
 .fini          0x08010ca4        0x8 C:/ST/STM32CubeIDE_1.17.0/STM32CubeIDE/plugins/com.st.stm32cube.ide.mcu.externaltools.gnu-tools-for-stm32.13.3.rel1.win32_1.0.100.202509120712/tools/bin/../lib/gcc/arm-none-eabi/13.3.1/thumb/v7e-m+fp/hard/crtn.o
                0x08010cac                        . = ALIGN (0x4)
                0x08010cac                        _etext = .

.vfp11_veneer   0x08010cac        0x0
 .vfp11_veneer  0x08010cac        0x0 linker stubs

.v4_bx          0x08010cac        0x0
 .v4_bx         0x08010cac        0x0 linker stubs

.iplt           0x08010cac        0x0
 .iplt          0x08010cac        0x0 C:/ST/STM32CubeIDE_1.17.0/STM32CubeIDE/plugins/com.st.stm32cube.ide.mcu.externaltools.gnu-tools-for-stm32.13.3.rel1.win32_1.0.100.202509120712/tools/bin/../lib/gcc/arm-none-eabi/13.3.1/thumb/v7e-m+fp/hard/crtbegin.o

.rodata         0x08010cac     0x1158
                0x08010cac                        . = ALIGN (0x4)
 *(.rodata)
 .rodata        0x08010cac      0xe3e ./Core/Src/lfs.o
 *fill*         0x08011aea        0x2 
 .rodata        0x08011aec       0xa5 ./Core/Src/main.o
 *fill*         0x08011b91        0x3 
 .rodata        0x08011b94       0x46 ./USB_DEVICE/App/usbd_desc.o
 *(.rodata*)
 *fill*         0x08011bda        0x2 
 .rodata.__func__.31
                0x08011bdc        0xc ./Core/Src/lfs.o
 .rodata.__func__.30
                0x08011be8        0xd ./Core/Src/lfs.o
 *fill*         0x08011bf5        0x3 
 .rodata.__func__.29
                0x08011bf8        0xc ./Core/Src/lfs.o
 .rodata.__func__.28
                0x08011c04        0xc ./Core/Src/lfs.o
 .rodata.__func__.27
                0x08011c10        0xd ./Core/Src/lfs.o
 *fill*         0x08011c1d        0x3 
 .rodata.__func__.26
                0x08011c20       0x11 ./Core/Src/lfs.o
 *fill*         0x08011c31        0x3 
 .rodata.__func__.25
                0x08011c34       0x11 ./Core/Src/lfs.o
 *fill*         0x08011c45        0x3 
 .rodata.__func__.24
                0x08011c48       0x10 ./Core/Src/lfs.o
 .rodata.__func__.23
                0x08011c58       0x19 ./Core/Src/lfs.o
 *fill*         0x08011c71        0x3 
 .rodata.__func__.22
                0x08011c74       0x18 ./Core/Src/lfs.o
 .rodata.defaults.21
                0x08011c8c        0xc ./Core/Src/lfs.o
 .rodata.__func__.20
                0x08011c98        0xf ./Core/Src/lfs.o
 *fill*         0x08011ca7        0x1 
 .rodata.__func__.19
                0x08011ca8       0x10 ./Core/Src/lfs.o
 .rodata.__func__.15
                0x08011cb8        0x9 ./Core/Src/lfs.o
 *fill*         0x08011cc1        0x3 
 .rodata.__func__.14
                0x08011cc4        0xc ./Core/Src/lfs.o
 .rodata.__func__.13
                0x08011cd0       0x13 ./Core/Src/lfs.o
 *fill*         0x08011ce3        0x1 
 .rodata.__func__.12
                0x08011ce4        0xe ./Core/Src/lfs.o
 *fill*         0x08011cf2        0x2 
 .rodata.__func__.10
                0x08011cf4        0xe ./Core/Src/lfs.o
 *fill*         0x08011d02        0x2 
 .rodata.__func__.8
                0x08011d04        0xf ./Core/Src/lfs.o
 *fill*         0x08011d13        0x1 
 .rodata.__func__.6
                0x08011d14        0xe ./Core/Src/lfs.o
 *fill*         0x08011d22        0x2 
 .rodata.__func__.5
                0x08011d24        0xf ./Core/Src/lfs.o
 *fill*         0x08011d33        0x1 
 .rodata.__func__.0
                0x08011d34        0xd ./Core/Src/lfs.o
 *fill*         0x08011d41        0x3 
 .rodata.rtable.0
                0x08011d44       0x40 ./Core/Src/lfs_util.o
 .rodata.AHBPrescTable
                0x08011d84       0x10 ./Core/Src/system_stm32f4xx.o
                0x08011d84                AHBPrescTable
 .rodata.__assert_func.str1.1
                0x08011d94       0x6f C:/ST/STM32CubeIDE_1.17.0/STM32CubeIDE/plugins/com.st.stm32cube.ide.mcu.externaltools.gnu-tools-for-stm32.13.3.rel1.win32_1.0.100.202509120712/tools/bin/../lib/gcc/arm-none-eabi/13.3.1/../../../../arm-none-eabi/lib/thumb/v7e-m+fp/hard\libc_nano.a(libc_a-assert.o)
                                 0x3d (size before relaxing)
 .rodata._svfprintf_r.str1.1
                0x08011e03        0x0 C:/ST/STM32CubeIDE_1.17.0/STM32CubeIDE/plugins/com.st.stm32cube.ide.mcu.externaltools.gnu-tools-for-stm32.13.3.rel1.win32_1.0.100.202509120712/tools/bin/../lib/gcc/arm-none-eabi/13.3.1/../../../../arm-none-eabi/lib/thumb/v7e-m+fp/hard\libc_nano.a(libc_a-nano-svfprintf.o)
                                 0x11 (size before relaxing)
 .rodata._vfprintf_r.str1.1
                0x08011e03        0x0 C:/ST/STM32CubeIDE_1.17.0/STM32CubeIDE/plugins/com.st.stm32cube.ide.mcu.externaltools.gnu-tools-for-stm32.13.3.rel1.win32_1.0.100.202509120712/tools/bin/../lib/gcc/arm-none-eabi/13.3.1/../../../../arm-none-eabi/lib/thumb/v7e-m+fp/hard\libc_nano.a(libc_a-nano-vfprintf.o)
                                 0x11 (size before relaxing)
 .rodata._printf_i.str1.1
                0x08011e03        0x0 C:/ST/STM32CubeIDE_1.17.0/STM32CubeIDE/plugins/com.st.stm32cube.ide.mcu.externaltools.gnu-tools-for-stm32.13.3.rel1.win32_1.0.100.202509120712/tools/bin/../lib/gcc/arm-none-eabi/13.3.1/../../../../arm-none-eabi/lib/thumb/v7e-m+fp/hard\libc_nano.a(libc_a-nano-vfprintf_i.o)
                                 0x22 (size before relaxing)
                0x08011e04                        . = ALIGN (0x4)
 *fill*         0x08011e03        0x1 

.ARM.extab      0x08011e04        0x0
                0x08011e04                        . = ALIGN (0x4)
 *(.ARM.extab* .gnu.linkonce.armextab.*)
                0x08011e04                        . = ALIGN (0x4)

.ARM            0x08011e04        0x8
                0x08011e04                        . = ALIGN (0x4)
                0x08011e04                        __exidx_start = .
 *(.ARM.exidx*)
 .ARM.exidx     0x08011e04        0x8 C:/ST/STM32CubeIDE_1.17.0/STM32CubeIDE/plugins/com.st.stm32cube.ide.mcu.externaltools.gnu-tools-for-stm32.13.3.rel1.win32_1.0.100.202509120712/tools/bin/../lib/gcc/arm-none-eabi/13.3.1/../../../../arm-none-eabi/lib/thumb/v7e-m+fp/hard\libc_nano.a(libc_a-strlen.o)
 .ARM.exidx     0x08011e0c        0x0 C:/ST/STM32CubeIDE_1.17.0/STM32CubeIDE/plugins/com.st.stm32cube.ide.mcu.externaltools.gnu-tools-for-stm32.13.3.rel1.win32_1.0.100.202509120712/tools/bin/../lib/gcc/arm-none-eabi/13.3.1/../../../../arm-none-eabi/lib/thumb/v7e-m+fp/hard\libc_nano.a(libc_a-memchr.o)
                                  0x8 (size before relaxing)
 .ARM.exidx     0x08011e0c        0x0 C:/ST/STM32CubeIDE_1.17.0/STM32CubeIDE/plugins/com.st.stm32cube.ide.mcu.externaltools.gnu-tools-for-stm32.13.3.rel1.win32_1.0.100.202509120712/tools/bin/../lib/gcc/arm-none-eabi/13.3.1/thumb/v7e-m+fp/hard\libgcc.a(_udivmoddi4.o)
                                  0x8 (size before relaxing)
                0x08011e0c                        __exidx_end = .
                0x08011e0c                        . = ALIGN (0x4)

.preinit_array  0x08011e0c        0x0
                0x08011e0c                        . = ALIGN (0x4)
                0x08011e0c                        PROVIDE (__preinit_array_start = .)
 *(.preinit_array*)
                0x08011e0c                        PROVIDE (__preinit_array_end = .)
                0x08011e0c                        . = ALIGN (0x4)

.init_array     0x08011e0c        0x4
                0x08011e0c                        . = ALIGN (0x4)
                0x08011e0c                        PROVIDE (__init_array_start = .)
 *(SORT_BY_NAME(.init_array.*))
 *(.init_array*)
 .init_array    0x08011e0c        0x4 C:/ST/STM32CubeIDE_1.17.0/STM32CubeIDE/plugins/com.st.stm32cube.ide.mcu.externaltools.gnu-tools-for-stm32.13.3.rel1.win32_1.0.100.202509120712/tools/bin/../lib/gcc/arm-none-eabi/13.3.1/thumb/v7e-m+fp/hard/crtbegin.o
                0x08011e10                        PROVIDE (__init_array_end = .)
                0x08011e10                        . = ALIGN (0x4)

.fini_array     0x08011e10        0x4
                0x08011e10                        . = ALIGN (0x4)
                [!provide]                        PROVIDE (__fini_array_start = .)
 *(SORT_BY_NAME(.fini_array.*))
 *(.fini_array*)
 .fini_array    0x08011e10        0x4 C:/ST/STM32CubeIDE_1.17.0/STM32CubeIDE/plugins/com.st.stm32cube.ide.mcu.externaltools.gnu-tools-for-stm32.13.3.rel1.win32_1.0.100.202509120712/tools/bin/../lib/gcc/arm-none-eabi/13.3.1/thumb/v7e-m+fp/hard/crtbegin.o
                [!provide]                        PROVIDE (__fini_array_end = .)
                0x08011e14                        . = ALIGN (0x4)
                0x08011e14                        _sidata = LOADADDR (.data)

.rel.dyn        0x08011e14        0x0
 .rel.iplt      0x08011e14        0x0 C:/ST/STM32CubeIDE_1.17.0/STM32CubeIDE/plugins/com.st.stm32cube.ide.mcu.externaltools.gnu-tools-for-stm32.13.3.rel1.win32_1.0.100.202509120712/tools/bin/../lib/gcc/arm-none-eabi/13.3.1/thumb/v7e-m+fp/hard/crtbegin.o

.data           0x20000000      0x1ac load address 0x08011e14
                0x20000000                        . = ALIGN (0x4)
                0x20000000                        _sdata = .
 *(.data)
 *(.data*)
 .data.cfg      0x20000000       0x54 ./Core/Src/main.o
                0x20000000                cfg
 .data.SystemCoreClock
                0x20000054        0x4 ./Core/Src/system_stm32f4xx.o