Archive member included to satisfy reference by file (symbol)

C:/ST/STM32CubeIDE_2.1.1/STM32CubeIDE/plugins/com.st.stm32cube.ide.mcu.externaltools.gnu-tools-for-stm32.14.3.rel1.win32_1.0.100.202602081740/tools/bin/../lib/gcc/arm-none-eabi/14.3.1/../../../../arm-none-eabi/lib/thumb/v7e-m+fp/hard\libc_nano.a(libc_a-assert.o)
                              ./Core/Src/lfs.o (__assert_func)
C:/ST/STM32CubeIDE_2.1.1/STM32CubeIDE/plugins/com.st.stm32cube.ide.mcu.externaltools.gnu-tools-for-stm32.14.3.rel1.win32_1.0.100.202602081740/tools/bin/../lib/gcc/arm-none-eabi/14.3.1/../../../../arm-none-eabi/lib/thumb/v7e-m+fp/hard\libc_nano.a(libc_a-exit.o)
                              C:/ST/STM32CubeIDE_2.1.1/STM32CubeIDE/plugins/com.st.stm32cube.ide.mcu.externaltools.gnu-tools-for-stm32.14.3.rel1.win32_1.0.100.202602081740/tools/bin/../lib/gcc/arm-none-eabi/14.3.1/../../../../arm-none-eabi/lib/thumb/v7e-m+fp/hard/crt0.o (exit)
C:/ST/STM32CubeIDE_2.1.1/STM32CubeIDE/plugins/com.st.stm32cube.ide.mcu.externaltools.gnu-tools-for-stm32.14.3.rel1.win32_1.0.100.202602081740/tools/bin/../lib/gcc/arm-none-eabi/14.3.1/../../../../arm-none-eabi/lib/thumb/v7e-m+fp/hard\libc_nano.a(libc_a-malloc.o)
                              ./Core/Src/lfs.o (malloc)
C:/ST/STM32CubeIDE_2.1.1/STM32CubeIDE/plugins/com.st.stm32cube.ide.mcu.externaltools.gnu-tools-for-stm32.14.3.rel1.win32_1.0.100.202602081740/tools/bin/../lib/gcc/arm-none-eabi/14.3.1/../../../../arm-none-eabi/lib/thumb/v7e-m+fp/hard\libc_nano.a(libc_a-mallocr.o)
                              C:/ST/STM32CubeIDE_2.1.1/STM32CubeIDE/plugins/com.st.stm32cube.ide.mcu.externaltools.gnu-tools-for-stm32.14.3.rel1.win32_1.0.100.202602081740/tools/bin/../lib/gcc/arm-none-eabi/14.3.1/../../../../arm-none-eabi/lib/thumb/v7e-m+fp/hard\libc_nano.a(libc_a-malloc.o) (_malloc_r)
C:/ST/STM32CubeIDE_2.1.1/STM32CubeIDE/plugins/com.st.stm32cube.ide.mcu.externaltools.gnu-tools-for-stm32.14.3.rel1.win32_1.0.100.202602081740/tools/bin/../lib/gcc/arm-none-eabi/14.3.1/../../../../arm-none-eabi/lib/thumb/v7e-m+fp/hard\libc_nano.a(libc_a-mlock.o)
                              C:/ST/STM32CubeIDE_2.1.1/STM32CubeIDE/plugins/com.st.stm32cube.ide.mcu.externaltools.gnu-tools-for-stm32.14.3.rel1.win32_1.0.100.202602081740/tools/bin/../lib/gcc/arm-none-eabi/14.3.1/../../../../arm-none-eabi/lib/thumb/v7e-m+fp/hard\libc_nano.a(libc_a-mallocr.o) (__malloc_lock)
C:/ST/STM32CubeIDE_2.1.1/STM32CubeIDE/plugins/com.st.stm32cube.ide.mcu.externaltools.gnu-tools-for-stm32.14.3.rel1.win32_1.0.100.202602081740/tools/bin/../lib/gcc/arm-none-eabi/14.3.1/../../../../arm-none-eabi/lib/thumb/v7e-m+fp/hard\libc_nano.a(libc_a-findfp.o)
                              C:/ST/STM32CubeIDE_2.1.1/STM32CubeIDE/plugins/com.st.stm32cube.ide.mcu.externaltools.gnu-tools-for-stm32.14.3.rel1.win32_1.0.100.202602081740/tools/bin/../lib/gcc/arm-none-eabi/14.3.1/../../../../arm-none-eabi/lib/thumb/v7e-m+fp/hard\libc_nano.a(libc_a-exit.o) (__stdio_exit_handler)
C:/ST/STM32CubeIDE_2.1.1/STM32CubeIDE/plugins/com.st.stm32cube.ide.mcu.externaltools.gnu-tools-for-stm32.14.3.rel1.win32_1.0.100.202602081740/tools/bin/../lib/gcc/arm-none-eabi/14.3.1/../../../../arm-none-eabi/lib/thumb/v7e-m+fp/hard\libc_nano.a(libc_a-fprintf.o)
                              C:/ST/STM32CubeIDE_2.1.1/STM32CubeIDE/plugins/com.st.stm32cube.ide.mcu.externaltools.gnu-tools-for-stm32.14.3.rel1.win32_1.0.100.202602081740/tools/bin/../lib/gcc/arm-none-eabi/14.3.1/../../../../arm-none-eabi/lib/thumb/v7e-m+fp/hard\libc_nano.a(libc_a-assert.o) (fiprintf)
C:/ST/STM32CubeIDE_2.1.1/STM32CubeIDE/plugins/com.st.stm32cube.ide.mcu.externaltools.gnu-tools-for-stm32.14.3.rel1.win32_1.0.100.202602081740/tools/bin/../lib/gcc/arm-none-eabi/14.3.1/../../../../arm-none-eabi/lib/thumb/v7e-m+fp/hard\libc_nano.a(libc_a-fwalk.o)
                              C:/ST/STM32CubeIDE_2.1.1/STM32CubeIDE/plugins/com.st.stm32cube.ide.mcu.externaltools.gnu-tools-for-stm32.14.3.rel1.win32_1.0.100.202602081740/tools/bin/../lib/gcc/arm-none-eabi/14.3.1/../../../../arm-none-eabi/lib/thumb/v7e-m+fp/hard\libc_nano.a(libc_a-findfp.o) (_fwalk_sglue)
C:/ST/STM32CubeIDE_2.1.1/STM32CubeIDE/plugins/com.st.stm32cube.ide.mcu.externaltools.gnu-tools-for-stm32.14.3.rel1.win32_1.0.100.202602081740/tools/bin/../lib/gcc/arm-none-eabi/14.3.1/../../../../arm-none-eabi/lib/thumb/v7e-m+fp/hard\libc_nano.a(libc_a-printf.o)
                              ./Core/Src/file_transfer.o (printf)
C:/ST/STM32CubeIDE_2.1.1/STM32CubeIDE/plugins/com.st.stm32cube.ide.mcu.externaltools.gnu-tools-for-stm32.14.3.rel1.win32_1.0.100.202602081740/tools/bin/../lib/gcc/arm-none-eabi/14.3.1/../../../../arm-none-eabi/lib/thumb/v7e-m+fp/hard\libc_nano.a(libc_a-puts.o)
                              ./Core/Src/file_transfer.o (puts)
[...]
Memory Configuration

Name             Origin             Length             Attributes
CCMRAM           0x10000000         0x00010000         xrw
RAM              0x20000000         0x00020000         xrw
FLASH            0x08000000         0x00100000         xr
*default*        0x00000000         0xffffffff

Linker script and memory map

LOAD C:/ST/STM32CubeIDE_2.1.1/STM32CubeIDE/plugins/com.st.stm32cube.ide.mcu.externaltools.gnu-tools-for-stm32.14.3.rel1.win32_1.0.100.202602081740/tools/bin/../lib/gcc/arm-none-eabi/14.3.1/thumb/v7e-m+fp/hard/crti.o
LOAD C:/ST/STM32CubeIDE_2.1.1/STM32CubeIDE/plugins/com.st.stm32cube.ide.mcu.externaltools.gnu-tools-for-stm32.14.3.rel1.win32_1.0.100.202602081740/tools/bin/../lib/gcc/arm-none-eabi/14.3.1/thumb/v7e-m+fp/hard/crtbegin.o
LOAD C:/ST/STM32CubeIDE_2.1.1/STM32CubeIDE/plugins/com.st.stm32cube.ide.mcu.externaltools.gnu-tools-for-stm32.14.3.rel1.win32_1.0.100.202602081740/tools/bin/../lib/gcc/arm-none-eabi/14.3.1/../../../../arm-none-eabi/lib/thumb/v7e-m+fp/hard/crt0.o
LOAD ./Core/Src/W25Qxx.o
LOAD ./Core/Src/file_transfer.o
LOAD ./Core/Src/lfs.o
LOAD ./Core/Src/lfs_util.o
LOAD ./Core/Src/main.o
LOAD ./Core/Src/stm32f4xx_hal_msp.o
LOAD ./Core/Src/stm32f4xx_it.o
LOAD ./Core/Src/syscalls.o
LOAD ./Core/Src/sysmem.o
LOAD ./Core/Src/system_stm32f4xx.o
LOAD ./Core/Startup/startup_stm32f407zgtx.o
LOAD ./Drivers/STM32F4xx_HAL_Driver/Src/stm32f4xx_hal.o
LOAD ./Drivers/STM32F4xx_HAL_Driver/Src/stm32f4xx_hal_cortex.o
LOAD ./Drivers/STM32F4xx_HAL_Driver/Src/stm32f4xx_hal_dma.o
LOAD ./Drivers/STM32F4xx_HAL_Driver/Src/stm32f4xx_hal_dma_ex.o
LOAD ./Drivers/STM32F4xx_HAL_Driver/Src/stm32f4xx_hal_exti.o
LOAD ./Drivers/STM32F4xx_HAL_Driver/Src/stm32f4xx_hal_flash.o
LOAD ./Drivers/STM32F4xx_HAL_Driver/Src/stm32f4xx_hal_flash_ex.o
LOAD ./Drivers/STM32F4xx_HAL_Driver/Src/stm32f4xx_hal_flash_ramfunc.o
LOAD ./Drivers/STM32F4xx_HAL_Driver/Src/stm32f4xx_hal_gpio.o
LOAD ./Drivers/STM32F4xx_HAL_Driver/Src/stm32f4xx_hal_pwr.o
LOAD ./Drivers/STM32F4xx_HAL_Driver/Src/stm32f4xx_hal_pwr_ex.o
LOAD ./Drivers/STM32F4xx_HAL_Driver/Src/stm32f4xx_hal_rcc.o
LOAD ./Drivers/STM32F4xx_HAL_Driver/Src/stm32f4xx_hal_rcc_ex.o
LOAD ./Drivers/STM32F4xx_HAL_Driver/Src/stm32f4xx_hal_spi.o
LOAD ./Drivers/STM32F4xx_HAL_Driver/Src/stm32f4xx_hal_uart.o
START GROUP
LOAD C:/ST/STM32CubeIDE_2.1.1/STM32CubeIDE/plugins/com.st.stm32cube.ide.mcu.externaltools.gnu-tools-for-stm32.14.3.rel1.win32_1.0.100.202602081740/tools/bin/../lib/gcc/arm-none-eabi/14.3.1/../../../../arm-none-eabi/lib/thumb/v7e-m+fp/hard\libc_nano.a
LOAD C:/ST/STM32CubeIDE_2.1.1/STM32CubeIDE/plugins/com.st.stm32cube.ide.mcu.externaltools.gnu-tools-for-stm32.14.3.rel1.win32_1.0.100.202602081740/tools/bin/../lib/gcc/arm-none-eabi/14.3.1/../../../../arm-none-eabi/lib/thumb/v7e-m+fp/hard\libm.a
END GROUP
START GROUP
LOAD C:/ST/STM32CubeIDE_2.1.1/STM32CubeIDE/plugins/com.st.stm32cube.ide.mcu.externaltools.gnu-tools-for-stm32.14.3.rel1.win32_1.0.100.202602081740/tools/bin/../lib/gcc/arm-none-eabi/14.3.1/thumb/v7e-m+fp/hard\libgcc.a
LOAD C:/ST/STM32CubeIDE_2.1.1/STM32CubeIDE/plugins/com.st.stm32cube.ide.mcu.externaltools.gnu-tools-for-stm32.14.3.rel1.win32_1.0.100.202602081740/tools/bin/../lib/gcc/arm-none-eabi/14.3.1/../../../../arm-none-eabi/lib/thumb/v7e-m+fp/hard\libc_nano.a
END GROUP
START GROUP
LOAD C:/ST/STM32CubeIDE_2.1.1/STM32CubeIDE/plugins/com.st.stm32cube.ide.mcu.externaltools.gnu-tools-for-stm32.14.3.rel1.win32_1.0.100.202602081740/tools/bin/../lib/gcc/arm-none-eabi/14.3.1/thumb/v7e-m+fp/hard\libgcc.a
LOAD C:/ST/STM32CubeIDE_2.1.1/STM32CubeIDE/plugins/com.st.stm32cube.ide.mcu.externaltools.gnu-tools-for-stm32.14.3.rel1.win32_1.0.100.202602081740/tools/bin/../lib/gcc/arm-none-eabi/14.3.1/../../../../arm-none-eabi/lib/thumb/v7e-m+fp/hard\libc_nano.a
LOAD C:/ST/STM32CubeIDE_2.1.1/STM32CubeIDE/plugins/com.st.stm32cube.ide.mcu.externaltools.gnu-tools-for-stm32.14.3.rel1.win32_1.0.100.202602081740/tools/bin/../lib/gcc/arm-none-eabi/14.3.1/../../../../arm-none-eabi/lib/thumb/v7e-m+fp/hard\libnosys.a
END GROUP
START GROUP
LOAD C:/ST/STM32CubeIDE_2.1.1/STM32CubeIDE/plugins/com.st.stm32cube.ide.mcu.externaltools.gnu-tools-for-stm32.14.3.rel1.win32_1.0.100.202602081740/tools/bin/../lib/gcc/arm-none-eabi/14.3.1/thumb/v7e-m+fp/hard\libgcc.a
LOAD C:/ST/STM32CubeIDE_2.1.1/STM32CubeIDE/plugins/com.st.stm32cube.ide.mcu.externaltools.gnu-tools-for-stm32.14.3.rel1.win32_1.0.100.202602081740/tools/bin/../lib/gcc/arm-none-eabi/14.3.1/../../../../arm-none-eabi/lib/thumb/v7e-m+fp/hard\libc_nano.a
LOAD C:/ST/STM32CubeIDE_2.1.1/STM32CubeIDE/plugins/com.st.stm32cube.ide.mcu.externaltools.gnu-tools-for-stm32.14.3.rel1.win32_1.0.100.202602081740/tools/bin/../lib/gcc/arm-none-eabi/14.3.1/../../../../arm-none-eabi/lib/thumb/v7e-m+fp/hard\libnosys.a
END GROUP
LOAD C:/ST/STM32CubeIDE_2.1.1/STM32CubeIDE/plugins/com.st.stm32cube.ide.mcu.externaltools.gnu-tools-for-stm32.14.3.rel1.win32_1.0.100.202602081740/tools/bin/../lib/gcc/arm-none-eabi/14.3.1/thumb/v7e-m+fp/hard/crtend.o
LOAD C:/ST/STM32CubeIDE_2.1.1/STM32CubeIDE/plugins/com.st.stm32cube.ide.mcu.externaltools.gnu-tools-for-stm32.14.3.rel1.win32_1.0.100.202602081740/tools/bin/../lib/gcc/arm-none-eabi/14.3.1/thumb/v7e-m+fp/hard/crtn.o
                0x20020000                        _estack = (ORIGIN (RAM) + LENGTH (RAM))
                0x00002000                        _Min_Heap_Size = 0x2000
                0x00004000                        _Min_Stack_Size = 0x4000

.isr_vector     0x08000000      0x188
                0x08000000                        . = ALIGN (0x4)
 *(.isr_vector)
 .isr_vector    0x08000000      0x188 ./Core/Startup/startup_stm32f407zgtx.o
                0x08000000                g_pfnVectors
                0x08000188                        . = ALIGN (0x4)

.text           0x08000190     0xde4c
                0x08000190                        . = ALIGN (0x4)
 *(.text)
 .text          0x08000190       0x40 C:/ST/STM32CubeIDE_2.1.1/STM32CubeIDE/plugins/com.st.stm32cube.ide.mcu.externaltools.gnu-tools-for-stm32.14.3.rel1.win32_1.0.100.202602081740/tools/bin/../lib/gcc/arm-none-eabi/14.3.1/thumb/v7e-m+fp/hard/crtbegin.o
 .text          0x080001d0       0x10 C:/ST/STM32CubeIDE_2.1.1/STM32CubeIDE/plugins/com.st.stm32cube.ide.mcu.externaltools.gnu-tools-for-stm32.14.3.rel1.win32_1.0.100.202602081740/tools/bin/../lib/gcc/arm-none-eabi/14.3.1/../../../../arm-none-eabi/lib/thumb/v7e-m+fp/hard\libc_nano.a(libc_a-strlen.o)
                0x080001d0                strlen
 .text          0x080001e0       0xa0 C:/ST/STM32CubeIDE_2.1.1/STM32CubeIDE/plugins/com.st.stm32cube.ide.mcu.externaltools.gnu-tools-for-stm32.14.3.rel1.win32_1.0.100.202602081740/tools/bin/../lib/gcc/arm-none-eabi/14.3.1/../../../../arm-none-eabi/lib/thumb/v7e-m+fp/hard\libc_nano.a(libc_a-memchr.o)
                0x080001e0                memchr
 .text          0x08000280       0x30 C:/ST/STM32CubeIDE_2.1.1/STM32CubeIDE/plugins/com.st.stm32cube.ide.mcu.externaltools.gnu-tools-for-stm32.14.3.rel1.win32_1.0.100.202602081740/tools/bin/../lib/gcc/arm-none-eabi/14.3.1/thumb/v7e-m+fp/hard\libgcc.a(_aeabi_uldivmod.o)
                0x08000280                __aeabi_uldivmod
 .text          0x080002b0       0x28 C:/ST/STM32CubeIDE_2.1.1/STM32CubeIDE/plugins/com.st.stm32cube.ide.mcu.externaltools.gnu-tools-for-stm32.14.3.rel1.win32_1.0.100.202602081740/tools/bin/../lib/gcc/arm-none-eabi/14.3.1/thumb/v7e-m+fp/hard\libgcc.a(_popcountsi2.o)
                0x080002b0                __popcountsi2
 .text          0x080002d8      0x2f8 C:/ST/STM32CubeIDE_2.1.1/STM32CubeIDE/plugins/com.st.stm32cube.ide.mcu.externaltools.gnu-tools-for-stm32.14.3.rel1.win32_1.0.100.202602081740/tools/bin/../lib/gcc/arm-none-eabi/14.3.1/thumb/v7e-m+fp/hard\libgcc.a(_udivmoddi4.o)
                0x080002d8                __udivmoddi4
 .text          0x080005d0        0x4 C:/ST/STM32CubeIDE_2.1.1/STM32CubeIDE/plugins/com.st.stm32cube.ide.mcu.externaltools.gnu-tools-for-stm32.14.3.rel1.win32_1.0.100.202602081740/tools/bin/../lib/gcc/arm-none-eabi/14.3.1/thumb/v7e-m+fp/hard\libgcc.a(_dvmd_tls.o)
                0x080005d0                __aeabi_idiv0
                0x080005d0                __aeabi_ldiv0
 *(.text*)
 .text.W25Q_Delay
                0x080005d4       0x16 ./Core/Src/W25Qxx.o
                0x080005d4                W25Q_Delay
 *fill*         0x080005ea        0x2 
 .text.csLOW    0x080005ec       0x18 ./Core/Src/W25Qxx.o
                0x080005ec                csLOW
 .text.csHIGH   0x08000604       0x18 ./Core/Src/W25Qxx.o
                0x08000604                csHIGH
 .text.SPI_Write
                0x0800061c       0x28 ./Core/Src/W25Qxx.o
                0x0800061c                SPI_Write
 .text.SPI_Read
                0x08000644       0x28 ./Core/Src/W25Qxx.o
                0x08000644                SPI_Read
 .text.W25Q_Reset
                0x0800066c       0x2e ./Core/Src/W25Qxx.o
                0x0800066c                W25Q_Reset
 .text.W25Q_ReadID
                0x0800069a       0x3c ./Core/Src/W25Qxx.o
                0x0800069a                W25Q_ReadID
 .text.W25Q_Read
                0x080006d6       0x58 ./Core/Src/W25Qxx.o
                0x080006d6                W25Q_Read
 .text.W25Q_FastRead
                0x0800072e       0x5c ./Core/Src/W25Qxx.o
                0x0800072e                W25Q_FastRead
 .text.write_enable
                0x0800078a       0x2a ./Core/Src/W25Qxx.o
                0x0800078a                write_enable
 .text.write_disable
                0x080007b4       0x2a ./Core/Src/W25Qxx.o
                0x080007b4                write_disable
 .text.bytestowrite
                0x080007de       0x2c ./Core/Src/W25Qxx.o
                0x080007de                bytestowrite
 .text.bytestomodify
                0x0800080a       0x2e ./Core/Src/W25Qxx.o
                0x0800080a                bytestomodify
 .text.W25Q_Erase_Sector
                0x08000838       0x56 ./Core/Src/W25Qxx.o
                0x08000838                W25Q_Erase_Sector
 .text.W25Q_Write_Clean
                0x0800088e      0x272 ./Core/Src/W25Qxx.o
                0x0800088e                W25Q_Write_Clean
 .text.W25Q_Write
                0x08000b00      0x242 ./Core/Src/W25Qxx.o
                0x08000b00                W25Q_Write
 *fill*         0x08000d42        0x2 
 .text.FT_CRC16
                0x08000d44       0x78 ./Core/Src/file_transfer.o
                0x08000d44                FT_CRC16
 .text.FT_SendResponse
                0x08000dbc       0x70 ./Core/Src/file_transfer.o
                0x08000dbc                FT_SendResponse
 .text.FT_ProcessPacket
                0x08000e2c      0x264 ./Core/Src/file_transfer.o
                0x08000e2c                FT_ProcessPacket
 .text.FT_processByte
                0x08001090      0x1a4 ./Core/Src/file_transfer.o
                0x08001090                FT_processByte
 .text.FT_SendPacket
                0x08001234      0x16c ./Core/Src/file_transfer.o
                0x08001234                FT_SendPacket
 .text.FT_SendFile
                0x080013a0      0x170 ./Core/Src/file_transfer.o
                0x080013a0                FT_SendFile
 .text.lfs_max  0x08001510       0x20 ./Core/Src/lfs.o
 .text.lfs_min  0x08001530       0x20 ./Core/Src/lfs.o
 .text.lfs_aligndown
                0x08001550       0x2a ./Core/Src/lfs.o
 .text.lfs_alignup
                0x0800157a       0x24 ./Core/Src/lfs.o
 .text.lfs_npw2
                0x0800159e       0x20 ./Core/Src/lfs.o
 .text.lfs_ctz  0x080015be       0x1e ./Core/Src/lfs.o
 .text.lfs_popc
                0x080015dc       0x18 ./Core/Src/lfs.o
 .text.lfs_scmp
                0x080015f4       0x1c ./Core/Src/lfs.o
 .text.lfs_fromle32
                0x08001610       0x16 ./Core/Src/lfs.o
 .text.lfs_tole32
                0x08001626       0x18 ./Core/Src/lfs.o
 .text.lfs_frombe32
                0x0800163e       0x18 ./Core/Src/lfs.o
 .text.lfs_tobe32
                0x08001656       0x18 ./Core/Src/lfs.o
 .text.lfs_malloc
                0x0800166e       0x18 ./Core/Src/lfs.o
 .text.lfs_free
                0x08001686       0x16 ./Core/Src/lfs.o
 .text.lfs_cache_drop
                0x0800169c       0x1e ./Core/Src/lfs.o
 .text.lfs_cache_zero
                0x080016ba       0x2c ./Core/Src/lfs.o
 *fill*         0x080016e6        0x2 
 .text.lfs_bd_read
                0x080016e8      0x2a8 ./Core/Src/lfs.o
 .text.lfs_bd_cmp
                0x08001990       0xa2 ./Core/Src/lfs.o
 .text.lfs_bd_crc
                0x08001a32       0x8c ./Core/Src/lfs.o
 *fill*         0x08001abe        0x2 
 .text.lfs_bd_flush
                0x08001ac0       0xf4 ./Core/Src/lfs.o
 .text.lfs_bd_sync
                0x08001bb4       0x68 ./Core/Src/lfs.o
 .text.lfs_bd_prog
                0x08001c1c      0x15c ./Core/Src/lfs.o
 .text.lfs_bd_erase
                0x08001d78       0x64 ./Core/Src/lfs.o
 .text.lfs_path_namelen
                0x08001ddc       0x20 ./Core/Src/lfs.o
 .text.lfs_path_islast
                0x08001dfc       0x40 ./Core/Src/lfs.o
 .text.lfs_path_isdir
                0x08001e3c       0x28 ./Core/Src/lfs.o
 .text.lfs_pair_swap
                0x08001e64       0x2a ./Core/Src/lfs.o
 .text.lfs_pair_isnull
                0x08001e8e       0x36 ./Core/Src/lfs.o
 .text.lfs_pair_cmp
                0x08001ec4       0x54 ./Core/Src/lfs.o
 .text.lfs_pair_issync
                0x08001f18       0x5a ./Core/Src/lfs.o
 .text.lfs_pair_fromle32
                0x08001f72       0x34 ./Core/Src/lfs.o
 .text.lfs_pair_tole32
                0x08001fa6       0x34 ./Core/Src/lfs.o
 .text.lfs_tag_isvalid
                0x08001fda       0x1c ./Core/Src/lfs.o
 .text.lfs_tag_isdelete
                0x08001ff6       0x26 ./Core/Src/lfs.o
 .text.lfs_tag_type1
                0x0800201c       0x20 ./Core/Src/lfs.o
 .text.lfs_tag_type2
                0x0800203c       0x20 ./Core/Src/lfs.o
 .text.lfs_tag_type3
                0x0800205c       0x20 ./Core/Src/lfs.o
 .text.lfs_tag_chunk
                0x0800207c       0x1a ./Core/Src/lfs.o
 .text.lfs_tag_splice
                0x08002096       0x1a ./Core/Src/lfs.o
 .text.lfs_tag_id
                0x080020b0       0x20 ./Core/Src/lfs.o
 .text.lfs_tag_size
                0x080020d0       0x1a ./Core/Src/lfs.o
 .text.lfs_tag_dsize
                0x080020ea       0x28 ./Core/Src/lfs.o
 .text.lfs_gstate_xor
                0x08002112       0x40 ./Core/Src/lfs.o
 .text.lfs_gstate_iszero
                0x08002152       0x38 ./Core/Src/lfs.o
 .text.lfs_gstate_hasorphans
                0x0800218a       0x26 ./Core/Src/lfs.o
 .text.lfs_gstate_getorphans
                0x080021b0       0x1e ./Core/Src/lfs.o
 .text.lfs_gstate_hasmove
                0x080021ce       0x26 ./Core/Src/lfs.o
 .text.lfs_gstate_needssuperblock
                0x080021f4       0x28 ./Core/Src/lfs.o
 .text.lfs_gstate_hasmovehere
                0x0800221c       0x40 ./Core/Src/lfs.o
 .text.lfs_gstate_fromle32
                0x0800225c       0x40 ./Core/Src/lfs.o
 .text.lfs_gstate_tole32
                0x0800229c       0x40 ./Core/Src/lfs.o
 .text.lfs_fcrc_fromle32
                0x080022dc       0x30 ./Core/Src/lfs.o
 .text.lfs_fcrc_tole32
                0x0800230c       0x30 ./Core/Src/lfs.o
 .text.lfs_ctz_fromle32
                0x0800233c       0x30 ./Core/Src/lfs.o
 .text.lfs_ctz_tole32
                0x0800236c       0x30 ./Core/Src/lfs.o
 .text.lfs_superblock_fromle32
                0x0800239c       0x70 ./Core/Src/lfs.o
 .text.lfs_superblock_tole32
                0x0800240c       0x70 ./Core/Src/lfs.o
 .text.lfs_mlist_isopen
                0x0800247c       0x3a ./Core/Src/lfs.o
 .text.lfs_mlist_remove
                0x080024b6       0x44 ./Core/Src/lfs.o
 .text.lfs_mlist_append
                0x080024fa       0x24 ./Core/Src/lfs.o
 *fill*         0x0800251e        0x2 
 .text.lfs_fs_disk_version
                0x08002520       0x1c ./Core/Src/lfs.o
 .text.lfs_fs_disk_version_major
                0x0800253c       0x1c ./Core/Src/lfs.o
 .text.lfs_fs_disk_version_minor
                0x08002558       0x1a ./Core/Src/lfs.o
 .text.lfs_alloc_ckpoint
                0x08002572       0x1c ./Core/Src/lfs.o
 .text.lfs_alloc_drop
                0x0800258e       0x22 ./Core/Src/lfs.o
 .text.lfs_alloc_lookahead
                0x080025b0       0x6a ./Core/Src/lfs.o
 *fill*         0x0800261a        0x2 
 .text.lfs_alloc_scan
                0x0800261c       0x84 ./Core/Src/lfs.o
 .text.lfs_alloc
                0x080026a0      0x110 ./Core/Src/lfs.o
 .text.lfs_dir_getslice
                0x080027b0      0x220 ./Core/Src/lfs.o
 .text.lfs_dir_get
                0x080029d0       0x36 ./Core/Src/lfs.o
 .text.lfs_dir_getread
                0x08002a06      0x1a4 ./Core/Src/lfs.o
 *fill*         0x08002baa        0x2 
 .text.lfs_dir_traverse_filter
                0x08002bac       0xb8 ./Core/Src/lfs.o
 .text.lfs_dir_traverse
                0x08002c64      0x7c8 ./Core/Src/lfs.o
 .text.lfs_dir_fetchmatch
                0x0800342c      0x7a4 ./Core/Src/lfs.o
 .text.lfs_dir_fetch
                0x08003bd0       0x36 ./Core/Src/lfs.o
 *fill*         0x08003c06        0x2 
 .text.lfs_dir_getgstate
                0x08003c08       0x64 ./Core/Src/lfs.o
 .text.lfs_dir_getinfo
                0x08003c6c       0xf4 ./Core/Src/lfs.o
 .text.lfs_dir_find_match
                0x08003d60       0x92 ./Core/Src/lfs.o
 *fill*         0x08003df2        0x2 
 .text.lfs_dir_find
                0x08003df4      0x208 ./Core/Src/lfs.o
 .text.lfs_dir_commitprog
                0x08003ffc       0x6c ./Core/Src/lfs.o
 .text.lfs_dir_commitattr
                0x08004068      0x100 ./Core/Src/lfs.o
 .text.lfs_dir_commitcrc
                0x08004168      0x2e0 ./Core/Src/lfs.o
 .text.lfs_dir_alloc
                0x08004448       0xf2 ./Core/Src/lfs.o
 .text.lfs_dir_split
                0x0800453a       0xa8 ./Core/Src/lfs.o
 .text.lfs_dir_commit_size
                0x080045e2       0x2c ./Core/Src/lfs.o
 .text.lfs_dir_commit_commit
                0x0800460e       0x2a ./Core/Src/lfs.o
 .text.lfs_dir_needsrelocation
                0x08004638       0x4c ./Core/Src/lfs.o
 .text.lfs_dir_compact
                0x08004684      0x3f0 ./Core/Src/lfs.o
 .text.lfs_dir_splittingcompact
                0x08004a74      0x230 ./Core/Src/lfs.o
 .text.lfs_dir_relocatingcommit
                0x08004ca4      0x594 ./Core/Src/lfs.o
 .text.lfs_dir_orphaningcommit
                0x08005238      0x5f0 ./Core/Src/lfs.o
 .text.lfs_dir_commit
                0x08005828       0x4a ./Core/Src/lfs.o
 *fill*         0x08005872        0x2 
 .text.lfs_dir_open_
                0x08005874       0xf4 ./Core/Src/lfs.o
 .text.lfs_dir_close_
                0x08005968       0x1c ./Core/Src/lfs.o
 .text.lfs_dir_read_
                0x08005984      0x108 ./Core/Src/lfs.o
 .text.lfs_ctz_index
                0x08005a8c       0x70 ./Core/Src/lfs.o
 .text.lfs_ctz_find
                0x08005afc       0xd6 ./Core/Src/lfs.o
 *fill*         0x08005bd2        0x2 
 .text.lfs_ctz_extend
                0x08005bd4      0x214 ./Core/Src/lfs.o
 .text.lfs_ctz_traverse
                0x08005de8       0xf8 ./Core/Src/lfs.o
 .text.lfs_file_opencfg_
                0x08005ee0      0x3c0 ./Core/Src/lfs.o
 .text.lfs_file_open_
                0x080062a0       0x30 ./Core/Src/lfs.o
 .text.lfs_file_close_
                0x080062d0       0x3a ./Core/Src/lfs.o
 *fill*         0x0800630a        0x2 
 .text.lfs_file_relocate
                0x0800630c      0x1b4 ./Core/Src/lfs.o
 .text.lfs_file_outline
                0x080064c0       0x42 ./Core/Src/lfs.o
 *fill*         0x08006502        0x2 
 .text.lfs_file_flush
                0x08006504      0x1a8 ./Core/Src/lfs.o
 .text.lfs_file_sync_
                0x080066ac      0x140 ./Core/Src/lfs.o
 .text.lfs_file_flushedread
                0x080067ec      0x1a4 ./Core/Src/lfs.o
 .text.lfs_file_read_
                0x08006990       0x6c ./Core/Src/lfs.o
 .text.lfs_file_flushedwrite
                0x080069fc      0x21e ./Core/Src/lfs.o
 *fill*         0x08006c1a        0x2 
 .text.lfs_file_write_
                0x08006c1c      0x108 ./Core/Src/lfs.o
 .text.lfs_file_size_
                0x08006d24       0x36 ./Core/Src/lfs.o
 *fill*         0x08006d5a        0x2 
 .text.lfs_init
                0x08006d5c      0x5d4 ./Core/Src/lfs.o
 .text.lfs_deinit
                0x08007330       0x4e ./Core/Src/lfs.o
 *fill*         0x0800737e        0x2 
 .text.lfs_format_
                0x08007380      0x164 ./Core/Src/lfs.o
 .text.lfs_tortoise_detectcycles
                0x080074e4       0x80 ./Core/Src/lfs.o
 .text.lfs_mount_
                0x08007564      0x404 ./Core/Src/lfs.o
 .text.lfs_unmount_
                0x08007968       0x18 ./Core/Src/lfs.o
 .text.lfs_fs_traverse_
                0x08007980      0x260 ./Core/Src/lfs.o
 .text.lfs_fs_pred
                0x08007be0       0x9c ./Core/Src/lfs.o
 .text.lfs_fs_parent_match
                0x08007c7c       0x84 ./Core/Src/lfs.o
 .text.lfs_fs_parent
                0x08007d00       0xbc ./Core/Src/lfs.o
 .text.lfs_fs_prepsuperblock
                0x08007dbc       0x2a ./Core/Src/lfs.o
 *fill*         0x08007de6        0x2 
 .text.lfs_fs_preporphans
                0x08007de8       0xa0 ./Core/Src/lfs.o
 .text.lfs_fs_prepmove
                0x08007e88       0x74 ./Core/Src/lfs.o
 .text.lfs_fs_desuperblock
                0x08007efc       0xd8 ./Core/Src/lfs.o
 .text.lfs_fs_demove
                0x08007fd4       0xf8 ./Core/Src/lfs.o
 .text.lfs_fs_deorphan
                0x080080cc      0x360 ./Core/Src/lfs.o
 .text.lfs_fs_forceconsistency
                0x0800842c       0x4a ./Core/Src/lfs.o
 .text.lfs_fs_size_count
                0x08008476       0x26 ./Core/Src/lfs.o
 .text.lfs_fs_size_
                0x0800849c       0x34 ./Core/Src/lfs.o
 .text.lfs_format
                0x080084d0       0x2c ./Core/Src/lfs.o
                0x080084d0                lfs_format
 .text.lfs_mount
                0x080084fc       0x2c ./Core/Src/lfs.o
                0x080084fc                lfs_mount
 .text.lfs_file_open
                0x08008528       0x68 ./Core/Src/lfs.o
                0x08008528                lfs_file_open
 .text.lfs_file_close
                0x08008590       0x58 ./Core/Src/lfs.o
                0x08008590                lfs_file_close
 .text.lfs_file_read
                0x080085e8       0x60 ./Core/Src/lfs.o
                0x080085e8                lfs_file_read
 .text.lfs_file_write
                0x08008648       0x60 ./Core/Src/lfs.o
                0x08008648                lfs_file_write
 .text.lfs_file_size
                0x080086a8       0x58 ./Core/Src/lfs.o
                0x080086a8                lfs_file_size
 .text.lfs_dir_open
                0x08008700       0x64 ./Core/Src/lfs.o
                0x08008700                lfs_dir_open
 .text.lfs_dir_close
                0x08008764       0x2c ./Core/Src/lfs.o
                0x08008764                lfs_dir_close
 .text.lfs_dir_read
                0x08008790       0x30 ./Core/Src/lfs.o
                0x08008790                lfs_dir_read
 .text.lfs_crc  0x080087c0       0x7c ./Core/Src/lfs_util.o
                0x080087c0                lfs_crc
 .text.lfs_read
                0x0800883c       0x42 ./Core/Src/main.o
                0x0800883c                lfs_read
 .text.lfs_prog
                0x0800887e       0x7a ./Core/Src/main.o
                0x0800887e                lfs_prog
 .text.lfs_erase
                0x080088f8       0x2e ./Core/Src/main.o
                0x080088f8                lfs_erase
 .text.lfs_sync
                0x08008926       0x16 ./Core/Src/main.o
                0x08008926                lfs_sync
 .text.HAL_UARTEx_RxEventCallback
                0x0800893c       0x6c ./Core/Src/main.o
                0x0800893c                HAL_UARTEx_RxEventCallback
 .text.writeFileNOR
                0x080089a8       0x98 ./Core/Src/main.o
                0x080089a8                writeFileNOR
 .text.sendFileToPC
                0x08008a40       0x2c ./Core/Src/main.o
                0x08008a40                sendFileToPC
 .text.main     0x08008a6c      0x130 ./Core/Src/main.o
                0x08008a6c                main
 .text.SystemClock_Config
                0x08008b9c       0xd4 ./Core/Src/main.o
                0x08008b9c                SystemClock_Config
 .text.MX_SPI2_Init
                0x08008c70       0x6c ./Core/Src/main.o
 .text.MX_USART1_UART_Init
                0x08008cdc       0x54 ./Core/Src/main.o
 .text.MX_USART3_UART_Init
                0x08008d30       0x54 ./Core/Src/main.o
 .text.MX_DMA_Init
                0x08008d84       0x50 ./Core/Src/main.o
 .text.MX_GPIO_Init
                0x08008dd4       0xbc ./Core/Src/main.o
 .text.Error_Handler
                0x08008e90        0xc ./Core/Src/main.o
                0x08008e90                Error_Handler
 .text.HAL_MspInit
                0x08008e9c       0x50 ./Core/Src/stm32f4xx_hal_msp.o
                0x08008e9c                HAL_MspInit
 .text.HAL_SPI_MspInit
                0x08008eec       0x90 ./Core/Src/stm32f4xx_hal_msp.o
                0x08008eec                HAL_SPI_MspInit
 .text.HAL_UART_MspInit
                0x08008f7c      0x1dc ./Core/Src/stm32f4xx_hal_msp.o
                0x08008f7c                HAL_UART_MspInit
 .text.NMI_Handler
                0x08009158        0x8 ./Core/Src/stm32f4xx_it.o
                0x08009158                NMI_Handler
 .text.HardFault_Handler
                0x08009160        0x8 ./Core/Src/stm32f4xx_it.o
                0x08009160                HardFault_Handler
 .text.MemManage_Handler
                0x08009168        0x8 ./Core/Src/stm32f4xx_it.o
                0x08009168                MemManage_Handler
 .text.BusFault_Handler
                0x08009170        0x8 ./Core/Src/stm32f4xx_it.o
                0x08009170                BusFault_Handler
 .text.UsageFault_Handler
                0x08009178        0x8 ./Core/Src/stm32f4xx_it.o
                0x08009178                UsageFault_Handler
 .text.SVC_Handler
                0x08009180        0xe ./Core/Src/stm32f4xx_it.o
                0x08009180                SVC_Handler
 .text.DebugMon_Handler
                0x0800918e        0xe ./Core/Src/stm32f4xx_it.o
                0x0800918e                DebugMon_Handler
 .text.PendSV_Handler
                0x0800919c        0xe ./Core/Src/stm32f4xx_it.o
                0x0800919c                PendSV_Handler
 .text.SysTick_Handler
                0x080091aa        0xc ./Core/Src/stm32f4xx_it.o
                0x080091aa                SysTick_Handler
 *fill*         0x080091b6        0x2 
 .text.DMA1_Stream1_IRQHandler
                0x080091b8       0x14 ./Core/Src/stm32f4xx_it.o
                0x080091b8                DMA1_Stream1_IRQHandler
 .text.DMA1_Stream3_IRQHandler
                0x080091cc       0x14 ./Core/Src/stm32f4xx_it.o
                0x080091cc                DMA1_Stream3_IRQHandler
 .text.USART3_IRQHandler
                0x080091e0       0x14 ./Core/Src/stm32f4xx_it.o
                0x080091e0                USART3_IRQHandler
 .text._getpid  0x080091f4       0x10 ./Core/Src/syscalls.o
                0x080091f4                _getpid
 .text._kill    0x08009204       0x20 ./Core/Src/syscalls.o
                0x08009204                _kill
 .text._exit    0x08009224       0x16 ./Core/Src/syscalls.o
                0x08009224                _exit
 .text._read    0x0800923a       0x3a ./Core/Src/syscalls.o
                0x0800923a                _read
 .text._write   0x08009274       0x38 ./Core/Src/syscalls.o
                0x08009274                _write
 .text._close   0x080092ac       0x18 ./Core/Src/syscalls.o
                0x080092ac                _close
 .text._fstat   0x080092c4       0x20 ./Core/Src/syscalls.o
                0x080092c4                _fstat
 .text._isatty  0x080092e4       0x16 ./Core/Src/syscalls.o
                0x080092e4                _isatty
 .text._lseek   0x080092fa       0x1a ./Core/Src/syscalls.o
                0x080092fa                _lseek
 .text._sbrk    0x08009314       0x6c ./Core/Src/sysmem.o
                0x08009314                _sbrk
 .text.SystemInit
                0x08009380       0x24 ./Core/Src/system_stm32f4xx.o
                0x08009380                SystemInit
 .text.Reset_Handler
                0x080093a4       0x50 ./Core/Startup/startup_stm32f407zgtx.o
                0x080093a4                Reset_Handler
 .text.Default_Handler
                0x080093f4        0x2 ./Core/Startup/startup_stm32f407zgtx.o
                0x080093f4                RTC_Alarm_IRQHandler
                0x080093f4                HASH_RNG_IRQHandler
                0x080093f4                EXTI2_IRQHandler
                0x080093f4                TIM8_CC_IRQHandler
                0x080093f4                TIM1_CC_IRQHandler
                0x080093f4                DMA2_Stream5_IRQHandler
                0x080093f4                DMA1_Stream5_IRQHandler
                0x080093f4                PVD_IRQHandler
                0x080093f4                SDIO_IRQHandler
                0x080093f4                TAMP_STAMP_IRQHandler
                0x080093f4                CAN2_RX1_IRQHandler
                0x080093f4                EXTI3_IRQHandler
                0x080093f4                TIM8_TRG_COM_TIM14_IRQHandler
                0x080093f4                TIM1_UP_TIM10_IRQHandler
                0x080093f4                TIM8_UP_TIM13_IRQHandler
                0x080093f4                I2C3_ER_IRQHandler
                0x080093f4                EXTI0_IRQHandler
                0x080093f4                I2C2_EV_IRQHandler
                0x080093f4                DMA1_Stream2_IRQHandler
                0x080093f4                CAN1_RX0_IRQHandler
                0x080093f4                FPU_IRQHandler
                0x080093f4                OTG_HS_WKUP_IRQHandler
                0x080093f4                CAN2_SCE_IRQHandler
                0x080093f4                DMA2_Stream2_IRQHandler
                0x080093f4                SPI1_IRQHandler
                0x080093f4                TIM6_DAC_IRQHandler
                0x080093f4                TIM1_BRK_TIM9_IRQHandler
                0x080093f4                DCMI_IRQHandler
                0x080093f4                CAN2_RX0_IRQHandler
                0x080093f4                DMA2_Stream3_IRQHandler
                0x080093f4                USART6_IRQHandler
                0x080093f4                CAN1_RX1_IRQHandler
                0x080093f4                UART5_IRQHandler
                0x080093f4                DMA2_Stream0_IRQHandler
                0x080093f4                TIM4_IRQHandler
                0x080093f4                I2C1_EV_IRQHandler
                0x080093f4                DMA1_Stream6_IRQHandler
                0x080093f4                UART4_IRQHandler
                0x080093f4                TIM3_IRQHandler
                0x080093f4                RCC_IRQHandler
                0x080093f4                TIM8_BRK_TIM12_IRQHandler
                0x080093f4                Default_Handler
                0x080093f4                EXTI15_10_IRQHandler
                0x080093f4                ADC_IRQHandler
                0x080093f4                DMA1_Stream7_IRQHandler
                0x080093f4                TIM7_IRQHandler
                0x080093f4                CAN2_TX_IRQHandler
                0x080093f4                TIM5_IRQHandler
                0x080093f4                DMA2_Stream7_IRQHandler
                0x080093f4                I2C3_EV_IRQHandler
                0x080093f4                EXTI9_5_IRQHandler
                0x080093f4                RTC_WKUP_IRQHandler
                0x080093f4                ETH_WKUP_IRQHandler
                0x080093f4                SPI2_IRQHandler
                0x080093f4                OTG_HS_EP1_IN_IRQHandler
                0x080093f4                DMA1_Stream0_IRQHandler
                0x080093f4                CAN1_TX_IRQHandler
                0x080093f4                EXTI4_IRQHandler
                0x080093f4                FSMC_IRQHandler
                0x080093f4                ETH_IRQHandler
                0x080093f4                OTG_HS_EP1_OUT_IRQHandler
                0x080093f4                WWDG_IRQHandler
                0x080093f4                TIM2_IRQHandler
                0x080093f4                OTG_FS_WKUP_IRQHandler
                0x080093f4                TIM1_TRG_COM_TIM11_IRQHandler
                0x080093f4                OTG_HS_IRQHandler
                0x080093f4                EXTI1_IRQHandler
                0x080093f4                USART2_IRQHandler
                0x080093f4                I2C2_ER_IRQHandler
                0x080093f4                DMA2_Stream1_IRQHandler
                0x080093f4                CAN1_SCE_IRQHandler
                0x080093f4                FLASH_IRQHandler
                0x080093f4                DMA2_Stream4_IRQHandler
                0x080093f4                USART1_IRQHandler
                0x080093f4                OTG_FS_IRQHandler
                0x080093f4                SPI3_IRQHandler
                0x080093f4                DMA1_Stream4_IRQHandler
                0x080093f4                I2C1_ER_IRQHandler
                0x080093f4                DMA2_Stream6_IRQHandler
 *fill*         0x080093f6        0x2 
 .text.HAL_Init
                0x080093f8       0x44 ./Drivers/STM32F4xx_HAL_Driver/Src/stm32f4xx_hal.o
                0x080093f8                HAL_Init
 .text.HAL_InitTick
                0x0800943c       0x60 ./Drivers/STM32F4xx_HAL_Driver/Src/stm32f4xx_hal.o
                0x0800943c                HAL_InitTick
 .text.HAL_IncTick
                0x0800949c       0x28 ./Drivers/STM32F4xx_HAL_Driver/Src/stm32f4xx_hal.o
                0x0800949c                HAL_IncTick
 .text.HAL_GetTick
                0x080094c4       0x18 ./Drivers/STM32F4xx_HAL_Driver/Src/stm32f4xx_hal.o
                0x080094c4                HAL_GetTick
 .text.HAL_Delay
                0x080094dc       0x48 ./Drivers/STM32F4xx_HAL_Driver/Src/stm32f4xx_hal.o
                0x080094dc                HAL_Delay
 .text.__NVIC_SetPriorityGrouping
                0x08009524       0x48 ./Drivers/STM32F4xx_HAL_Driver/Src/stm32f4xx_hal_cortex.o
 .text.__NVIC_GetPriorityGrouping
                0x0800956c       0x1c ./Drivers/STM32F4xx_HAL_Driver/Src/stm32f4xx_hal_cortex.o
 .text.__NVIC_EnableIRQ
                0x08009588       0x3c ./Drivers/STM32F4xx_HAL_Driver/Src/stm32f4xx_hal_cortex.o
 .text.__NVIC_SetPriority
                0x080095c4       0x54 ./Drivers/STM32F4xx_HAL_Driver/Src/stm32f4xx_hal_cortex.o
 .text.NVIC_EncodePriority
                0x08009618       0x66 ./Drivers/STM32F4xx_HAL_Driver/Src/stm32f4xx_hal_cortex.o
 *fill*         0x0800967e        0x2 
 .text.SysTick_Config
                0x08009680       0x44 ./Drivers/STM32F4xx_HAL_Driver/Src/stm32f4xx_hal_cortex.o
 .text.HAL_NVIC_SetPriorityGrouping
                0x080096c4       0x16 ./Drivers/STM32F4xx_HAL_Driver/Src/stm32f4xx_hal_cortex.o
                0x080096c4                HAL_NVIC_SetPriorityGrouping
 .text.HAL_NVIC_SetPriority
                0x080096da       0x38 ./Drivers/STM32F4xx_HAL_Driver/Src/stm32f4xx_hal_cortex.o
                0x080096da                HAL_NVIC_SetPriority
 .text.HAL_NVIC_EnableIRQ
                0x08009712       0x1c ./Drivers/STM32F4xx_HAL_Driver/Src/stm32f4xx_hal_cortex.o
                0x08009712                HAL_NVIC_EnableIRQ
 .text.HAL_SYSTICK_Config
                0x0800972e       0x18 ./Drivers/STM32F4xx_HAL_Driver/Src/stm32f4xx_hal_cortex.o
                0x0800972e                HAL_SYSTICK_Config
 *fill*         0x08009746        0x2 
 .text.HAL_DMA_Init
                0x08009748      0x15c ./Drivers/STM32F4xx_HAL_Driver/Src/stm32f4xx_hal_dma.o
                0x08009748                HAL_DMA_Init
 .text.HAL_DMA_Start_IT
                0x080098a4       0xb0 ./Drivers/STM32F4xx_HAL_Driver/Src/stm32f4xx_hal_dma.o
                0x080098a4                HAL_DMA_Start_IT
 .text.HAL_DMA_Abort
                0x08009954       0xe0 ./Drivers/STM32F4xx_HAL_Driver/Src/stm32f4xx_hal_dma.o
                0x08009954                HAL_DMA_Abort
 .text.HAL_DMA_Abort_IT
                0x08009a34       0x44 ./Drivers/STM32F4xx_HAL_Driver/Src/stm32f4xx_hal_dma.o
                0x08009a34                HAL_DMA_Abort_IT
 .text.HAL_DMA_IRQHandler
                0x08009a78      0x314 ./Drivers/STM32F4xx_HAL_Driver/Src/stm32f4xx_hal_dma.o
                0x08009a78                HAL_DMA_IRQHandler
 .text.DMA_SetConfig
                0x08009d8c       0x5c ./Drivers/STM32F4xx_HAL_Driver/Src/stm32f4xx_hal_dma.o
 .text.DMA_CalcBaseAndBitshift
                0x08009de8       0x6c ./Drivers/STM32F4xx_HAL_Driver/Src/stm32f4xx_hal_dma.o
 .text.DMA_CheckFifoParam
                0x08009e54       0xf8 ./Drivers/STM32F4xx_HAL_Driver/Src/stm32f4xx_hal_dma.o
 .text.HAL_GPIO_Init
                0x08009f4c      0x338 ./Drivers/STM32F4xx_HAL_Driver/Src/stm32f4xx_hal_gpio.o
                0x08009f4c                HAL_GPIO_Init
 .text.HAL_GPIO_WritePin
                0x0800a284       0x32 ./Drivers/STM32F4xx_HAL_Driver/Src/stm32f4xx_hal_gpio.o
                0x0800a284                HAL_GPIO_WritePin
 *fill*         0x0800a2b6        0x2 
 .text.HAL_RCC_OscConfig
                0x0800a2b8      0x4f0 ./Drivers/STM32F4xx_HAL_Driver/Src/stm32f4xx_hal_rcc.o
                0x0800a2b8                HAL_RCC_OscConfig
 .text.HAL_RCC_ClockConfig
                0x0800a7a8      0x1cc ./Drivers/STM32F4xx_HAL_Driver/Src/stm32f4xx_hal_rcc.o
                0x0800a7a8                HAL_RCC_ClockConfig
 .text.HAL_RCC_GetSysClockFreq
                0x0800a974      0x188 ./Drivers/STM32F4xx_HAL_Driver/Src/stm32f4xx_hal_rcc.o
                0x0800a974                HAL_RCC_GetSysClockFreq
 .text.HAL_RCC_GetHCLKFreq
                0x0800aafc       0x18 ./Drivers/STM32F4xx_HAL_Driver/Src/stm32f4xx_hal_rcc.o
                0x0800aafc                HAL_RCC_GetHCLKFreq
 .text.HAL_RCC_GetPCLK1Freq
                0x0800ab14       0x28 ./Drivers/STM32F4xx_HAL_Driver/Src/stm32f4xx_hal_rcc.o
                0x0800ab14                HAL_RCC_GetPCLK1Freq
 .text.HAL_RCC_GetPCLK2Freq
                0x0800ab3c       0x28 ./Drivers/STM32F4xx_HAL_Driver/Src/stm32f4xx_hal_rcc.o
                0x0800ab3c                HAL_RCC_GetPCLK2Freq
 .text.HAL_SPI_Init
                0x0800ab64      0x112 ./Drivers/STM32F4xx_HAL_Driver/Src/stm32f4xx_hal_spi.o
                0x0800ab64                HAL_SPI_Init
 .text.HAL_SPI_Transmit
                0x0800ac76      0x288 ./Drivers/STM32F4xx_HAL_Driver/Src/stm32f4xx_hal_spi.o
                0x0800ac76                HAL_SPI_Transmit
 .text.HAL_SPI_Receive
                0x0800aefe      0x232 ./Drivers/STM32F4xx_HAL_Driver/Src/stm32f4xx_hal_spi.o
                0x0800aefe                HAL_SPI_Receive
 .text.HAL_SPI_TransmitReceive
                0x0800b130      0x352 ./Drivers/STM32F4xx_HAL_Driver/Src/stm32f4xx_hal_spi.o
                0x0800b130                HAL_SPI_TransmitReceive
 *fill*         0x0800b482        0x2 
 .text.SPI_WaitFlagStateUntilTimeout
                0x0800b484      0x110 ./Drivers/STM32F4xx_HAL_Driver/Src/stm32f4xx_hal_spi.o
 .text.SPI_EndRxTransaction
                0x0800b594       0xca ./Drivers/STM32F4xx_HAL_Driver/Src/stm32f4xx_hal_spi.o
 *fill*         0x0800b65e        0x2 
 .text.SPI_EndRxTxTransaction
                0x0800b660       0xa8 ./Drivers/STM32F4xx_HAL_Driver/Src/stm32f4xx_hal_spi.o
 .text.HAL_UART_Init
                0x0800b708       0xa0 ./Drivers/STM32F4xx_HAL_Driver/Src/stm32f4xx_hal_uart.o
                0x0800b708                HAL_UART_Init
 .text.HAL_UART_Transmit
                0x0800b7a8      0x116 ./Drivers/STM32F4xx_HAL_Driver/Src/stm32f4xx_hal_uart.o
                0x0800b7a8                HAL_UART_Transmit
 .text.HAL_UARTEx_ReceiveToIdle_DMA
                0x0800b8be       0xb2 ./Drivers/STM32F4xx_HAL_Driver/Src/stm32f4xx_hal_uart.o
                0x0800b8be                HAL_UARTEx_ReceiveToIdle_DMA
 .text.HAL_UART_IRQHandler
                0x0800b970      0x554 ./Drivers/STM32F4xx_HAL_Driver/Src/stm32f4xx_hal_uart.o
                0x0800b970                HAL_UART_IRQHandler
 .text.HAL_UART_TxCpltCallback
                0x0800bec4       0x14 ./Drivers/STM32F4xx_HAL_Driver/Src/stm32f4xx_hal_uart.o
                0x0800bec4                HAL_UART_TxCpltCallback
 .text.HAL_UART_RxCpltCallback
                0x0800bed8       0x14 ./Drivers/STM32F4xx_HAL_Driver/Src/stm32f4xx_hal_uart.o
                0x0800bed8                HAL_UART_RxCpltCallback
 .text.HAL_UART_RxHalfCpltCallback
                0x0800beec       0x14 ./Drivers/STM32F4xx_HAL_Driver/Src/stm32f4xx_hal_uart.o
                0x0800beec                HAL_UART_RxHalfCpltCallback
 .text.HAL_UART_ErrorCallback
                0x0800bf00       0x14 ./Drivers/STM32F4xx_HAL_Driver/Src/stm32f4xx_hal_uart.o
                0x0800bf00                HAL_UART_ErrorCallback
 .text.UART_DMAReceiveCplt
                0x0800bf14      0x12c ./Drivers/STM32F4xx_HAL_Driver/Src/stm32f4xx_hal_uart.o
 .text.UART_DMARxHalfCplt
                0x0800c040       0x3c ./Drivers/STM32F4xx_HAL_Driver/Src/stm32f4xx_hal_uart.o
 .text.UART_DMAError
                0x0800c07c       0x94 ./Drivers/STM32F4xx_HAL_Driver/Src/stm32f4xx_hal_uart.o
 .text.UART_WaitOnFlagUntilTimeout
                0x0800c110       0xb2 ./Drivers/STM32F4xx_HAL_Driver/Src/stm32f4xx_hal_uart.o
 *fill*         0x0800c1c2        0x2 
 .text.UART_Start_Receive_DMA
                0x0800c1c4      0x14c ./Drivers/STM32F4xx_HAL_Driver/Src/stm32f4xx_hal_uart.o
                0x0800c1c4                UART_Start_Receive_DMA
 .text.UART_EndTxTransfer
                0x0800c310       0x50 ./Drivers/STM32F4xx_HAL_Driver/Src/stm32f4xx_hal_uart.o
 .text.UART_EndRxTransfer
                0x0800c360       0xc6 ./Drivers/STM32F4xx_HAL_Driver/Src/stm32f4xx_hal_uart.o
 .text.UART_DMAAbortOnError
                0x0800c426       0x22 ./Drivers/STM32F4xx_HAL_Driver/Src/stm32f4xx_hal_uart.o
 .text.UART_Transmit_IT
                0x0800c448       0xa0 ./Drivers/STM32F4xx_HAL_Driver/Src/stm32f4xx_hal_uart.o
 .text.UART_EndTransmit_IT
                0x0800c4e8       0x30 ./Drivers/STM32F4xx_HAL_Driver/Src/stm32f4xx_hal_uart.o
 .text.UART_Receive_IT
                0x0800c518      0x17c ./Drivers/STM32F4xx_HAL_Driver/Src/stm32f4xx_hal_uart.o
 .text.UART_SetConfig
                0x0800c694      0x4e8 ./Drivers/STM32F4xx_HAL_Driver/Src/stm32f4xx_hal_uart.o
 .text.__assert_func
                0x0800cb7c       0x3c C:/ST/STM32CubeIDE_2.1.1/STM32CubeIDE/plugins/com.st.stm32cube.ide.mcu.externaltools.gnu-tools-for-stm32.14.3.rel1.win32_1.0.100.202602081740/tools/bin/../lib/gcc/arm-none-eabi/14.3.1/../../../../arm-none-eabi/lib/thumb/v7e-m+fp/hard\libc_nano.a(libc_a-assert.o)
                0x0800cb7c                __assert_func
 .text.malloc   0x0800cbb8       0x10 C:/ST/STM32CubeIDE_2.1.1/STM32CubeIDE/plugins/com.st.stm32cube.ide.mcu.externaltools.gnu-tools-for-stm32.14.3.rel1.win32_1.0.100.202602081740/tools/bin/../lib/gcc/arm-none-eabi/14.3.1/../../../../arm-none-eabi/lib/thumb/v7e-m+fp/hard\libc_nano.a(libc_a-malloc.o)
                0x0800cbb8                malloc
 .text.free     0x0800cbc8       0x10 C:/ST/STM32CubeIDE_2.1.1/STM32CubeIDE/plugins/com.st.stm32cube.ide.mcu.externaltools.gnu-tools-for-stm32.14.3.rel1.win32_1.0.100.202602081740/tools/bin/../lib/gcc/arm-none-eabi/14.3.1/../../../../arm-none-eabi/lib/thumb/v7e-m+fp/hard\libc_nano.a(libc_a-malloc.o)
                0x0800cbc8                free
 .text.sbrk_aligned
                0x0800cbd8       0x44 C:/ST/STM32CubeIDE_2.1.1/STM32CubeIDE/plugins/com.st.stm32cube.ide.mcu.externaltools.gnu-tools-for-stm32.14.3.rel1.win32_1.0.100.202602081740/tools/bin/../lib/gcc/arm-none-eabi/14.3.1/../../../../arm-none-eabi/lib/thumb/v7e-m+fp/hard\libc_nano.a(libc_a-mallocr.o)
 .text._malloc_r
                0x0800cc1c      0x100 C:/ST/STM32CubeIDE_2.1.1/STM32CubeIDE/plugins/com.st.stm32cube.ide.mcu.externaltools.gnu-tools-for-stm32.14.3.rel1.win32_1.0.100.202602081740/tools/bin/../lib/gcc/arm-none-eabi/14.3.1/../../../../arm-none-eabi/lib/thumb/v7e-m+fp/hard\libc_nano.a(libc_a-mallocr.o)
                0x0800cc1c                _malloc_r
 .text.__malloc_lock
                0x0800cd1c        0xc C:/ST/STM32CubeIDE_2.1.1/STM32CubeIDE/plugins/com.st.stm32cube.ide.mcu.externaltools.gnu-tools-for-stm32.14.3.rel1.win32_1.0.100.202602081740/tools/bin/../lib/gcc/arm-none-eabi/14.3.1/../../../../arm-none-eabi/lib/thumb/v7e-m+fp/hard\libc_nano.a(libc_a-mlock.o)
                0x0800cd1c                __malloc_lock
 .text.__malloc_unlock
                0x0800cd28        0xc C:/ST/STM32CubeIDE_2.1.1/STM32CubeIDE/plugins/com.st.stm32cube.ide.mcu.externaltools.gnu-tools-for-stm32.14.3.rel1.win32_1.0.100.202602081740/tools/bin/../lib/gcc/arm-none-eabi/14.3.1/../../../../arm-none-eabi/lib/thumb/v7e-m+fp/hard\libc_nano.a(libc_a-mlock.o)
                0x0800cd28                __malloc_unlock
 .text.std      0x0800cd34       0x6c C:/ST/STM32CubeIDE_2.1.1/STM32CubeIDE/plugins/com.st.stm32cube.ide.mcu.externaltools.gnu-tools-for-stm32.14.3.rel1.win32_1.0.100.202602081740/tools/bin/../lib/gcc/arm-none-eabi/14.3.1/../../../../arm-none-eabi/lib/thumb/v7e-m+fp/hard\libc_nano.a(libc_a-findfp.o)
 .text.stdio_exit_handler
                0x0800cda0       0x18 C:/ST/STM32CubeIDE_2.1.1/STM32CubeIDE/plugins/com.st.stm32cube.ide.mcu.externaltools.gnu-tools-for-stm32.14.3.rel1.win32_1.0.100.202602081740/tools/bin/../lib/gcc/arm-none-eabi/14.3.1/../../../../arm-none-eabi/lib/thumb/v7e-m+fp/hard\libc_nano.a(libc_a-findfp.o)
 .text.cleanup_stdio
                0x0800cdb8       0x40 C:/ST/STM32CubeIDE_2.1.1/STM32CubeIDE/plugins/com.st.stm32cube.ide.mcu.externaltools.gnu-tools-for-stm32.14.3.rel1.win32_1.0.100.202602081740/tools/bin/../lib/gcc/arm-none-eabi/14.3.1/../../../../arm-none-eabi/lib/thumb/v7e-m+fp/hard\libc_nano.a(libc_a-findfp.o)
 .text.global_stdio_init.part.0
                0x0800cdf8       0x40 C:/ST/STM32CubeIDE_2.1.1/STM32CubeIDE/plugins/com.st.stm32cube.ide.mcu.externaltools.gnu-tools-for-stm32.14.3.rel1.win32_1.0.100.202602081740/tools/bin/../lib/gcc/arm-none-eabi/14.3.1/../../../../arm-none-eabi/lib/thumb/v7e-m+fp/hard\libc_nano.a(libc_a-findfp.o)
 .text.__sfp_lock_acquire
                0x0800ce38        0xc C:/ST/STM32CubeIDE_2.1.1/STM32CubeIDE/plugins/com.st.stm32cube.ide.mcu.externaltools.gnu-tools-for-stm32.14.3.rel1.win32_1.0.100.202602081740/tools/bin/../lib/gcc/arm-none-eabi/14.3.1/../../../../arm-none-eabi/lib/thumb/v7e-m+fp/hard\libc_nano.a(libc_a-findfp.o)
                0x0800ce38                __sfp_lock_acquire
 .text.__sfp_lock_release
                0x0800ce44        0xc C:/ST/STM32CubeIDE_2.1.1/STM32CubeIDE/plugins/com.st.stm32cube.ide.mcu.externaltools.gnu-tools-for-stm32.14.3.rel1.win32_1.0.100.202602081740/tools/bin/../lib/gcc/arm-none-eabi/14.3.1/../../../../arm-none-eabi/lib/thumb/v7e-m+fp/hard\libc_nano.a(libc_a-findfp.o)
                0x0800ce44                __sfp_lock_release
 .text.__sinit  0x0800ce50       0x30 C:/ST/STM32CubeIDE_2.1.1/STM32CubeIDE/plugins/com.st.stm32cube.ide.mcu.externaltools.gnu-tools-for-stm32.14.3.rel1.win32_1.0.100.202602081740/tools/bin/../lib/gcc/arm-none-eabi/14.3.1/../../../../arm-none-eabi/lib/thumb/v7e-m+fp/hard\libc_nano.a(libc_a-findfp.o)
                0x0800ce50                __sinit
 .text.fprintf  0x0800ce80       0x24 C:/ST/STM32CubeIDE_2.1.1/STM32CubeIDE/plugins/com.st.stm32cube.ide.mcu.externaltools.gnu-tools-for-stm32.14.3.rel1.win32_1.0.100.202602081740/tools/bin/../lib/gcc/arm-none-eabi/14.3.1/../../../../arm-none-eabi/lib/thumb/v7e-m+fp/hard\libc_nano.a(libc_a-fprintf.o)
                0x0800ce80                fiprintf
                0x0800ce80                fprintf
 .text._fwalk_sglue
                0x0800cea4       0x3c C:/ST/STM32CubeIDE_2.1.1/STM32CubeIDE/plugins/com.st.stm32cube.ide.mcu.externaltools.gnu-tools-for-stm32.14.3.rel1.win32_1.0.100.202602081740/tools/bin/../lib/gcc/arm-none-eabi/14.3.1/../../../../arm-none-eabi/lib/thumb/v7e-m+fp/hard\libc_nano.a(libc_a-fwalk.o)
                0x0800cea4                _fwalk_sglue
 .text.printf   0x0800cee0       0x24 C:/ST/STM32CubeIDE_2.1.1/STM32CubeIDE/plugins/com.st.stm32cube.ide.mcu.externaltools.gnu-tools-for-stm32.14.3.rel1.win32_1.0.100.202602081740/tools/bin/../lib/gcc/arm-none-eabi/14.3.1/../../../../arm-none-eabi/lib/thumb/v7e-m+fp/hard\libc_nano.a(libc_a-printf.o)
                0x0800cee0                iprintf
                0x0800cee0                printf
 .text._puts_r  0x0800cf04       0xaa C:/ST/STM32CubeIDE_2.1.1/STM32CubeIDE/plugins/com.st.stm32cube.ide.mcu.externaltools.gnu-tools-for-stm32.14.3.rel1.win32_1.0.100.202602081740/tools/bin/../lib/gcc/arm-none-eabi/14.3.1/../../../../arm-none-eabi/lib/thumb/v7e-m+fp/hard\libc_nano.a(libc_a-puts.o)
                0x0800cf04                _puts_r
 *fill*         0x0800cfae        0x2 
 .text.puts     0x0800cfb0       0x10 C:/ST/STM32CubeIDE_2.1.1/STM32CubeIDE/plugins/com.st.stm32cube.ide.mcu.externaltools.gnu-tools-for-stm32.14.3.rel1.win32_1.0.100.202602081740/tools/bin/../lib/gcc/arm-none-eabi/14.3.1/../../../../arm-none-eabi/lib/thumb/v7e-m+fp/hard\libc_nano.a(libc_a-puts.o)
                0x0800cfb0                puts
 .text.sprintf  0x0800cfc0       0x44 C:/ST/STM32CubeIDE_2.1.1/STM32CubeIDE/plugins/com.st.stm32cube.ide.mcu.externaltools.gnu-tools-for-stm32.14.3.rel1.win32_1.0.100.202602081740/tools/bin/../lib/gcc/arm-none-eabi/14.3.1/../../../../arm-none-eabi/lib/thumb/v7e-m+fp/hard\libc_nano.a(libc_a-sprintf.o)
                0x0800cfc0                siprintf
                0x0800cfc0                sprintf
 .text.__sread  0x0800d004       0x22 C:/ST/STM32CubeIDE_2.1.1/STM32CubeIDE/plugins/com.st.stm32cube.ide.mcu.externaltools.gnu-tools-for-stm32.14.3.rel1.win32_1.0.100.202602081740/tools/bin/../lib/gcc/arm-none-eabi/14.3.1/../../../../arm-none-eabi/lib/thumb/v7e-m+fp/hard\libc_nano.a(libc_a-stdio.o)
                0x0800d004                __sread
 .text.__swrite
                0x0800d026       0x38 C:/ST/STM32CubeIDE_2.1.1/STM32CubeIDE/plugins/com.st.stm32cube.ide.mcu.externaltools.gnu-tools-for-stm32.14.3.rel1.win32_1.0.100.202602081740/tools/bin/../lib/gcc/arm-none-eabi/14.3.1/../../../../arm-none-eabi/lib/thumb/v7e-m+fp/hard\libc_nano.a(libc_a-stdio.o)
                0x0800d026                __swrite
 .text.__sseek  0x0800d05e       0x26 C:/ST/STM32CubeIDE_2.1.1/STM32CubeIDE/plugins/com.st.stm32cube.ide.mcu.externaltools.gnu-tools-for-stm32.14.3.rel1.win32_1.0.100.202602081740/tools/bin/../lib/gcc/arm-none-eabi/14.3.1/../../../../arm-none-eabi/lib/thumb/v7e-m+fp/hard\libc_nano.a(libc_a-stdio.o)
                0x0800d05e                __sseek
 .text.__sclose
                0x0800d084        0x8 C:/ST/STM32CubeIDE_2.1.1/STM32CubeIDE/plugins/com.st.stm32cube.ide.mcu.externaltools.gnu-tools-for-stm32.14.3.rel1.win32_1.0.100.202602081740/tools/bin/../lib/gcc/arm-none-eabi/14.3.1/../../../../arm-none-eabi/lib/thumb/v7e-m+fp/hard\libc_nano.a(libc_a-stdio.o)
                0x0800d084                __sclose
 .text.__swbuf_r
                0x0800d08c       0x7c C:/ST/STM32CubeIDE_2.1.1/STM32CubeIDE/plugins/com.st.stm32cube.ide.mcu.externaltools.gnu-tools-for-stm32.14.3.rel1.win32_1.0.100.202602081740/tools/bin/../lib/gcc/arm-none-eabi/14.3.1/../../../../arm-none-eabi/lib/thumb/v7e-m+fp/hard\libc_nano.a(libc_a-wbuf.o)
                0x0800d08c                __swbuf_r
 .text.__swsetup_r
                0x0800d108       0xa8 C:/ST/STM32CubeIDE_2.1.1/STM32CubeIDE/plugins/com.st.stm32cube.ide.mcu.externaltools.gnu-tools-for-stm32.14.3.rel1.win32_1.0.100.202602081740/tools/bin/../lib/gcc/arm-none-eabi/14.3.1/../../../../arm-none-eabi/lib/thumb/v7e-m+fp/hard\libc_nano.a(libc_a-wsetup.o)
                0x0800d108                __swsetup_r
 .text.memcmp   0x0800d1b0       0x20 C:/ST/STM32CubeIDE_2.1.1/STM32CubeIDE/plugins/com.st.stm32cube.ide.mcu.externaltools.gnu-tools-for-stm32.14.3.rel1.win32_1.0.100.202602081740/tools/bin/../lib/gcc/arm-none-eabi/14.3.1/../../../../arm-none-eabi/lib/thumb/v7e-m+fp/hard\libc_nano.a(libc_a-memcmp.o)
                0x0800d1b0                memcmp
 .text.memset   0x0800d1d0       0x10 C:/ST/STM32CubeIDE_2.1.1/STM32CubeIDE/plugins/com.st.stm32cube.ide.mcu.externaltools.gnu-tools-for-stm32.14.3.rel1.win32_1.0.100.202602081740/tools/bin/../lib/gcc/arm-none-eabi/14.3.1/../../../../arm-none-eabi/lib/thumb/v7e-m+fp/hard\libc_nano.a(libc_a-memset.o)
                0x0800d1d0                memset
 .text.strcspn  0x0800d1e0       0x22 C:/ST/STM32CubeIDE_2.1.1/STM32CubeIDE/plugins/com.st.stm32cube.ide.mcu.externaltools.gnu-tools-for-stm32.14.3.rel1.win32_1.0.100.202602081740/tools/bin/../lib/gcc/arm-none-eabi/14.3.1/../../../../arm-none-eabi/lib/thumb/v7e-m+fp/hard\libc_nano.a(libc_a-strcspn.o)
                0x0800d1e0                strcspn
 .text.strspn   0x0800d202       0x20 C:/ST/STM32CubeIDE_2.1.1/STM32CubeIDE/plugins/com.st.stm32cube.ide.mcu.externaltools.gnu-tools-for-stm32.14.3.rel1.win32_1.0.100.202602081740/tools/bin/../lib/gcc/arm-none-eabi/14.3.1/../../../../arm-none-eabi/lib/thumb/v7e-m+fp/hard\libc_nano.a(libc_a-strspn.o)
                0x0800d202                strspn
 *fill*         0x0800d222        0x2 
 .text._close_r
                0x0800d224       0x20 C:/ST/STM32CubeIDE_2.1.1/STM32CubeIDE/plugins/com.st.stm32cube.ide.mcu.externaltools.gnu-tools-for-stm32.14.3.rel1.win32_1.0.100.202602081740/tools/bin/../lib/gcc/arm-none-eabi/14.3.1/../../../../arm-none-eabi/lib/thumb/v7e-m+fp/hard\libc_nano.a(libc_a-closer.o)
                0x0800d224                _close_r
 .text._lseek_r
                0x0800d244       0x24 C:/ST/STM32CubeIDE_2.1.1/STM32CubeIDE/plugins/com.st.stm32cube.ide.mcu.externaltools.gnu-tools-for-stm32.14.3.rel1.win32_1.0.100.202602081740/tools/bin/../lib/gcc/arm-none-eabi/14.3.1/../../../../arm-none-eabi/lib/thumb/v7e-m+fp/hard\libc_nano.a(libc_a-lseekr.o)
                0x0800d244                _lseek_r
 .text._read_r  0x0800d268       0x24 C:/ST/STM32CubeIDE_2.1.1/STM32CubeIDE/plugins/com.st.stm32cube.ide.mcu.externaltools.gnu-tools-for-stm32.14.3.rel1.win32_1.0.100.202602081740/tools/bin/../lib/gcc/arm-none-eabi/14.3.1/../../../../arm-none-eabi/lib/thumb/v7e-m+fp/hard\libc_nano.a(libc_a-readr.o)
                0x0800d268                _read_r
 .text._sbrk_r  0x0800d28c       0x20 C:/ST/STM32CubeIDE_2.1.1/STM32CubeIDE/plugins/com.st.stm32cube.ide.mcu.externaltools.gnu-tools-for-stm32.14.3.rel1.win32_1.0.100.202602081740/tools/bin/../lib/gcc/arm-none-eabi/14.3.1/../../../../arm-none-eabi/lib/thumb/v7e-m+fp/hard\libc_nano.a(libc_a-sbrkr.o)
                0x0800d28c                _sbrk_r
 .text._write_r
                0x0800d2ac       0x24 C:/ST/STM32CubeIDE_2.1.1/STM32CubeIDE/plugins/com.st.stm32cube.ide.mcu.externaltools.gnu-tools-for-stm32.14.3.rel1.win32_1.0.100.202602081740/tools/bin/../lib/gcc/arm-none-eabi/14.3.1/../../../../arm-none-eabi/lib/thumb/v7e-m+fp/hard\libc_nano.a(libc_a-writer.o)
                0x0800d2ac                _write_r
 .text.__errno  0x0800d2d0        0xc C:/ST/STM32CubeIDE_2.1.1/STM32CubeIDE/plugins/com.st.stm32cube.ide.mcu.externaltools.gnu-tools-for-stm32.14.3.rel1.win32_1.0.100.202602081740/tools/bin/../lib/gcc/arm-none-eabi/14.3.1/../../../../arm-none-eabi/lib/thumb/v7e-m+fp/hard\libc_nano.a(libc_a-errno.o)
                0x0800d2d0                __errno
 .text.__libc_init_array
                0x0800d2dc       0x48 C:/ST/STM32CubeIDE_2.1.1/STM32CubeIDE/plugins/com.st.stm32cube.ide.mcu.externaltools.gnu-tools-for-stm32.14.3.rel1.win32_1.0.100.202602081740/tools/bin/../lib/gcc/arm-none-eabi/14.3.1/../../../../arm-none-eabi/lib/thumb/v7e-m+fp/hard\libc_nano.a(libc_a-init.o)
                0x0800d2dc                __libc_init_array
 .text.__retarget_lock_init_recursive
                0x0800d324        0x2 C:/ST/STM32CubeIDE_2.1.1/STM32CubeIDE/plugins/com.st.stm32cube.ide.mcu.externaltools.gnu-tools-for-stm32.14.3.rel1.win32_1.0.100.202602081740/tools/bin/../lib/gcc/arm-none-eabi/14.3.1/../../../../arm-none-eabi/lib/thumb/v7e-m+fp/hard\libc_nano.a(libc_a-lock.o)
                0x0800d324                __retarget_lock_init_recursive
 .text.__retarget_lock_acquire_recursive
                0x0800d326        0x2 C:/ST/STM32CubeIDE_2.1.1/STM32CubeIDE/plugins/com.st.stm32cube.ide.mcu.externaltools.gnu-tools-for-stm32.14.3.rel1.win32_1.0.100.202602081740/tools/bin/../lib/gcc/arm-none-eabi/14.3.1/../../../../arm-none-eabi/lib/thumb/v7e-m+fp/hard\libc_nano.a(libc_a-lock.o)
                0x0800d326                __retarget_lock_acquire_recursive
 .text.__retarget_lock_release_recursive
                0x0800d328        0x2 C:/ST/STM32CubeIDE_2.1.1/STM32CubeIDE/plugins/com.st.stm32cube.ide.mcu.externaltools.gnu-tools-for-stm32.14.3.rel1.win32_1.0.100.202602081740/tools/bin/../lib/gcc/arm-none-eabi/14.3.1/../../../../arm-none-eabi/lib/thumb/v7e-m+fp/hard\libc_nano.a(libc_a-lock.o)
                0x0800d328                __retarget_lock_release_recursive
 .text.strcpy   0x0800d32a       0x10 C:/ST/STM32CubeIDE_2.1.1/STM32CubeIDE/plugins/com.st.stm32cube.ide.mcu.externaltools.gnu-tools-for-stm32.14.3.rel1.win32_1.0.100.202602081740/tools/bin/../lib/gcc/arm-none-eabi/14.3.1/../../../../arm-none-eabi/lib/thumb/v7e-m+fp/hard\libc_nano.a(libc_a-strcpy.o)
                0x0800d32a                strcpy
 .text.memcpy   0x0800d33a       0x1c C:/ST/STM32CubeIDE_2.1.1/STM32CubeIDE/plugins/com.st.stm32cube.ide.mcu.externaltools.gnu-tools-for-stm32.14.3.rel1.win32_1.0.100.202602081740/tools/bin/../lib/gcc/arm-none-eabi/14.3.1/../../../../arm-none-eabi/lib/thumb/v7e-m+fp/hard\libc_nano.a(libc_a-memcpy-stub.o)
                0x0800d33a                memcpy
 .text.abort    0x0800d356        0xe C:/ST/STM32CubeIDE_2.1.1/STM32CubeIDE/plugins/com.st.stm32cube.ide.mcu.externaltools.gnu-tools-for-stm32.14.3.rel1.win32_1.0.100.202602081740/tools/bin/../lib/gcc/arm-none-eabi/14.3.1/../../../../arm-none-eabi/lib/thumb/v7e-m+fp/hard\libc_nano.a(libc_a-abort.o)
                0x0800d356                abort
 .text._free_r  0x0800d364       0x94 C:/ST/STM32CubeIDE_2.1.1/STM32CubeIDE/plugins/com.st.stm32cube.ide.mcu.externaltools.gnu-tools-for-stm32.14.3.rel1.win32_1.0.100.202602081740/tools/bin/../lib/gcc/arm-none-eabi/14.3.1/../../../../arm-none-eabi/lib/thumb/v7e-m+fp/hard\libc_nano.a(libc_a-freer.o)
                0x0800d364                _free_r
 .text.__ssputs_r
                0x0800d3f8       0xc0 C:/ST/STM32CubeIDE_2.1.1/STM32CubeIDE/plugins/com.st.stm32cube.ide.mcu.externaltools.gnu-tools-for-stm32.14.3.rel1.win32_1.0.100.202602081740/tools/bin/../lib/gcc/arm-none-eabi/14.3.1/../../../../arm-none-eabi/lib/thumb/v7e-m+fp/hard\libc_nano.a(libc_a-nano-svfprintf.o)
                0x0800d3f8                __ssputs_r
 .text._svfprintf_r
                0x0800d4b8      0x1f0 C:/ST/STM32CubeIDE_2.1.1/STM32CubeIDE/plugins/com.st.stm32cube.ide.mcu.externaltools.gnu-tools-for-stm32.14.3.rel1.win32_1.0.100.202602081740/tools/bin/../lib/gcc/arm-none-eabi/14.3.1/../../../../arm-none-eabi/lib/thumb/v7e-m+fp/hard\libc_nano.a(libc_a-nano-svfprintf.o)
                0x0800d4b8                _svfiprintf_r
                0x0800d4b8                _svfprintf_r
 .text.__sfputc_r
                0x0800d6a8       0x2e C:/ST/STM32CubeIDE_2.1.1/STM32CubeIDE/plugins/com.st.stm32cube.ide.mcu.externaltools.gnu-tools-for-stm32.14.3.rel1.win32_1.0.100.202602081740/tools/bin/../lib/gcc/arm-none-eabi/14.3.1/../../../../arm-none-eabi/lib/thumb/v7e-m+fp/hard\libc_nano.a(libc_a-nano-vfprintf.o)
 .text.__sfputs_r
                0x0800d6d6       0x24 C:/ST/STM32CubeIDE_2.1.1/STM32CubeIDE/plugins/com.st.stm32cube.ide.mcu.externaltools.gnu-tools-for-stm32.14.3.rel1.win32_1.0.100.202602081740/tools/bin/../lib/gcc/arm-none-eabi/14.3.1/../../../../arm-none-eabi/lib/thumb/v7e-m+fp/hard\libc_nano.a(libc_a-nano-vfprintf.o)
                0x0800d6d6                __sfputs_r
 *fill*         0x0800d6fa        0x2 
 .text._vfprintf_r
                0x0800d6fc      0x228 C:/ST/STM32CubeIDE_2.1.1/STM32CubeIDE/plugins/com.st.stm32cube.ide.mcu.externaltools.gnu-tools-for-stm32.14.3.rel1.win32_1.0.100.202602081740/tools/bin/../lib/gcc/arm-none-eabi/14.3.1/../../../../arm-none-eabi/lib/thumb/v7e-m+fp/hard\libc_nano.a(libc_a-nano-vfprintf.o)
                0x0800d6fc                _vfprintf_r
                0x0800d6fc                _vfiprintf_r
 .text._printf_common
                0x0800d924       0xda C:/ST/STM32CubeIDE_2.1.1/STM32CubeIDE/plugins/com.st.stm32cube.ide.mcu.externaltools.gnu-tools-for-stm32.14.3.rel1.win32_1.0.100.202602081740/tools/bin/../lib/gcc/arm-none-eabi/14.3.1/../../../../arm-none-eabi/lib/thumb/v7e-m+fp/hard\libc_nano.a(libc_a-nano-vfprintf_i.o)
                0x0800d924                _printf_common
 *fill*         0x0800d9fe        0x2 
 .text._printf_i
                0x0800da00      0x24c C:/ST/STM32CubeIDE_2.1.1/STM32CubeIDE/plugins/com.st.stm32cube.ide.mcu.externaltools.gnu-tools-for-stm32.14.3.rel1.win32_1.0.100.202602081740/tools/bin/../lib/gcc/arm-none-eabi/14.3.1/../../../../arm-none-eabi/lib/thumb/v7e-m+fp/hard\libc_nano.a(libc_a-nano-vfprintf_i.o)
                0x0800da00                _printf_i
 .text.__sflush_r
                0x0800dc4c      0x104 C:/ST/STM32CubeIDE_2.1.1/STM32CubeIDE/plugins/com.st.stm32cube.ide.mcu.externaltools.gnu-tools-for-stm32.14.3.rel1.win32_1.0.100.202602081740/tools/bin/../lib/gcc/arm-none-eabi/14.3.1/../../../../arm-none-eabi/lib/thumb/v7e-m+fp/hard\libc_nano.a(libc_a-fflush.o)
                0x0800dc4c                __sflush_r
 .text._fflush_r
                0x0800dd50       0x50 C:/ST/STM32CubeIDE_2.1.1/STM32CubeIDE/plugins/com.st.stm32cube.ide.mcu.externaltools.gnu-tools-for-stm32.14.3.rel1.win32_1.0.100.202602081740/tools/bin/../lib/gcc/arm-none-eabi/14.3.1/../../../../arm-none-eabi/lib/thumb/v7e-m+fp/hard\libc_nano.a(libc_a-fflush.o)
                0x0800dd50                _fflush_r
 .text.__swhatbuf_r
                0x0800dda0       0x48 C:/ST/STM32CubeIDE_2.1.1/STM32CubeIDE/plugins/com.st.stm32cube.ide.mcu.externaltools.gnu-tools-for-stm32.14.3.rel1.win32_1.0.100.202602081740/tools/bin/../lib/gcc/arm-none-eabi/14.3.1/../../../../arm-none-eabi/lib/thumb/v7e-m+fp/hard\libc_nano.a(libc_a-makebuf.o)
                0x0800dda0                __swhatbuf_r
 .text.__smakebuf_r
                0x0800dde8       0x72 C:/ST/STM32CubeIDE_2.1.1/STM32CubeIDE/plugins/com.st.stm32cube.ide.mcu.externaltools.gnu-tools-for-stm32.14.3.rel1.win32_1.0.100.202602081740/tools/bin/../lib/gcc/arm-none-eabi/14.3.1/../../../../arm-none-eabi/lib/thumb/v7e-m+fp/hard\libc_nano.a(libc_a-makebuf.o)
                0x0800dde8                __smakebuf_r
 .text.memmove  0x0800de5a       0x32 C:/ST/STM32CubeIDE_2.1.1/STM32CubeIDE/plugins/com.st.stm32cube.ide.mcu.externaltools.gnu-tools-for-stm32.14.3.rel1.win32_1.0.100.202602081740/tools/bin/../lib/gcc/arm-none-eabi/14.3.1/../../../../arm-none-eabi/lib/thumb/v7e-m+fp/hard\libc_nano.a(libc_a-memmove.o)
                0x0800de5a                memmove
 .text._raise_r
                0x0800de8c       0x50 C:/ST/STM32CubeIDE_2.1.1/STM32CubeIDE/plugins/com.st.stm32cube.ide.mcu.externaltools.gnu-tools-for-stm32.14.3.rel1.win32_1.0.100.202602081740/tools/bin/../lib/gcc/arm-none-eabi/14.3.1/../../../../arm-none-eabi/lib/thumb/v7e-m+fp/hard\libc_nano.a(libc_a-signal.o)
                0x0800de8c                _raise_r
 .text.raise    0x0800dedc       0x10 C:/ST/STM32CubeIDE_2.1.1/STM32CubeIDE/plugins/com.st.stm32cube.ide.mcu.externaltools.gnu-tools-for-stm32.14.3.rel1.win32_1.0.100.202602081740/tools/bin/../lib/gcc/arm-none-eabi/14.3.1/../../../../arm-none-eabi/lib/thumb/v7e-m+fp/hard\libc_nano.a(libc_a-signal.o)
                0x0800dedc                raise
 .text._fstat_r
                0x0800deec       0x24 C:/ST/STM32CubeIDE_2.1.1/STM32CubeIDE/plugins/com.st.stm32cube.ide.mcu.externaltools.gnu-tools-for-stm32.14.3.rel1.win32_1.0.100.202602081740/tools/bin/../lib/gcc/arm-none-eabi/14.3.1/../../../../arm-none-eabi/lib/thumb/v7e-m+fp/hard\libc_nano.a(libc_a-fstatr.o)
                0x0800deec                _fstat_r
 .text._isatty_r
                0x0800df10       0x20 C:/ST/STM32CubeIDE_2.1.1/STM32CubeIDE/plugins/com.st.stm32cube.ide.mcu.externaltools.gnu-tools-for-stm32.14.3.rel1.win32_1.0.100.202602081740/tools/bin/../lib/gcc/arm-none-eabi/14.3.1/../../../../arm-none-eabi/lib/thumb/v7e-m+fp/hard\libc_nano.a(libc_a-isattyr.o)
                0x0800df10                _isatty_r
 .text._kill_r  0x0800df30       0x24 C:/ST/STM32CubeIDE_2.1.1/STM32CubeIDE/plugins/com.st.stm32cube.ide.mcu.externaltools.gnu-tools-for-stm32.14.3.rel1.win32_1.0.100.202602081740/tools/bin/../lib/gcc/arm-none-eabi/14.3.1/../../../../arm-none-eabi/lib/thumb/v7e-m+fp/hard\libc_nano.a(libc_a-signalr.o)
                0x0800df30                _kill_r
 .text._getpid_r
                0x0800df54        0x4 C:/ST/STM32CubeIDE_2.1.1/STM32CubeIDE/plugins/com.st.stm32cube.ide.mcu.externaltools.gnu-tools-for-stm32.14.3.rel1.win32_1.0.100.202602081740/tools/bin/../lib/gcc/arm-none-eabi/14.3.1/../../../../arm-none-eabi/lib/thumb/v7e-m+fp/hard\libc_nano.a(libc_a-signalr.o)
                0x0800df54                _getpid_r
 .text._realloc_r
                0x0800df58       0x5c C:/ST/STM32CubeIDE_2.1.1/STM32CubeIDE/plugins/com.st.stm32cube.ide.mcu.externaltools.gnu-tools-for-stm32.14.3.rel1.win32_1.0.100.202602081740/tools/bin/../lib/gcc/arm-none-eabi/14.3.1/../../../../arm-none-eabi/lib/thumb/v7e-m+fp/hard\libc_nano.a(libc_a-reallocr.o)
                0x0800df58                _realloc_r
 .text._malloc_usable_size_r
                0x0800dfb4       0x10 C:/ST/STM32CubeIDE_2.1.1/STM32CubeIDE/plugins/com.st.stm32cube.ide.mcu.externaltools.gnu-tools-for-stm32.14.3.rel1.win32_1.0.100.202602081740/tools/bin/../lib/gcc/arm-none-eabi/14.3.1/../../../../arm-none-eabi/lib/thumb/v7e-m+fp/hard\libc_nano.a(libc_a-msizer.o)
                0x0800dfb4                _malloc_usable_size_r
 *(.glue_7)
 .glue_7        0x0800dfc4        0x0 linker stubs
 *(.glue_7t)
 .glue_7t       0x0800dfc4        0x0 linker stubs
 *(.eh_frame)
 .eh_frame      0x0800dfc4        0x0 C:/ST/STM32CubeIDE_2.1.1/STM32CubeIDE/plugins/com.st.stm32cube.ide.mcu.externaltools.gnu-tools-for-stm32.14.3.rel1.win32_1.0.100.202602081740/tools/bin/../lib/gcc/arm-none-eabi/14.3.1/thumb/v7e-m+fp/hard/crtbegin.o
 *(.init)
 .init          0x0800dfc4        0x4 C:/ST/STM32CubeIDE_2.1.1/STM32CubeIDE/plugins/com.st.stm32cube.ide.mcu.externaltools.gnu-tools-for-stm32.14.3.rel1.win32_1.0.100.202602081740/tools/bin/../lib/gcc/arm-none-eabi/14.3.1/thumb/v7e-m+fp/hard/crti.o
                0x0800dfc4                _init
 .init          0x0800dfc8        0x8 C:/ST/STM32CubeIDE_2.1.1/STM32CubeIDE/plugins/com.st.stm32cube.ide.mcu.externaltools.gnu-tools-for-stm32.14.3.rel1.win32_1.0.100.202602081740/tools/bin/../lib/gcc/arm-none-eabi/14.3.1/thumb/v7e-m+fp/hard/crtn.o
 *(.fini)
 .fini          0x0800dfd0        0x4 C:/ST/STM32CubeIDE_2.1.1/STM32CubeIDE/plugins/com.st.stm32cube.ide.mcu.externaltools.gnu-tools-for-stm32.14.3.rel1.win32_1.0.100.202602081740/tools/bin/../lib/gcc/arm-none-eabi/14.3.1/thumb/v7e-m+fp/hard/crti.o
                0x0800dfd0                _fini
 .fini          0x0800dfd4        0x8 C:/ST/STM32CubeIDE_2.1.1/STM32CubeIDE/plugins/com.st.stm32cube.ide.mcu.externaltools.gnu-tools-for-stm32.14.3.rel1.win32_1.0.100.202602081740/tools/bin/../lib/gcc/arm-none-eabi/14.3.1/thumb/v7e-m+fp/hard/crtn.o
                0x0800dfdc                        . = ALIGN (0x4)
                0x0800dfdc                        _etext = .

.vfp11_veneer   0x0800dfdc        0x0
 .vfp11_veneer  0x0800dfdc        0x0 linker stubs

.v4_bx          0x0800dfdc        0x0
 .v4_bx         0x0800dfdc        0x0 linker stubs

.iplt           0x0800dfdc        0x0
 .iplt          0x0800dfdc        0x0 C:/ST/STM32CubeIDE_2.1.1/STM32CubeIDE/plugins/com.st.stm32cube.ide.mcu.externaltools.gnu-tools-for-stm32.14.3.rel1.win32_1.0.100.202602081740/tools/bin/../lib/gcc/arm-none-eabi/14.3.1/thumb/v7e-m+fp/hard/crtbegin.o

.rodata         0x0800dfdc     0x1134
                0x0800dfdc                        . = ALIGN (0x4)
 *(.rodata)
 .rodata        0x0800dfdc       0x57 ./Core/Src/file_transfer.o
 *fill*         0x0800e033        0x1 
 .rodata        0x0800e034      0xe3e ./Core/Src/lfs.o
 *fill*         0x0800ee72        0x2 
 .rodata        0x0800ee74       0x54 ./Core/Src/main.o
 *(.rodata*)
 .rodata.__func__.31
                0x0800eec8        0xc ./Core/Src/lfs.o
 .rodata.__func__.30
                0x0800eed4        0xd ./Core/Src/lfs.o
 *fill*         0x0800eee1        0x3 
 .rodata.__func__.29
                0x0800eee4        0xc ./Core/Src/lfs.o
 .rodata.__func__.28
                0x0800eef0        0xc ./Core/Src/lfs.o
 .rodata.__func__.27
                0x0800eefc        0xd ./Core/Src/lfs.o
 *fill*         0x0800ef09        0x3 
 .rodata.__func__.26
                0x0800ef0c       0x11 ./Core/Src/lfs.o
 *fill*         0x0800ef1d        0x3 
 .rodata.__func__.25
                0x0800ef20       0x11 ./Core/Src/lfs.o
 *fill*         0x0800ef31        0x3 
 .rodata.__func__.24
                0x0800ef34       0x10 ./Core/Src/lfs.o
 .rodata.__func__.23
                0x0800ef44       0x19 ./Core/Src/lfs.o
 *fill*         0x0800ef5d        0x3 
 .rodata.__func__.22
                0x0800ef60       0x18 ./Core/Src/lfs.o
 .rodata.defaults.21
                0x0800ef78        0xc ./Core/Src/lfs.o
 .rodata.__func__.20
                0x0800ef84        0xf ./Core/Src/lfs.o
 *fill*         0x0800ef93        0x1 
 .rodata.__func__.19
                0x0800ef94       0x10 ./Core/Src/lfs.o
 .rodata.__func__.15
                0x0800efa4        0x9 ./Core/Src/lfs.o
 *fill*         0x0800efad        0x3 
 .rodata.__func__.14
                0x0800efb0        0xc ./Core/Src/lfs.o
 .rodata.__func__.13
                0x0800efbc       0x13 ./Core/Src/lfs.o
 *fill*         0x0800efcf        0x1 
 .rodata.__func__.12
                0x0800efd0        0xe ./Core/Src/lfs.o
 *fill*         0x0800efde        0x2 
 .rodata.__func__.10
                0x0800efe0        0xe ./Core/Src/lfs.o
 *fill*         0x0800efee        0x2 
 .rodata.__func__.8
                0x0800eff0        0xf ./Core/Src/lfs.o
 *fill*         0x0800efff        0x1 
 .rodata.__func__.6
                0x0800f000        0xe ./Core/Src/lfs.o
 *fill*         0x0800f00e        0x2 
 .rodata.__func__.5
                0x0800f010        0xf ./Core/Src/lfs.o
 *fill*         0x0800f01f        0x1 
 .rodata.__func__.1
                0x0800f020        0xe ./Core/Src/lfs.o
 *fill*         0x0800f02e        0x2 
 .rodata.__func__.0
                0x0800f030        0xd ./Core/Src/lfs.o
 *fill*         0x0800f03d        0x3 
 .rodata.rtable.0
                0x0800f040       0x40 ./Core/Src/lfs_util.o
 .rodata.AHBPrescTable
                0x0800f080       0x10 ./Core/Src/system_stm32f4xx.o
                0x0800f080                AHBPrescTable
 .rodata.APBPrescTable
                0x0800f090        0x8 ./Core/Src/system_stm32f4xx.o
                0x0800f090                APBPrescTable
 .rodata.flagBitshiftOffset.0
                0x0800f098        0x8 ./Drivers/STM32F4xx_HAL_Driver/Src/stm32f4xx_hal_dma.o
 .rodata.__assert_func.str1.1
                0x0800f0a0       0x6f C:/ST/STM32CubeIDE_2.1.1/STM32CubeIDE/plugins/com.st.stm32cube.ide.mcu.externaltools.gnu-tools-for-stm32.14.3.rel1.win32_1.0.100.202602081740/tools/bin/../lib/gcc/arm-none-eabi/14.3.1/../../../../arm-none-eabi/lib/thumb/v7e-m+fp/hard\libc_nano.a(libc_a-assert.o)
                                 0x3d (size before relaxing)
 .rodata._svfprintf_r.str1.1
                0x0800f10f       0x11 C:/ST/STM32CubeIDE_2.1.1/STM32CubeIDE/plugins/com.st.stm32cube.ide.mcu.externaltools.gnu-tools-for-stm32.14.3.rel1.win32_1.0.100.202602081740/tools/bin/../lib/gcc/arm-none-eabi/14.3.1/../../../../arm-none-eabi/lib/thumb/v7e-m+fp/hard\libc_nano.a(libc_a-nano-svfprintf.o)
 .rodata._vfprintf_r.str1.1
                0x0800f10f       0x11 C:/ST/STM32CubeIDE_2.1.1/STM32CubeIDE/plugins/com.st.stm32cube.ide.mcu.externaltools.gnu-tools-for-stm32.14.3.rel1.win32_1.0.100.202602081740/tools/bin/../lib/gcc/arm-none-eabi/14.3.1/../../../../arm-none-eabi/lib/thumb/v7e-m+fp/hard\libc_nano.a(libc_a-nano-vfprintf.o)
 .rodata._printf_i.str1.1
                0x0800f10f       0x22 C:/ST/STM32CubeIDE_2.1.1/STM32CubeIDE/plugins/com.st.stm32cube.ide.mcu.externaltools.gnu-tools-for-stm32.14.3.rel1.win32_1.0.100.202602081740/tools/bin/../lib/gcc/arm-none-eabi/14.3.1/../../../../arm-none-eabi/lib/thumb/v7e-m+fp/hard\libc_nano.a(libc_a-nano-vfprintf_i.o)
                0x0800f134                        . = ALIGN (0x4)
 *fill*         0x0800f10f        0x1 

.ARM.extab      0x0800f110        0x0
                0x0800f110                        . = ALIGN (0x4)
 *(.ARM.extab* .gnu.linkonce.armextab.*)
                0x0800f110                        . = ALIGN (0x4)

.ARM            0x0800f110        0x8
                0x0800f110                        . = ALIGN (0x4)
                0x0800f110                        __exidx_start = .
 *(.ARM.exidx*)
 .ARM.exidx     0x0800f110        0x8 C:/ST/STM32CubeIDE_2.1.1/STM32CubeIDE/plugins/com.st.stm32cube.ide.mcu.externaltools.gnu-tools-for-stm32.14.3.rel1.win32_1.0.100.202602081740/tools/bin/../lib/gcc/arm-none-eabi/14.3.1/../../../../arm-none-eabi/lib/thumb/v7e-m+fp/hard\libc_nano.a(libc_a-strlen.o)
 .ARM.exidx     0x0800f118        0x0 C:/ST/STM32CubeIDE_2.1.1/STM32CubeIDE/plugins/com.st.stm32cube.ide.mcu.externaltools.gnu-tools-for-stm32.14.3.rel1.win32_1.0.100.202602081740/tools/bin/../lib/gcc/arm-none-eabi/14.3.1/../../../../arm-none-eabi/lib/thumb/v7e-m+fp/hard\libc_nano.a(libc_a-memchr.o)
                                  0x8 (size before relaxing)
 .ARM.exidx     0x0800f118        0x0 C:/ST/STM32CubeIDE_2.1.1/STM32CubeIDE/plugins/com.st.stm32cube.ide.mcu.externaltools.gnu-tools-for-stm32.14.3.rel1.win32_1.0.100.202602081740/tools/bin/../lib/gcc/arm-none-eabi/14.3.1/thumb/v7e-m+fp/hard\libgcc.a(_udivmoddi4.o)
                                  0x8 (size before relaxing)
                0x0800f118                        __exidx_end = .
                0x0800f118                        . = ALIGN (0x4)

.preinit_array  0x0800f118        0x0
                0x0800f118                        . = ALIGN (0x4)
                0x0800f118                        PROVIDE (__preinit_array_start = .)
 *(.preinit_array*)
                0x0800f118                        PROVIDE (__preinit_array_end = .)
                0x0800f118                        . = ALIGN (0x4)

.init_array     0x0800f118        0x4
                0x0800f118                        . = ALIGN (0x4)
                0x0800f118                        PROVIDE (__init_array_start = .)
 *(SORT_BY_NAME(.init_array.*))
 *(.init_array*)
 .init_array    0x0800f118        0x4 C:/ST/STM32CubeIDE_2.1.1/STM32CubeIDE/plugins/com.st.stm32cube.ide.mcu.externaltools.gnu-tools-for-stm32.14.3.rel1.win32_1.0.100.202602081740/tools/bin/../lib/gcc/arm-none-eabi/14.3.1/thumb/v7e-m+fp/hard/crtbegin.o
                0x0800f11c                        PROVIDE (__init_array_end = .)
                0x0800f11c                        . = ALIGN (0x4)

.fini_array     0x0800f11c        0x4
                0x0800f11c                        . = ALIGN (0x4)
                [!provide]                        PROVIDE (__fini_array_start = .)
 *(SORT_BY_NAME(.fini_array.*))
 *(.fini_array*)
 .fini_array    0x0800f11c        0x4 C:/ST/STM32CubeIDE_2.1.1/STM32CubeIDE/plugins/com.st.stm32cube.ide.mcu.externaltools.gnu-tools-for-stm32.14.3.rel1.win32_1.0.100.202602081740/tools/bin/../lib/gcc/arm-none-eabi/14.3.1/thumb/v7e-m+fp/hard/crtbegin.o
                [!provide]                        PROVIDE (__fini_array_end = .)
                0x0800f120                        . = ALIGN (0x4)
                0x0800f120                        _sidata = LOADADDR (.data)

.rel.dyn        0x0800f120        0x0
 .rel.iplt      0x0800f120        0x0 C:/ST/STM32CubeIDE_2.1.1/STM32CubeIDE/plugins/com.st.stm32cube.ide.mcu.externaltools.gnu-tools-for-stm32.14.3.rel1.win32_1.0.100.202602081740/tools/bin/../lib/gcc/arm-none-eabi/14.3.1/thumb/v7e-m+fp/hard/crtbegin.o

.data           0x20000000       0xbc load address 0x0800f120
                0x20000000                        . = ALIGN (0x4)
                0x20000000                        _sdata = .
 *(.data)
 *(.data*)
 .data.cfg      0x20000000       0x54 ./Core/Src/main.o
                0x20000000                cfg
 .data.SystemCoreClock
                0x20000054        0x4 ./Core/Src/system_stm32f4xx.o
                0x20000054                SystemCoreClock
 .data.uwTickPrio
                0x20000058        0x4 ./Drivers/STM32F4xx_HAL_Driver/Src/stm32f4xx_hal.o
                0x20000058                uwTickPrio
 .data.uwTickFreq
                0x2000005c        0x1 ./Drivers/STM32F4xx_HAL_Driver/Src/stm32f4xx_hal.o
                0x2000005c                uwTickFreq
 *fill*         0x2000005d        0x3 
 .data.__sglue  0x20000060        0xc C:/ST/STM32CubeIDE_2.1.1/STM32CubeIDE/plugins/com.st.stm32cube.ide.mcu.externaltools.gnu-tools-for-stm32.14.3.rel1.win32_1.0.100.202602081740/tools/bin/../lib/gcc/arm-none-eabi/14.3.1/../../../../arm-none-eabi/lib/thumb/v7e-m+fp/hard\libc_nano.a(libc_a-findfp.o)
                0x20000060                __sglue
 .data._impure_ptr
                0x2000006c        0x4 C:/ST/STM32CubeIDE_2.1.1/STM32CubeIDE/plugins/com.st.stm32cube.ide.mcu.externaltools.gnu-tools-for-stm32.14.3.rel1.win32_1.0.100.202602081740/tools/bin/../lib/gcc/arm-none-eabi/14.3.1/../../../../arm-none-eabi/lib/thumb/v7e-m+fp/hard\libc_nano.a(libc_a-impure.o)
                0x2000006c                _impure_ptr
 .data._impure_data
                0x20000070       0x4c C:/ST/STM32CubeIDE_2.1.1/STM32CubeIDE/plugins/com.st.stm32cube.ide.mcu.externaltools.gnu-tools-for-stm32.14.3.rel1.win32_1.0.100.202602081740/tools/bin/../lib/gcc/arm-none-eabi/14.3.1/../../../../arm-none-eabi/lib/thumb/v7e-m+fp/hard\libc_nano.a(libc_a-impure.o)
                0x20000070                _impure_data
 *(.RamFunc)
 *(.RamFunc*)
                0x200000bc                        . = ALIGN (0x4)
                0x200000bc                        _edata = .
                0x0800f1dc                        _siccmram = LOADADDR (.ccmram)

.igot.plt       0x200000bc        0x0 load address 0x0800f1dc
 .igot.plt      0x200000bc        0x0 C:/ST/STM32CubeIDE_2.1.1/STM32CubeIDE/plugins/com.st.stm32cube.ide.mcu.externaltools.gnu-tools-for-stm32.14.3.rel1.win32_1.0.100.202602081740/tools/bin/../lib/gcc/arm-none-eabi/14.3.1/thumb/v7e-m+fp/hard/crtbegin.o

.ccmram         0x10000000        0x0 load address 0x0800f1dc
                0x10000000                        . = ALIGN (0x4)
                0x10000000                        _sccmram = .
 *(.ccmram)
 *(.ccmram*)
                0x10000000                        . = ALIGN (0x4)
                0x10000000                        _eccmram = .
                0x10000000                        . = ALIGN (0x4)

.bss            0x200000bc     0x1218
                0x200000bc                        _sbss = .
                0x200000bc                        __bss_start__ = _sbss
 *(.bss)
 .bss           0x200000bc       0x1c C:/ST/STM32CubeIDE_2.1.1/STM32CubeIDE/plugins/com.st.stm32cube.ide.mcu.externaltools.gnu-tools-for-stm32.14.3.rel1.win32_1.0.100.202602081740/tools/bin/../lib/gcc/arm-none-eabi/14.3.1/thumb/v7e-m+fp/hard/crtbegin.o
 *(.bss*)
 .bss.state     0x200000d8        0x1 ./Core/Src/file_transfer.o
 *fill*         0x200000d9        0x3 
 .bss.header    0x200000dc        0x5 ./Core/Src/file_transfer.o
 .bss.header_index
                0x200000e1        0x1 ./Core/Src/file_transfer.o
 *fill*         0x200000e2        0x2 
 .bss.payload   0x200000e4      0x400 ./Core/Src/file_transfer.o
 .bss.payload_index
                0x200004e4        0x2 ./Core/Src/file_transfer.o
 .bss.packet_type
                0x200004e6        0x1 ./Core/Src/file_transfer.o
 *fill*         0x200004e7        0x1 
 .bss.packet_seq
                0x200004e8        0x2 ./Core/Src/file_transfer.o
 .bss.payload_len
                0x200004ea        0x2 ./Core/Src/file_transfer.o
 .bss.rx_crc    0x200004ec        0x2 ./Core/Src/file_transfer.o
 .bss.calc_crc  0x200004ee        0x2 ./Core/Src/file_transfer.o
 .bss.expected_seq
                0x200004f0        0x2 ./Core/Src/file_transfer.o
 *fill*         0x200004f2        0x2 
 .bss.file_size
                0x200004f4        0x4 ./Core/Src/file_transfer.o
 .bss.file_crc  0x200004f8        0x4 ./Core/Src/file_transfer.o
 .bss.filename  0x200004fc       0x40 ./Core/Src/file_transfer.o
 .bss.hspi2     0x2000053c       0x58 ./Core/Src/main.o
                0x2000053c                hspi2
 .bss.huart1    0x20000594       0x48 ./Core/Src/main.o
                0x20000594                huart1
 .bss.huart3    0x200005dc       0x48 ./Core/Src/main.o
                0x200005dc                huart3
 .bss.hdma_usart3_rx
                0x20000624       0x60 ./Core/Src/main.o
                0x20000624                hdma_usart3_rx
 .bss.hdma_usart3_tx
                0x20000684       0x60 ./Core/Src/main.o
                0x20000684                hdma_usart3_tx
 .bss.lfs       0x200006e4       0x80 ./Core/Src/main.o
                0x200006e4                lfs
 .bss.file1     0x20000764       0x54 ./Core/Src/main.o
                0x20000764                file1
 .bss.dir       0x200007b8       0x34 ./Core/Src/main.o
                0x200007b8                dir
 .bss.info      0x200007ec      0x108 ./Core/Src/main.o
                0x200007ec                info
 .bss.uart3_rx_dma
                0x200008f4      0x400 ./Core/Src/main.o
                0x200008f4                uart3_rx_dma
 .bss.flhdl     0x20000cf4      0x48a ./Core/Src/main.o
                0x20000cf4                flhdl
 *fill*         0x2000117e        0x2 
 .bss.__sbrk_heap_end
                0x20001180        0x4 ./Core/Src/sysmem.o
 .bss.uwTick    0x20001184        0x4 ./Drivers/STM32F4xx_HAL_Driver/Src/stm32f4xx_hal.o
                0x20001184                uwTick
 .bss.__malloc_sbrk_start
                0x20001188        0x4 C:/ST/STM32CubeIDE_2.1.1/STM32CubeIDE/plugins/com.st.stm32cube.ide.mcu.externaltools.gnu-tools-for-stm32.14.3.rel1.win32_1.0.100.202602081740/tools/bin/../lib/gcc/arm-none-eabi/14.3.1/../../../../arm-none-eabi/lib/thumb/v7e-m+fp/hard\libc_nano.a(libc_a-mallocr.o)
                0x20001188                __malloc_sbrk_start
 .bss.__malloc_free_list
                0x2000118c        0x4 C:/ST/STM32CubeIDE_2.1.1/STM32CubeIDE/plugins/com.st.stm32cube.ide.mcu.externaltools.gnu-tools-for-stm32.14.3.rel1.win32_1.0.100.202602081740/tools/bin/../lib/gcc/arm-none-eabi/14.3.1/../../../../arm-none-eabi/lib/thumb/v7e-m+fp/hard\libc_nano.a(libc_a-mallocr.o)
                0x2000118c                __malloc_free_list
 .bss.__sf      0x20001190      0x138 C:/ST/STM32CubeIDE_2.1.1/STM32CubeIDE/plugins/com.st.stm32cube.ide.mcu.externaltools.gnu-tools-for-stm32.14.3.rel1.win32_1.0.100.202602081740/tools/bin/../lib/gcc/arm-none-eabi/14.3.1/../../../../arm-none-eabi/lib/thumb/v7e-m+fp/hard\libc_nano.a(libc_a-findfp.o)
                0x20001190                __sf
 .bss.__stdio_exit_handler
                0x200012c8        0x4 C:/ST/STM32CubeIDE_2.1.1/STM32CubeIDE/plugins/com.st.stm32cube.ide.mcu.externaltools.gnu-tools-for-stm32.14.3.rel1.win32_1.0.100.202602081740/tools/bin/../lib/gcc/arm-none-eabi/14.3.1/../../../../arm-none-eabi/lib/thumb/v7e-m+fp/hard\libc_nano.a(libc_a-findfp.o)
                0x200012c8                __stdio_exit_handler
 .bss.errno     0x200012cc        0x4 C:/ST/STM32CubeIDE_2.1.1/STM32CubeIDE/plugins/com.st.stm32cube.ide.mcu.externaltools.gnu-tools-for-stm32.14.3.rel1.win32_1.0.100.202602081740/tools/bin/../lib/gcc/arm-none-eabi/14.3.1/../../../../arm-none-eabi/lib/thumb/v7e-m+fp/hard\libc_nano.a(libc_a-reent.o)
                0x200012cc                errno
 .bss.__lock___malloc_recursive_mutex
                0x200012d0        0x1 C:/ST/STM32CubeIDE_2.1.1/STM32CubeIDE/plugins/com.st.stm32cube.ide.mcu.externaltools.gnu-tools-for-stm32.14.3.rel1.win32_1.0.100.202602081740/tools/bin/../lib/gcc/arm-none-eabi/14.3.1/../../../../arm-none-eabi/lib/thumb/v7e-m+fp/hard\libc_nano.a(libc_a-lock.o)
                0x200012d0                __lock___malloc_recursive_mutex
 .bss.__lock___sfp_recursive_mutex
                0x200012d1        0x1 C:/ST/STM32CubeIDE_2.1.1/STM32CubeIDE/plugins/com.st.stm32cube.ide.mcu.externaltools.gnu-tools-for-stm32.14.3.rel1.win32_1.0.100.202602081740/tools/bin/../lib/gcc/arm-none-eabi/14.3.1/../../../../arm-none-eabi/lib/thumb/v7e-m+fp/hard\libc_nano.a(libc_a-lock.o)
                0x200012d1                __lock___sfp_recursive_mutex
 *(COMMON)
                0x200012d4                        . = ALIGN (0x4)
 *fill*         0x200012d2        0x2 
                0x200012d4                        _ebss = .
                0x200012d4                        __bss_end__ = _ebss

._user_heap_stack
                0x200012d4     0x6004
                0x200012d8                        . = ALIGN (0x8)
 *fill*         0x200012d4        0x4 
                [!provide]                        PROVIDE (end = .)
                0x200012d8                        PROVIDE (_end = .)
                0x200032d8                        . = (. + _Min_Heap_Size)
 *fill*         0x200012d8     0x2000 
                0x200072d8                        . = (. + _Min_Stack_Size)
 *fill*         0x200032d8     0x4000 
                0x200072d8                        . = ALIGN (0x8)

/DISCARD/
 libc.a(*)
 libm.a(*)
 libgcc.a(*)

.ARM.attributes
                0x00000000       0x30
 *(.ARM.attributes)
 .ARM.attributes
                0x00000000       0x22 C:/ST/STM32CubeIDE_2.1.1/STM32CubeIDE/plugins/com.st.stm32cube.ide.mcu.externaltools.gnu-tools-for-stm32.14.3.rel1.win32_1.0.100.202602081740/tools/bin/../lib/gcc/arm-none-eabi/14.3.1/thumb/v7e-m+fp/hard/crti.o
 .ARM.attributes
                0x00000022       0x34 C:/ST/STM32CubeIDE_2.1.1/STM32CubeIDE/plugins/com.st.stm32cube.ide.mcu.externaltools.gnu-tools-for-stm32.14.3.rel1.win32_1.0.100.202602081740/tools/bin/../lib/gcc/arm-none-eabi/14.3.1/thumb/v7e-m+fp/hard/crtbegin.o
 .ARM.attributes
                0x00000056       0x34 ./Core/Src/W25Qxx.o
 .ARM.attributes
                0x0000008a       0x34 ./Core/Src/file_transfer.o
 .ARM.attributes
                0x000000be       0x34 ./Core/Src/lfs.o
 .ARM.attributes
                0x000000f2       0x34 ./Core/Src/lfs_util.o
 .ARM.attributes
                0x00000126       0x34 ./Core/Src/main.o
 .ARM.attributes
                0x0000015a       0x34 ./Core/Src/stm32f4xx_hal_msp.o
 .ARM.attributes
                0x0000018e       0x34 ./Core/Src/stm32f4xx_it.o
 .ARM.attributes
                0x000001c2       0x34 ./Core/Src/syscalls.o
 .ARM.attributes
                0x000001f6       0x34 ./Core/Src/sysmem.o
 .ARM.attributes
                0x0000022a       0x34 ./Core/Src/system_stm32f4xx.o
 .ARM.attributes
                0x0000025e       0x21 ./Core/Startup/startup_stm32f407zgtx.o
 .ARM.attributes
                0x0000027f       0x34 ./Drivers/STM32F4xx_HAL_Driver/Src/stm32f4xx_hal.o
 .ARM.attributes
                0x000002b3       0x34 ./Drivers/STM32F4xx_HAL_Driver/Src/stm32f4xx_hal_cortex.o
 .ARM.attributes
                0x000002e7       0x34 ./Drivers/STM32F4xx_HAL_Driver/Src/stm32f4xx_hal_dma.o
 .ARM.attributes
                0x0000031b       0x34 ./Drivers/STM32F4xx_HAL_Driver/Src/stm32f4xx_hal_gpio.o
 .ARM.attributes
                0x0000034f       0x34 ./Drivers/STM32F4xx_HAL_Driver/Src/stm32f4xx_hal_rcc.o
 .ARM.attributes
                0x00000383       0x34 ./Drivers/STM32F4xx_HAL_Driver/Src/stm32f4xx_hal_spi.o
 .ARM.attributes
                0x000003b7       0x34 ./Drivers/STM32F4xx_HAL_Driver/Src/stm32f4xx_hal_uart.o
 .ARM.attributes
                0x000003eb       0x34 C:/ST/STM32CubeIDE_2.1.1/STM32CubeIDE/plugins/com.st.stm32cube.ide.mcu.externaltools.gnu-tools-for-stm32.14.3.rel1.win32_1.0.100.202602081740/tools/bin/../lib/gcc/arm-none-eabi/14.3.1/../../../../arm-none-eabi/lib/thumb/v7e-m+fp/hard\libc_nano.a(libc_a-assert.o)
 .ARM.attributes
                0x0000041f       0x34 C:/ST/STM32CubeIDE_2.1.1/STM32CubeIDE/plugins/com.st.stm32cube.ide.mcu.externaltools.gnu-tools-for-stm32.14.3.rel1.win32_1.0.100.202602081740/tools/bin/../lib/gcc/arm-none-eabi/14.3.1/../../../../arm-none-eabi/lib/thumb/v7e-m+fp/hard\libc_nano.a(libc_a-malloc.o)
 .ARM.attributes
                0x00000453       0x34 C:/ST/STM32CubeIDE_2.1.1/STM32CubeIDE/plugins/com.st.stm32cube.ide.mcu.externaltools.gnu-tools-for-stm32.14.3.rel1.win32_1.0.100.202602081740/tools/bin/../lib/gcc/arm-none-eabi/14.3.1/../../../../arm-none-eabi/lib/thumb/v7e-m+fp/hard\libc_nano.a(libc_a-mallocr.o)
 .ARM.attributes
                0x00000487       0x34 C:/ST/STM32CubeIDE_2.1.1/STM32CubeIDE/plugins/com.st.stm32cube.ide.mcu.externaltools.gnu-tools-for-stm32.14.3.rel1.win32_1.0.100.202602081740/tools/bin/../lib/gcc/arm-none-eabi/14.3.1/../../../../arm-none-eabi/lib/thumb/v7e-m+fp/hard\libc_nano.a(libc_a-mlock.o)
 .ARM.attributes
                0x000004bb       0x34 C:/ST/STM32CubeIDE_2.1.1/STM32CubeIDE/plugins/com.st.stm32cube.ide.mcu.externaltools.gnu-tools-for-stm32.14.3.rel1.win32_1.0.100.202602081740/tools/bin/../lib/gcc/arm-none-eabi/14.3.1/../../../../arm-none-eabi/lib/thumb/v7e-m+fp/hard\libc_nano.a(libc_a-findfp.o)
 .ARM.attributes
                0x000004ef       0x34 C:/ST/STM32CubeIDE_2.1.1/STM32CubeIDE/plugins/com.st.stm32cube.ide.mcu.externaltools.gnu-tools-for-stm32.14.3.rel1.win32_1.0.100.202602081740/tools/bin/../lib/gcc/arm-none-eabi/14.3.1/../../../../arm-none-eabi/lib/thumb/v7e-m+fp/hard\libc_nano.a(libc_a-fprintf.o)
 .ARM.attributes
                0x00000523       0x34 C:/ST/STM32CubeIDE_2.1.1/STM32CubeIDE/plugins/com.st.stm32cube.ide.mcu.externaltools.gnu-tools-for-stm32.14.3.rel1.win32_1.0.100.202602081740/tools/bin/../lib/gcc/arm-none-eabi/14.3.1/../../../../arm-none-eabi/lib/thumb/v7e-m+fp/hard\libc_nano.a(libc_a-fwalk.o)
 .ARM.attributes
                0x00000557       0x34 C:/ST/STM32CubeIDE_2.1.1/STM32CubeIDE/plugins/com.st.stm32cube.ide.mcu.externaltools.gnu-tools-for-stm32.14.3.rel1.win32_1.0.100.202602081740/tools/bin/../lib/gcc/arm-none-eabi/14.3.1/../../../../arm-none-eabi/lib/thumb/v7e-m+fp/hard\libc_nano.a(libc_a-printf.o)
 .ARM.attributes
                0x0000058b       0x34 C:/ST/STM32CubeIDE_2.1.1/STM32CubeIDE/plugins/com.st.stm32cube.ide.mcu.externaltools.gnu-tools-for-stm32.14.3.rel1.win32_1.0.100.202602081740/tools/bin/../lib/gcc/arm-none-eabi/14.3.1/../../../../arm-none-eabi/lib/thumb/v7e-m+fp/hard\libc_nano.a(libc_a-puts.o)
 .ARM.attributes
                0x000005bf       0x34 C:/ST/STM32CubeIDE_2.1.1/STM32CubeIDE/plugins/com.st.stm32cube.ide.mcu.externaltools.gnu-tools-for-stm32.14.3.rel1.win32_1.0.100.202602081740/tools/bin/../lib/gcc/arm-none-eabi/14.3.1/../../../../arm-none-eabi/lib/thumb/v7e-m+fp/hard\libc_nano.a(libc_a-sprintf.o)
 .ARM.attributes
                0x000005f3       0x34 C:/ST/STM32CubeIDE_2.1.1/STM32CubeIDE/plugins/com.st.stm32cube.ide.mcu.externaltools.gnu-tools-for-stm32.14.3.rel1.win32_1.0.100.202602081740/tools/bin/../lib/gcc/arm-none-eabi/14.3.1/../../../../arm-none-eabi/lib/thumb/v7e-m+fp/hard\libc_nano.a(libc_a-stdio.o)
 .ARM.attributes
                0x00000627       0x34 C:/ST/STM32CubeIDE_2.1.1/STM32CubeIDE/plugins/com.st.stm32cube.ide.mcu.externaltools.gnu-tools-for-stm32.14.3.rel1.win32_1.0.100.202602081740/tools/bin/../lib/gcc/arm-none-eabi/14.3.1/../../../../arm-none-eabi/lib/thumb/v7e-m+fp/hard\libc_nano.a(libc_a-wbuf.o)
 .ARM.attributes
                0x0000065b       0x34 C:/ST/STM32CubeIDE_2.1.1/STM32CubeIDE/plugins/com.st.stm32cube.ide.mcu.externaltools.gnu-tools-for-stm32.14.3.rel1.win32_1.0.100.202602081740/tools/bin/../lib/gcc/arm-none-eabi/14.3.1/../../../../arm-none-eabi/lib/thumb/v7e-m+fp/hard\libc_nano.a(libc_a-wsetup.o)
 .ARM.attributes
                0x0000068f       0x34 C:/ST/STM32CubeIDE_2.1.1/STM32CubeIDE/plugins/com.st.stm32cube.ide.mcu.externaltools.gnu-tools-for-stm32.14.3.rel1.win32_1.0.100.202602081740/tools/bin/../lib/gcc/arm-none-eabi/14.3.1/../../../../arm-none-eabi/lib/thumb/v7e-m+fp/hard\libc_nano.a(libc_a-memcmp.o)
 .ARM.attributes
                0x000006c3       0x34 C:/ST/STM32CubeIDE_2.1.1/STM32CubeIDE/plugins/com.st.stm32cube.ide.mcu.externaltools.gnu-tools-for-stm32.14.3.rel1.win32_1.0.100.202602081740/tools/bin/../lib/gcc/arm-none-eabi/14.3.1/../../../../arm-none-eabi/lib/thumb/v7e-m+fp/hard\libc_nano.a(libc_a-memset.o)
 .ARM.attributes
                0x000006f7       0x34 C:/ST/STM32CubeIDE_2.1.1/STM32CubeIDE/plugins/com.st.stm32cube.ide.mcu.externaltools.gnu-tools-for-stm32.14.3.rel1.win32_1.0.100.202602081740/tools/bin/../lib/gcc/arm-none-eabi/14.3.1/../../../../arm-none-eabi/lib/thumb/v7e-m+fp/hard\libc_nano.a(libc_a-strcspn.o)
 .ARM.attributes
                0x0000072b       0x34 C:/ST/STM32CubeIDE_2.1.1/STM32CubeIDE/plugins/com.st.stm32cube.ide.mcu.externaltools.gnu-tools-for-stm32.14.3.rel1.win32_1.0.100.202602081740/tools/bin/../lib/gcc/arm-none-eabi/14.3.1/../../../../arm-none-eabi/lib/thumb/v7e-m+fp/hard\libc_nano.a(libc_a-strspn.o)
 .ARM.attributes
                0x0000075f       0x34 C:/ST/STM32CubeIDE_2.1.1/STM32CubeIDE/plugins/com.st.stm32cube.ide.mcu.externaltools.gnu-tools-for-stm32.14.3.rel1.win32_1.0.100.202602081740/tools/bin/../lib/gcc/arm-none-eabi/14.3.1/../../../../arm-none-eabi/lib/thumb/v7e-m+fp/hard\libc_nano.a(libc_a-closer.o)
 .ARM.attributes
                0x00000793       0x34 C:/ST/STM32CubeIDE_2.1.1/STM32CubeIDE/plugins/com.st.stm32cube.ide.mcu.externaltools.gnu-tools-for-stm32.14.3.rel1.win32_1.0.100.202602081740/tools/bin/../lib/gcc/arm-none-eabi/14.3.1/../../../../arm-none-eabi/lib/thumb/v7e-m+fp/hard\libc_nano.a(libc_a-reent.o)
 .ARM.attributes